<html>
<body>
<pre>
<h1>µVision Build Log</h1>
<h2>Tool Versions:</h2>
IDE-Version: ¦ÌVision V5.43.1.0
Copyright (C) 2025 ARM Ltd and ARM Germany GmbH. All rights reserved.
License Information: hai l3098419296@163.com, hai, LIC=8VRJ7-EVVWF-BSHYX-H487D-6LJ2V-9GC1Y
 
Tool Versions:
Toolchain:       MDK-ARM Plus  Version: 5.43.0.0
Toolchain Path:  D:\Keil5\ARM\ARMCC\Bin
C Compiler:      Armcc.exe V5.06 update 5 (build 528)
Assembler:       Armasm.exe V5.06 update 5 (build 528)
Linker/Locator:  ArmLink.exe V5.06 update 5 (build 528)
Library Manager: ArmAr.exe V5.06 update 5 (build 528)
Hex Converter:   FromElf.exe V5.06 update 5 (build 528)
CPU DLL:         SARMCM3.DLL V5.43.0.0
Dialog DLL:      DCM.DLL V1.17.5.0
Target DLL:      STLink\ST-LINKIII-KEIL_SWO.dll V3.3.1.0
Dialog DLL:      TCM.DLL V1.56.6.0
 
<h2>Project:</h2>
C:\Users\l3098\OneDrive\Desktop\MITgit\MIT_Cheetah_Cube_HAL_C\MDK-ARM\MIT_Cheetah_Cube_HAL_C.uvprojx
Project File Date:  09/02/2026

<h2>Output:</h2>
*** Using Compiler 'V5.06 update 5 (build 528)', folder: 'D:\Keil5\ARM\ARMCC\Bin'
Build target 'MIT_Cheetah_Cube_HAL_C'
compiling CAN_com.c...
..\User\Protocol\CAN_com.h(11): warning:  #1-D: last line of file ends without a newline
  #endif
..\User\Common\math_ops.h(21): warning:  #1-D: last line of file ends without a newline
  #endif
..\User\Protocol\CAN_com.c: 2 warnings, 0 errors
linking...
Program Size: Code=7290 RO-data=510 RW-data=28 ZI-data=1908  
FromELF: creating hex file...
"MIT_Cheetah_Cube_HAL_C\MIT_Cheetah_Cube_HAL_C.axf" - 0 Error(s), 2 Warning(s).

<h2>Software Packages used:</h2>

Package Vendor: ARM
                https://www.keil.com/pack/ARM.CMSIS.6.3.0.pack
                ARM::CMSIS@6.3.0
                CMSIS (Common Microcontroller Software Interface Standard)
   * Component: CORE Version: 6.2.0

Package Vendor: Keil
                https://www.keil.com/pack/Keil.STM32F4xx_DFP.3.1.1.pack
                Keil::STM32F4xx_DFP@3.1.1
                STMicroelectronics STM32F4 Series Device Support

<h2>Collection of Component include folders:</h2>
  ./RTE/_MIT_Cheetah_Cube_HAL_C
  D:/Keil5/ARM/CMSIS/6.3.0/CMSIS/Core/Include

<h2>Collection of Component Files used:</h2>

   * Component: ARM::CMSIS:CORE@6.2.0
      Include file:  CMSIS/Core/Include/tz_context.h
Build Time Elapsed:  00:00:00
</pre>
</body>
</html>
