Component: ARM Compiler 5.06 update 5 (build 528) Tool: armlink [4d35e2]

==============================================================================

Section Cross References

    startup_stm32f446xx.o(STACK) refers (Special) to heapauxi.o(.text) for __use_two_region_memory
    startup_stm32f446xx.o(HEAP) refers (Special) to heapauxi.o(.text) for __use_two_region_memory
    startup_stm32f446xx.o(RESET) refers (Special) to heapauxi.o(.text) for __use_two_region_memory
    startup_stm32f446xx.o(RESET) refers to startup_stm32f446xx.o(STACK) for __initial_sp
    startup_stm32f446xx.o(RESET) refers to startup_stm32f446xx.o(.text) for Reset_Handler
    startup_stm32f446xx.o(RESET) refers to stm32f4xx_it.o(i.NMI_Handler) for NMI_Handler
    startup_stm32f446xx.o(RESET) refers to stm32f4xx_it.o(i.HardFault_Handler) for HardFault_Handler
    startup_stm32f446xx.o(RESET) refers to stm32f4xx_it.o(i.MemManage_Handler) for MemManage_Handler
    startup_stm32f446xx.o(RESET) refers to stm32f4xx_it.o(i.BusFault_Handler) for BusFault_Handler
    startup_stm32f446xx.o(RESET) refers to stm32f4xx_it.o(i.UsageFault_Handler) for UsageFault_Handler
    startup_stm32f446xx.o(RESET) refers to stm32f4xx_it.o(i.SVC_Handler) for SVC_Handler
    startup_stm32f446xx.o(RESET) refers to stm32f4xx_it.o(i.DebugMon_Handler) for DebugMon_Handler
    startup_stm32f446xx.o(RESET) refers to stm32f4xx_it.o(i.PendSV_Handler) for PendSV_Handler
    startup_stm32f446xx.o(RESET) refers to stm32f4xx_it.o(i.SysTick_Handler) for SysTick_Handler
    startup_stm32f446xx.o(RESET) refers to stm32f4xx_it.o(i.CAN1_RX0_IRQHandler) for CAN1_RX0_IRQHandler
    startup_stm32f446xx.o(RESET) refers to stm32f4xx_it.o(i.TIM1_UP_TIM10_IRQHandler) for TIM1_UP_TIM10_IRQHandler
    startup_stm32f446xx.o(RESET) refers to stm32f4xx_it.o(i.TIM2_IRQHandler) for TIM2_IRQHandler
    startup_stm32f446xx.o(RESET) refers to stm32f4xx_it.o(i.USART2_IRQHandler) for USART2_IRQHandler
    startup_stm32f446xx.o(.text) refers (Special) to heapauxi.o(.text) for __use_two_region_memory
    startup_stm32f446xx.o(.text) refers to system_stm32f4xx.o(i.SystemInit) for SystemInit
    startup_stm32f446xx.o(.text) refers to __main.o(!!!main) for __main
    startup_stm32f446xx.o(.text) refers to startup_stm32f446xx.o(HEAP) for Heap_Mem
    startup_stm32f446xx.o(.text) refers to startup_stm32f446xx.o(STACK) for Stack_Mem
    main.o(i.Error_Handler) refers to bsp_emergency_stop.o(i.BSP_EmergencyStop) for BSP_EmergencyStop
    main.o(i.SystemClock_Config) refers to rt_memclr_w.o(.text) for __aeabi_memclr4
    main.o(i.SystemClock_Config) refers to stm32f4xx_hal_rcc_ex.o(i.HAL_RCC_OscConfig) for HAL_RCC_OscConfig
    main.o(i.SystemClock_Config) refers to stm32f4xx_hal_pwr_ex.o(i.HAL_PWREx_EnableOverDrive) for HAL_PWREx_EnableOverDrive
    main.o(i.SystemClock_Config) refers to stm32f4xx_hal_rcc.o(i.HAL_RCC_ClockConfig) for HAL_RCC_ClockConfig
    main.o(i.SystemClock_Config) refers to main.o(i.Error_Handler) for Error_Handler
    main.o(i.main) refers to bsp_safe_gpio.o(i.BSP_SafeGpioEarlyInit) for BSP_SafeGpioEarlyInit
    main.o(i.main) refers to stm32f4xx_hal.o(i.HAL_Init) for HAL_Init
    main.o(i.main) refers to main.o(i.SystemClock_Config) for SystemClock_Config
    main.o(i.main) refers to gpio.o(i.MX_GPIO_Init) for MX_GPIO_Init
    main.o(i.main) refers to tim.o(i.MX_TIM2_Init) for MX_TIM2_Init
    main.o(i.main) refers to usart.o(i.MX_USART2_UART_Init) for MX_USART2_UART_Init
    main.o(i.main) refers to spi.o(i.MX_SPI1_Init) for MX_SPI1_Init
    main.o(i.main) refers to tim.o(i.MX_TIM1_Init) for MX_TIM1_Init
    main.o(i.main) refers to adc.o(i.MX_ADC1_Init) for MX_ADC1_Init
    main.o(i.main) refers to adc.o(i.MX_ADC2_Init) for MX_ADC2_Init
    main.o(i.main) refers to adc.o(i.MX_ADC3_Init) for MX_ADC3_Init
    main.o(i.main) refers to spi.o(i.MX_SPI3_Init) for MX_SPI3_Init
    main.o(i.main) refers to can.o(i.MX_CAN1_Init) for MX_CAN1_Init
    main.o(i.main) refers to bsp_can.o(i.BSP_CAN_SetFilter) for BSP_CAN_SetFilter
    main.o(i.main) refers to stm32f4xx_hal_can.o(i.HAL_CAN_Start) for HAL_CAN_Start
    main.o(i.main) refers to stm32f4xx_hal_can.o(i.HAL_CAN_ActivateNotification) for HAL_CAN_ActivateNotification
    main.o(i.main) refers to bsp_time.o(i.BSP_Time_Init) for BSP_Time_Init
    main.o(i.main) refers to drv.o(i.DRV_Init) for DRV_Init
    main.o(i.main) refers to foc.o(i.reset_foc) for reset_foc
    main.o(i.main) refers to foc.o(i.reset_observer) for reset_observer
    main.o(i.main) refers to foc.o(i.init_controller_params) for init_controller_params
    main.o(i.main) refers to adc_sample.o(i.Init_ADC) for Init_ADC
    main.o(i.main) refers to adc_sample.o(i.zero_current) for zero_current
    main.o(i.main) refers to positionsensor.o(i.PositionSensor_WriteLUT) for PositionSensor_WriteLUT
    main.o(i.main) refers to positionsensor.o(i.PositionSensor_ReadRaw) for PositionSensor_ReadRaw
[...]
    i.MX_ADC3_Init                           0x08003090   Section        0  adc.o(i.MX_ADC3_Init)
    i.MX_CAN1_Init                           0x080030e8   Section        0  can.o(i.MX_CAN1_Init)
    i.MX_GPIO_Init                           0x08003134   Section        0  gpio.o(i.MX_GPIO_Init)
    i.MX_SPI1_Init                           0x08003208   Section        0  spi.o(i.MX_SPI1_Init)
    i.MX_SPI3_Init                           0x08003254   Section        0  spi.o(i.MX_SPI3_Init)
    i.MX_TIM1_Init                           0x0800329c   Section        0  tim.o(i.MX_TIM1_Init)
    i.MX_TIM2_Init                           0x0800338c   Section        0  tim.o(i.MX_TIM2_Init)
    i.MX_USART2_UART_Init                    0x080033f0   Section        0  usart.o(i.MX_USART2_UART_Init)
    i.MemManage_Handler                      0x08003428   Section        0  stm32f4xx_it.o(i.MemManage_Handler)
    i.NMI_Handler                            0x0800342a   Section        0  stm32f4xx_it.o(i.NMI_Handler)
    i.PWM_SetCompare                         0x0800342c   Section        0  pwm.o(i.PWM_SetCompare)
    i.PendSV_Handler                         0x080034d4   Section        0  stm32f4xx_it.o(i.PendSV_Handler)
    i.PositionSensor_ReadRaw                 0x080034d8   Section        0  positionsensor.o(i.PositionSensor_ReadRaw)
    i.PositionSensor_Sample                  0x08003598   Section        0  positionsensor.o(i.PositionSensor_Sample)
    i.PositionSensor_WriteLUT                0x08003800   Section        0  positionsensor.o(i.PositionSensor_WriteLUT)
    i.SPI_EndRxTxTransaction                 0x08003810   Section        0  stm32f4xx_hal_spi.o(i.SPI_EndRxTxTransaction)
    SPI_EndRxTxTransaction                   0x08003811   Thumb Code    98  stm32f4xx_hal_spi.o(i.SPI_EndRxTxTransaction)
    i.SPI_WaitFlagStateUntilTimeout          0x0800387c   Section        0  stm32f4xx_hal_spi.o(i.SPI_WaitFlagStateUntilTimeout)
    SPI_WaitFlagStateUntilTimeout            0x0800387d   Thumb Code   182  stm32f4xx_hal_spi.o(i.SPI_WaitFlagStateUntilTimeout)
    i.SVC_Handler                            0x08003938   Section        0  stm32f4xx_it.o(i.SVC_Handler)
    i.SysTick_Handler                        0x0800393a   Section        0  stm32f4xx_it.o(i.SysTick_Handler)
    i.SystemClock_Config                     0x08003940   Section        0  main.o(i.SystemClock_Config)
    i.SystemInit                             0x080039d8   Section        0  system_stm32f4xx.o(i.SystemInit)
    i.TIM1_UP_TIM10_IRQHandler               0x080039e8   Section        0  stm32f4xx_it.o(i.TIM1_UP_TIM10_IRQHandler)
    i.TIM2_IRQHandler                        0x08003ae0   Section        0  stm32f4xx_it.o(i.TIM2_IRQHandler)
    i.TIM_Base_SetConfig                     0x08003aec   Section        0  stm32f4xx_hal_tim.o(i.TIM_Base_SetConfig)
    i.TIM_ETR_SetConfig                      0x08003bbc   Section        0  stm32f4xx_hal_tim.o(i.TIM_ETR_SetConfig)
    i.TIM_ITRx_SetConfig                     0x08003bd0   Section        0  stm32f4xx_hal_tim.o(i.TIM_ITRx_SetConfig)
    TIM_ITRx_SetConfig                       0x08003bd1   Thumb Code    16  stm32f4xx_hal_tim.o(i.TIM_ITRx_SetConfig)
    i.TIM_OC1_SetConfig                      0x08003be0   Section        0  stm32f4xx_hal_tim.o(i.TIM_OC1_SetConfig)
    TIM_OC1_SetConfig                        0x08003be1   Thumb Code    88  stm32f4xx_hal_tim.o(i.TIM_OC1_SetConfig)
    i.TIM_OC2_SetConfig                      0x08003c40   Section        0  stm32f4xx_hal_tim.o(i.TIM_OC2_SetConfig)
    i.TIM_OC3_SetConfig                      0x08003cac   Section        0  stm32f4xx_hal_tim.o(i.TIM_OC3_SetConfig)
    TIM_OC3_SetConfig                        0x08003cad   Thumb Code    96  stm32f4xx_hal_tim.o(i.TIM_OC3_SetConfig)
    i.TIM_OC4_SetConfig                      0x08003d14   Section        0  stm32f4xx_hal_tim.o(i.TIM_OC4_SetConfig)
    TIM_OC4_SetConfig                        0x08003d15   Thumb Code    70  stm32f4xx_hal_tim.o(i.TIM_OC4_SetConfig)
    i.TIM_TI1_ConfigInputStage               0x08003d64   Section        0  stm32f4xx_hal_tim.o(i.TIM_TI1_ConfigInputStage)
    TIM_TI1_ConfigInputStage                 0x08003d65   Thumb Code    34  stm32f4xx_hal_tim.o(i.TIM_TI1_ConfigInputStage)
    i.TIM_TI2_ConfigInputStage               0x08003d86   Section        0  stm32f4xx_hal_tim.o(i.TIM_TI2_ConfigInputStage)
    TIM_TI2_ConfigInputStage                 0x08003d87   Thumb Code    36  stm32f4xx_hal_tim.o(i.TIM_TI2_ConfigInputStage)
    i.UART_DMAAbortOnError                   0x08003daa   Section        0  stm32f4xx_hal_uart.o(i.UART_DMAAbortOnError)
    UART_DMAAbortOnError                     0x08003dab   Thumb Code    14  stm32f4xx_hal_uart.o(i.UART_DMAAbortOnError)
    i.UART_EndRxTransfer                     0x08003db8   Section        0  stm32f4xx_hal_uart.o(i.UART_EndRxTransfer)
    UART_EndRxTransfer                       0x08003db9   Thumb Code    78  stm32f4xx_hal_uart.o(i.UART_EndRxTransfer)
    i.UART_Receive_IT                        0x08003e06   Section        0  stm32f4xx_hal_uart.o(i.UART_Receive_IT)
    UART_Receive_IT                          0x08003e07   Thumb Code   194  stm32f4xx_hal_uart.o(i.UART_Receive_IT)
    i.UART_SetConfig                         0x08003ec8   Section        0  stm32f4xx_hal_uart.o(i.UART_SetConfig)
    UART_SetConfig                           0x08003ec9   Thumb Code   258  stm32f4xx_hal_uart.o(i.UART_SetConfig)
    i.UART_Start_Receive_IT                  0x08003fd4   Section        0  stm32f4xx_hal_uart.o(i.UART_Start_Receive_IT)
    i.USART2_IRQHandler                      0x0800400c   Section        0  stm32f4xx_it.o(i.USART2_IRQHandler)
    i.UsageFault_Handler                     0x08004018   Section        0  stm32f4xx_it.o(i.UsageFault_Handler)
    i.__NVIC_SetPriority                     0x0800401a   Section        0  stm32f4xx_hal_cortex.o(i.__NVIC_SetPriority)
    __NVIC_SetPriority                       0x0800401b   Thumb Code    32  stm32f4xx_hal_cortex.o(i.__NVIC_SetPriority)
    i.__hardfp_fmaxf                         0x0800403a   Section        0  fmaxf.o(i.__hardfp_fmaxf)
    i.__hardfp_fminf                         0x08004082   Section        0  fminf.o(i.__hardfp_fminf)
    i.__hardfp_sqrtf                         0x080040ca   Section        0  sqrtf.o(i.__hardfp_sqrtf)
    i.abc                                    0x08004104   Section        0  foc.o(i.abc)
    i.calibrate                              0x08004190   Section        0  drv.o(i.calibrate)
    i.dq0                                    0x080041c8   Section        0  foc.o(i.dq0)
    i.float_to_uint                          0x08004260   Section        0  math_ops.o(i.float_to_uint)
    i.fmaxf3                                 0x08004288   Section        0  math_ops.o(i.fmaxf3)
    i.fminf3                                 0x080042a6   Section        0  math_ops.o(i.fminf3)
    i.init_controller_params                 0x080042c4   Section        0  foc.o(i.init_controller_params)
    i.limit_norm                             0x080042f8   Section        0  math_ops.o(i.limit_norm)
    i.linearize_dtc                          0x08004348   Section        0  foc.o(i.linearize_dtc)
    i.main                                   0x080043ac   Section        0  main.o(i.main)
    i.onMsgReceived                          0x080044d4   Section        0  main.o(i.onMsgReceived)
    onMsgReceived                            0x080044d5   Thumb Code   276  main.o(i.onMsgReceived)
    i.pack_reply                             0x0800460c   Section        0  can_com.o(i.pack_reply)
    i.read_register                          0x080046cc   Section        0  drv.o(i.read_register)
    i.reset_foc                              0x080046f0   Section        0  foc.o(i.reset_foc)
    i.reset_observer                         0x08004748   Section        0  foc.o(i.reset_observer)
    i.svm                                    0x08004768   Section        0  foc.o(i.svm)
    i.torque_control                         0x0800482c   Section        0  foc.o(i.torque_control)
    i.uint_to_float                          0x080048a8   Section        0  math_ops.o(i.uint_to_float)
    i.unpack_cmd                             0x080048d0   Section        0  can_com.o(i.unpack_cmd)
    i.unpack_special_cmd                     0x08004988   Section        0  can_com.o(i.unpack_special_cmd)
    i.write_CSACR                            0x080049b8   Section        0  drv.o(i.write_CSACR)
    i.write_DCR                              0x080049f2   Section        0  drv.o(i.write_DCR)
    i.write_OCPCR                            0x08004a2c   Section        0  drv.o(i.write_OCPCR)
    i.write_register                         0x08004a4a   Section        0  drv.o(i.write_register)
    i.zero_current                           0x08004a5e   Section        0  adc_sample.o(i.zero_current)
    x$fpl$fcmp4                              0x08004ab4   Section       82  fcmp4.o(x$fpl$fcmp4)
    $v0                                      0x08004ab4   Number         0  fcmp4.o(x$fpl$fcmp4)
    x$fpl$fcmpinf                            0x08004b06   Section       24  fcmpi.o(x$fpl$fcmpinf)
    $v0                                      0x08004b06   Number         0  fcmpi.o(x$fpl$fcmpinf)
    x$fpl$fnaninf                            0x08004b1e   Section      140  fnaninf.o(x$fpl$fnaninf)
    $v0                                      0x08004b1e   Number         0  fnaninf.o(x$fpl$fnaninf)
    x$fpl$fpinit                             0x08004baa   Section       10  fpinit.o(x$fpl$fpinit)
    $v0                                      0x08004baa   Number         0  fpinit.o(x$fpl$fpinit)
    .constdata                               0x08004bb4   Section       16  system_stm32f4xx.o(.constdata)
    x$fpl$usenofp                            0x08004bb4   Section        0  usenofp.o(x$fpl$usenofp)
    .constdata                               0x08004bc4   Section        8  system_stm32f4xx.o(.constdata)
    .constdata                               0x08004bcc   Section     2048  lut.o(.constdata)
    .data                                    0x20000000   Section       12  stm32f4xx_hal.o(.data)
    .data                                    0x2000000c   Section        4  system_stm32f4xx.o(.data)
    .data                                    0x20000010   Section        8  bsp_time.o(.data)
    s_time_initialized                       0x20000010   Data           1  bsp_time.o(.data)
    s_tim2_wrap_count                        0x20000014   Data           4  bsp_time.o(.data)
    .data                                    0x20000018   Section        8  bsp_debug_uart.o(.data)
    s_rx_overflow                            0x20000018   Data           1  bsp_debug_uart.o(.data)
    s_tx_busy                                0x20000019   Data           1  bsp_debug_uart.o(.data)
    s_rx_byte                                0x2000001a   Data           1  bsp_debug_uart.o(.data)
    s_rx_write                               0x2000001c   Data           2  bsp_debug_uart.o(.data)
    s_rx_read                                0x2000001e   Data           2  bsp_debug_uart.o(.data)
    .data                                    0x20000020   Section        2  bsp_emergency_stop.o(.data)
    s_emergency_active                       0x20000020   Data           1  bsp_emergency_stop.o(.data)
    s_error_code                             0x20000021   Data           1  bsp_emergency_stop.o(.data)
    .data                                    0x20000022   Section        1  bsp_can.o(.data)
    rx_pending                               0x20000022   Data           1  bsp_can.o(.data)
    .data                                    0x20000024   Section        4  app.o(.data)
    .data                                    0x20000028   Section        4  app.o(.data)
    .data                                    0x2000002c   Section        4  app.o(.data)
    .data                                    0x20000030   Section        4  app.o(.data)
    .data                                    0x20000034   Section        4  app.o(.data)
    .data                                    0x20000038   Section        1  drv.o(.data)
    drv_ready                                0x20000038   Data           1  drv.o(.data)
    .data                                    0x2000003c   Section       20  positionsensor.o(.data)
    DualEncoder                              0x2000003c   Data           1  positionsensor.o(.data)
    rotations                                0x20000040   Data           4  positionsensor.o(.data)
    old_counts                               0x20000044   Data           4  positionsensor.o(.data)
    modPosition                              0x20000048   Data           4  positionsensor.o(.data)
    ElecVelocityFilt                         0x2000004c   Data           4  positionsensor.o(.data)
    .bss                                     0x20000050   Section      800  main.o(.bss)
    .bss                                     0x20000370   Section      216  adc.o(.bss)
    .bss                                     0x20000448   Section       40  can.o(.bss)
    .bss                                     0x20000470   Section      176  spi.o(.bss)
    .bss                                     0x20000520   Section      144  tim.o(.bss)
    .bss                                     0x200005b0   Section       72  usart.o(.bss)
    .bss                                     0x200005f8   Section       16  stm32f4xx_it.o(.bss)
    adc_sample                               0x200005f8   Data          16  stm32f4xx_it.o(.bss)
    .bss                                     0x20000608   Section      192  bsp_debug_uart.o(.bss)
    s_rx_buffer                              0x20000608   Data          64  bsp_debug_uart.o(.bss)
    s_tx_buffer                              0x20000648   Data         128  bsp_debug_uart.o(.bss)
    .bss                                     0x200006c8   Section       36  bsp_can.o(.bss)
    rxMsg                                    0x200006c8   Data          36  bsp_can.o(.bss)
    .bss                                     0x200006ec   Section      672  positionsensor.o(.bss)
    offset_lut                               0x200006ec   Data         512  positionsensor.o(.bss)
    velVec                                   0x200008ec   Data         160  positionsensor.o(.bss)
    .bss                                     0x2000098c   Section       96  libspace.o(.bss)
    HEAP                                     0x200009f0   Section      512  startup_stm32f446xx.o(HEAP)
    Heap_Mem                                 0x200009f0   Data         512  startup_stm32f446xx.o(HEAP)
    STACK                                    0x20000bf0   Section     1024  startup_stm32f446xx.o(STACK)
    Stack_Mem                                0x20000bf0   Data        1024  startup_stm32f446xx.o(STACK)
    __initial_sp                             0x20000ff0   Data           0  startup_stm32f446xx.o(STACK)

    Global Symbols

    Symbol Name                              Value     Ov Type        Size  Object(Section)

    BuildAttributes$$THM_ISAv4$E$P$D$K$B$S$7EM$VFPi3$EXTD16$VFPS$VFMA$PE$A:L22UL41UL21$X:L11$S22US41US21$IEEE1$IW$USESV6$~STKCKD$USESV7$~SHL$OTIME$ROPI$IEEEX$EBA8$UX$STANDARDLIB$REQ8$PRES8$EABIv2 0x00000000   Number         0  anon$$obj.o ABSOLUTE
    __ARM_use_no_argv                        0x00000000   Number         0  main.o ABSOLUTE
    __ARM_exceptions_init                     - Undefined Weak Reference
    __alloca_initialize                       - Undefined Weak Reference
    __arm_preinit_                            - Undefined Weak Reference
    __cpp_initialize__aeabi_                  - Undefined Weak Reference
    __cxa_finalize                            - Undefined Weak Reference
    __rt_locale                               - Undefined Weak Reference
    __sigvec_lookup                           - Undefined Weak Reference
    _atexit_init                              - Undefined Weak Reference
    _call_atexit_fns                          - Undefined Weak Reference
    _clock_init                               - Undefined Weak Reference
    _fp_trap_init                             - Undefined Weak Reference
    _fp_trap_shutdown                         - Undefined Weak Reference
    _get_lc_collate                           - Undefined Weak Reference
    _get_lc_ctype                             - Undefined Weak Reference
    _get_lc_monetary                          - Undefined Weak Reference
    _get_lc_numeric                           - Undefined Weak Reference
    _get_lc_time                              - Undefined Weak Reference
    _getenv_init                              - Undefined Weak Reference
    _handle_redirection                       - Undefined Weak Reference
    _init_alloc                               - Undefined Weak Reference
    _init_user_alloc                          - Undefined Weak Reference
    _initio                                   - Undefined Weak Reference
    _rand_init                                - Undefined Weak Reference
    _signal_finish                            - Undefined Weak Reference
    _signal_init                              - Undefined Weak Reference
    _terminate_alloc                          - Undefined Weak Reference
    _terminate_user_alloc                     - Undefined Weak Reference
    _terminateio                              - Undefined Weak Reference
    __Vectors_Size                           0x000001c4   Number         0  startup_stm32f446xx.o ABSOLUTE
    __Vectors                                0x08000000   Data           4  startup_stm32f446xx.o(RESET)
    __Vectors_End                            0x080001c4   Data           0  startup_stm32f446xx.o(RESET)
    __main                                   0x080001c5   Thumb Code     8  __main.o(!!!main)
    __scatterload                            0x080001cd   Thumb Code     0  __scatter.o(!!!scatter)
    __scatterload_rt2                        0x080001cd   Thumb Code    44  __scatter.o(!!!scatter)
    __scatterload_rt2_thumb_only             0x080001cd   Thumb Code     0  __scatter.o(!!!scatter)
    __scatterload_null                       0x080001db   Thumb Code     0  __scatter.o(!!!scatter)
    __scatterload_copy                       0x08000201   Thumb Code    26  __scatter_copy.o(!!handler_copy)
    __scatterload_zeroinit                   0x0800021d   Thumb Code    28  __scatter_zi.o(!!handler_zi)
    __rt_lib_init                            0x08000239   Thumb Code     0  libinit.o(.ARM.Collect$$libinit$$00000000)
    __rt_lib_init_fp_1                       0x0800023b   Thumb Code     0  libinit2.o(.ARM.Collect$$libinit$$00000001)
    __rt_lib_init_alloca_1                   0x0800023f   Thumb Code     0  libinit2.o(.ARM.Collect$$libinit$$0000002E)
    __rt_lib_init_argv_1                     0x0800023f   Thumb Code     0  libinit2.o(.ARM.Collect$$libinit$$0000002C)
    __rt_lib_init_atexit_1                   0x0800023f   Thumb Code     0  libinit2.o(.ARM.Collect$$libinit$$0000001B)
    __rt_lib_init_clock_1                    0x0800023f   Thumb Code     0  libinit2.o(.ARM.Collect$$libinit$$00000021)
    __rt_lib_init_cpp_1                      0x0800023f   Thumb Code     0  libinit2.o(.ARM.Collect$$libinit$$00000032)
    __rt_lib_init_exceptions_1               0x0800023f   Thumb Code     0  libinit2.o(.ARM.Collect$$libinit$$00000030)
    __rt_lib_init_fp_trap_1                  0x0800023f   Thumb Code     0  libinit2.o(.ARM.Collect$$libinit$$0000001F)
    __rt_lib_init_getenv_1                   0x0800023f   Thumb Code     0  libinit2.o(.ARM.Collect$$libinit$$00000023)
    __rt_lib_init_heap_1                     0x0800023f   Thumb Code     0  libinit2.o(.ARM.Collect$$libinit$$0000000A)
    __rt_lib_init_lc_collate_1               0x0800023f   Thumb Code     0  libinit2.o(.ARM.Collect$$libinit$$00000011)
    __rt_lib_init_lc_ctype_1                 0x0800023f   Thumb Code     0  libinit2.o(.ARM.Collect$$libinit$$00000013)
    __rt_lib_init_lc_monetary_1              0x0800023f   Thumb Code     0  libinit2.o(.ARM.Collect$$libinit$$00000015)
    __rt_lib_init_lc_numeric_1               0x0800023f   Thumb Code     0  libinit2.o(.ARM.Collect$$libinit$$00000017)
    __rt_lib_init_lc_time_1                  0x0800023f   Thumb Code     0  libinit2.o(.ARM.Collect$$libinit$$00000019)
    __rt_lib_init_preinit_1                  0x0800023f   Thumb Code     0  libinit2.o(.ARM.Collect$$libinit$$00000004)
    __rt_lib_init_rand_1                     0x0800023f   Thumb Code     0  libinit2.o(.ARM.Collect$$libinit$$0000000E)
    __rt_lib_init_return                     0x0800023f   Thumb Code     0  libinit2.o(.ARM.Collect$$libinit$$00000033)
    __rt_lib_init_signal_1                   0x0800023f   Thumb Code     0  libinit2.o(.ARM.Collect$$libinit$$0000001D)
    __rt_lib_init_stdio_1                    0x0800023f   Thumb Code     0  libinit2.o(.ARM.Collect$$libinit$$00000025)
    __rt_lib_init_user_alloc_1               0x0800023f   Thumb Code     0  libinit2.o(.ARM.Collect$$libinit$$0000000C)
    __rt_lib_shutdown                        0x08000241   Thumb Code     0  libshutdown.o(.ARM.Collect$$libshutdown$$00000000)
    __rt_lib_shutdown_cpp_1                  0x08000243   Thumb Code     0  libshutdown2.o(.ARM.Collect$$libshutdown$$00000002)
    __rt_lib_shutdown_fp_trap_1              0x08000243   Thumb Code     0  libshutdown2.o(.ARM.Collect$$libshutdown$$00000007)
    __rt_lib_shutdown_heap_1                 0x08000243   Thumb Code     0  libshutdown2.o(.ARM.Collect$$libshutdown$$0000000F)
    __rt_lib_shutdown_return                 0x08000243   Thumb Code     0  libshutdown2.o(.ARM.Collect$$libshutdown$$00000010)
    __rt_lib_shutdown_signal_1               0x08000243   Thumb Code     0  libshutdown2.o(.ARM.Collect$$libshutdown$$0000000A)
    __rt_lib_shutdown_stdio_1                0x08000243   Thumb Code     0  libshutdown2.o(.ARM.Collect$$libshutdown$$00000004)
    __rt_lib_shutdown_user_alloc_1           0x08000243   Thumb Code     0  libshutdown2.o(.ARM.Collect$$libshutdown$$0000000C)
    __rt_entry                               0x08000245   Thumb Code     0  __rtentry.o(.ARM.Collect$$rtentry$$00000000)
    __rt_entry_presh_1                       0x08000245   Thumb Code     0  __rtentry2.o(.ARM.Collect$$rtentry$$00000002)
    __rt_entry_sh                            0x08000245   Thumb Code     0  __rtentry4.o(.ARM.Collect$$rtentry$$00000004)
    __rt_entry_li                            0x0800024b   Thumb Code     0  __rtentry2.o(.ARM.Collect$$rtentry$$0000000A)
    __rt_entry_postsh_1                      0x0800024b   Thumb Code     0  __rtentry2.o(.ARM.Collect$$rtentry$$00000009)
    __rt_entry_main                          0x0800024f   Thumb Code     0  __rtentry2.o(.ARM.Collect$$rtentry$$0000000D)
    __rt_entry_postli_1                      0x0800024f   Thumb Code     0  __rtentry2.o(.ARM.Collect$$rtentry$$0000000C)
    __rt_exit                                0x08000257   Thumb Code     0  rtexit.o(.ARM.Collect$$rtexit$$00000000)
    __rt_exit_ls                             0x08000259   Thumb Code     0  rtexit2.o(.ARM.Collect$$rtexit$$00000003)
    __rt_exit_prels_1                        0x08000259   Thumb Code     0  rtexit2.o(.ARM.Collect$$rtexit$$00000002)
    __rt_exit_exit                           0x0800025d   Thumb Code     0  rtexit2.o(.ARM.Collect$$rtexit$$00000004)
    Reset_Handler                            0x08000265   Thumb Code     8  startup_stm32f446xx.o(.text)
    ADC_IRQHandler                           0x0800027f   Thumb Code     0  startup_stm32f446xx.o(.text)
    CAN1_RX1_IRQHandler                      0x0800027f   Thumb Code     0  startup_stm32f446xx.o(.text)
    CAN1_SCE_IRQHandler                      0x0800027f   Thumb Code     0  startup_stm32f446xx.o(.text)
    CAN1_TX_IRQHandler                       0x0800027f   Thumb Code     0  startup_stm32f446xx.o(.text)
    CAN2_RX0_IRQHandler                      0x0800027f   Thumb Code     0  startup_stm32f446xx.o(.text)
    CAN2_RX1_IRQHandler                      0x0800027f   Thumb Code     0  startup_stm32f446xx.o(.text)
    CAN2_SCE_IRQHandler                      0x0800027f   Thumb Code     0  startup_stm32f446xx.o(.text)
    CAN2_TX_IRQHandler                       0x0800027f   Thumb Code     0  startup_stm32f446xx.o(.text)
    CEC_IRQHandler                           0x0800027f   Thumb Code     0  startup_stm32f446xx.o(.text)
    DCMI_IRQHandler                          0x0800027f   Thumb Code     0  startup_stm32f446xx.o(.text)
    DMA1_Stream0_IRQHandler                  0x0800027f   Thumb Code     0  startup_stm32f446xx.o(.text)
    DMA1_Stream1_IRQHandler                  0x0800027f   Thumb Code     0  startup_stm32f446xx.o(.text)
    DMA1_Stream2_IRQHandler                  0x0800027f   Thumb Code     0  startup_stm32f446xx.o(.text)
    DMA1_Stream3_IRQHandler                  0x0800027f   Thumb Code     0  startup_stm32f446xx.o(.text)
    DMA1_Stream4_IRQHandler                  0x0800027f   Thumb Code     0  startup_stm32f446xx.o(.text)
    DMA1_Stream5_IRQHandler                  0x0800027f   Thumb Code     0  startup_stm32f446xx.o(.text)
    DMA1_Stream6_IRQHandler                  0x0800027f   Thumb Code     0  startup_stm32f446xx.o(.text)
    DMA1_Stream7_IRQHandler                  0x0800027f   Thumb Code     0  startup_stm32f446xx.o(.text)
    DMA2_Stream0_IRQHandler                  0x0800027f   Thumb Code     0  startup_stm32f446xx.o(.text)
    DMA2_Stream1_IRQHandler                  0x0800027f   Thumb Code     0  startup_stm32f446xx.o(.text)
    DMA2_Stream2_IRQHandler                  0x0800027f   Thumb Code     0  startup_stm32f446xx.o(.text)
    DMA2_Stream3_IRQHandler                  0x0800027f   Thumb Code     0  startup_stm32f446xx.o(.text)
    DMA2_Stream4_IRQHandler                  0x0800027f   Thumb Code     0  startup_stm32f446xx.o(.text)
    DMA2_Stream5_IRQHandler                  0x0800027f   Thumb Code     0  startup_stm32f446xx.o(.text)
    DMA2_Stream6_IRQHandler                  0x0800027f   Thumb Code     0  startup_stm32f446xx.o(.text)
    DMA2_Stream7_IRQHandler                  0x0800027f   Thumb Code     0  startup_stm32f446xx.o(.text)
    EXTI0_IRQHandler                         0x0800027f   Thumb Code     0  startup_stm32f446xx.o(.text)
    EXTI15_10_IRQHandler                     0x0800027f   Thumb Code     0  startup_stm32f446xx.o(.text)
    EXTI1_IRQHandler                         0x0800027f   Thumb Code     0  startup_stm32f446xx.o(.text)
    EXTI2_IRQHandler                         0x0800027f   Thumb Code     0  startup_stm32f446xx.o(.text)
    EXTI3_IRQHandler                         0x0800027f   Thumb Code     0  startup_stm32f446xx.o(.text)
    EXTI4_IRQHandler                         0x0800027f   Thumb Code     0  startup_stm32f446xx.o(.text)
    EXTI9_5_IRQHandler                       0x0800027f   Thumb Code     0  startup_stm32f446xx.o(.text)
    FLASH_IRQHandler                         0x0800027f   Thumb Code     0  startup_stm32f446xx.o(.text)
    FMC_IRQHandler                           0x0800027f   Thumb Code     0  startup_stm32f446xx.o(.text)
    FMPI2C1_ER_IRQHandler                    0x0800027f   Thumb Code     0  startup_stm32f446xx.o(.text)
    FMPI2C1_EV_IRQHandler                    0x0800027f   Thumb Code     0  startup_stm32f446xx.o(.text)
    FPU_IRQHandler                           0x0800027f   Thumb Code     0  startup_stm32f446xx.o(.text)
    I2C1_ER_IRQHandler                       0x0800027f   Thumb Code     0  startup_stm32f446xx.o(.text)
    I2C1_EV_IRQHandler                       0x0800027f   Thumb Code     0  startup_stm32f446xx.o(.text)
    I2C2_ER_IRQHandler                       0x0800027f   Thumb Code     0  startup_stm32f446xx.o(.text)
    I2C2_EV_IRQHandler                       0x0800027f   Thumb Code     0  startup_stm32f446xx.o(.text)
    I2C3_ER_IRQHandler                       0x0800027f   Thumb Code     0  startup_stm32f446xx.o(.text)
    I2C3_EV_IRQHandler                       0x0800027f   Thumb Code     0  startup_stm32f446xx.o(.text)
    OTG_FS_IRQHandler                        0x0800027f   Thumb Code     0  startup_stm32f446xx.o(.text)
    OTG_FS_WKUP_IRQHandler                   0x0800027f   Thumb Code     0  startup_stm32f446xx.o(.text)
    OTG_HS_EP1_IN_IRQHandler                 0x0800027f   Thumb Code     0  startup_stm32f446xx.o(.text)
    OTG_HS_EP1_OUT_IRQHandler                0x0800027f   Thumb Code     0  startup_stm32f446xx.o(.text)
    OTG_HS_IRQHandler                        0x0800027f   Thumb Code     0  startup_stm32f446xx.o(.text)
    OTG_HS_WKUP_IRQHandler                   0x0800027f   Thumb Code     0  startup_stm32f446xx.o(.text)
    PVD_IRQHandler                           0x0800027f   Thumb Code     0  startup_stm32f446xx.o(.text)
    QUADSPI_IRQHandler                       0x0800027f   Thumb Code     0  startup_stm32f446xx.o(.text)
    RCC_IRQHandler                           0x0800027f   Thumb Code     0  startup_stm32f446xx.o(.text)
    RTC_Alarm_IRQHandler                     0x0800027f   Thumb Code     0  startup_stm32f446xx.o(.text)
    RTC_WKUP_IRQHandler                      0x0800027f   Thumb Code     0  startup_stm32f446xx.o(.text)
    SAI1_IRQHandler                          0x0800027f   Thumb Code     0  startup_stm32f446xx.o(.text)
    SAI2_IRQHandler                          0x0800027f   Thumb Code     0  startup_stm32f446xx.o(.text)
    SDIO_IRQHandler                          0x0800027f   Thumb Code     0  startup_stm32f446xx.o(.text)
    SPDIF_RX_IRQHandler                      0x0800027f   Thumb Code     0  startup_stm32f446xx.o(.text)
    SPI1_IRQHandler                          0x0800027f   Thumb Code     0  startup_stm32f446xx.o(.text)
    SPI2_IRQHandler                          0x0800027f   Thumb Code     0  startup_stm32f446xx.o(.text)
    SPI3_IRQHandler                          0x0800027f   Thumb Code     0  startup_stm32f446xx.o(.text)
    SPI4_IRQHandler                          0x0800027f   Thumb Code     0  startup_stm32f446xx.o(.text)
    TAMP_STAMP_IRQHandler                    0x0800027f   Thumb Code     0  startup_stm32f446xx.o(.text)
    TIM1_BRK_TIM9_IRQHandler                 0x0800027f   Thumb Code     0  startup_stm32f446xx.o(.text)
    TIM1_CC_IRQHandler                       0x0800027f   Thumb Code     0  startup_stm32f446xx.o(.text)
    TIM1_TRG_COM_TIM11_IRQHandler            0x0800027f   Thumb Code     0  startup_stm32f446xx.o(.text)
    TIM3_IRQHandler                          0x0800027f   Thumb Code     0  startup_stm32f446xx.o(.text)
    TIM4_IRQHandler                          0x0800027f   Thumb Code     0  startup_stm32f446xx.o(.text)
    TIM5_IRQHandler                          0x0800027f   Thumb Code     0  startup_stm32f446xx.o(.text)
    TIM6_DAC_IRQHandler                      0x0800027f   Thumb Code     0  startup_stm32f446xx.o(.text)
    TIM7_IRQHandler                          0x0800027f   Thumb Code     0  startup_stm32f446xx.o(.text)
    TIM8_BRK_TIM12_IRQHandler                0x0800027f   Thumb Code     0  startup_stm32f446xx.o(.text)
    TIM8_CC_IRQHandler                       0x0800027f   Thumb Code     0  startup_stm32f446xx.o(.text)
    TIM8_TRG_COM_TIM14_IRQHandler            0x0800027f   Thumb Code     0  startup_stm32f446xx.o(.text)
    TIM8_UP_TIM13_IRQHandler                 0x0800027f   Thumb Code     0  startup_stm32f446xx.o(.text)
    UART4_IRQHandler                         0x0800027f   Thumb Code     0  startup_stm32f446xx.o(.text)
    UART5_IRQHandler                         0x0800027f   Thumb Code     0  startup_stm32f446xx.o(.text)
    USART1_IRQHandler                        0x0800027f   Thumb Code     0  startup_stm32f446xx.o(.text)
    USART3_IRQHandler                        0x0800027f   Thumb Code     0  startup_stm32f446xx.o(.text)
    USART6_IRQHandler                        0x0800027f   Thumb Code     0  startup_stm32f446xx.o(.text)
    WWDG_IRQHandler                          0x0800027f   Thumb Code     0  startup_stm32f446xx.o(.text)
    __user_initial_stackheap                 0x08000281   Thumb Code     0  startup_stm32f446xx.o(.text)
    __aeabi_uldivmod                         0x080002a5   Thumb Code     0  lludivv7m.o(.text)
    _ll_udiv                                 0x080002a5   Thumb Code   238  lludivv7m.o(.text)
    __aeabi_memcpy4                          0x08000393   Thumb Code     0  rt_memcpy_w.o(.text)
    __aeabi_memcpy8                          0x08000393   Thumb Code     0  rt_memcpy_w.o(.text)
    __rt_memcpy_w                            0x08000393   Thumb Code   100  rt_memcpy_w.o(.text)
    _memcpy_lastbytes_aligned                0x080003db   Thumb Code     0  rt_memcpy_w.o(.text)
    __aeabi_memclr4                          0x080003f7   Thumb Code     0  rt_memclr_w.o(.text)
    __aeabi_memclr8                          0x080003f7   Thumb Code     0  rt_memclr_w.o(.text)
    __rt_memclr_w                            0x080003f7   Thumb Code    78  rt_memclr_w.o(.text)
    _memset_w                                0x080003fb   Thumb Code     0  rt_memclr_w.o(.text)
    __use_two_region_memory                  0x08000445   Thumb Code     2  heapauxi.o(.text)
    __rt_heap_escrow$2region                 0x08000447   Thumb Code     2  heapauxi.o(.text)
    __rt_heap_expand$2region                 0x08000449   Thumb Code     2  heapauxi.o(.text)
    __read_errno                             0x0800044b   Thumb Code    10  _rserrno.o(.text)
    __set_errno                              0x08000455   Thumb Code    12  _rserrno.o(.text)
    __aeabi_errno_addr                       0x08000461   Thumb Code     8  rt_errno_addr_intlibspace.o(.text)
    __errno$intlibspace                      0x08000461   Thumb Code     0  rt_errno_addr_intlibspace.o(.text)
    __rt_errno_addr$intlibspace              0x08000461   Thumb Code     0  rt_errno_addr_intlibspace.o(.text)
    __user_libspace                          0x08000469   Thumb Code     8  libspace.o(.text)
    __user_perproc_libspace                  0x08000469   Thumb Code     0  libspace.o(.text)
    __user_perthread_libspace                0x08000469   Thumb Code     0  libspace.o(.text)
    __user_setup_stackheap                   0x08000471   Thumb Code    74  sys_stackheap_outer.o(.text)
    exit                                     0x080004bb   Thumb Code    18  exit.o(.text)
    _sys_exit                                0x080004cd   Thumb Code     8  sys_exit.o(.text)
    __I$use$semihosting                      0x080004d9   Thumb Code     0  use_no_semi.o(.text)
    __use_no_semihosting_swi                 0x080004d9   Thumb Code     2  use_no_semi.o(.text)
    __semihosting_library_function           0x080004db   Thumb Code     0  indicate_semi.o(.text)
    ADC_Sample                               0x08000605   Thumb Code   146  adc_sample.o(i.ADC_Sample)
    BSP_CAN_Read                             0x080006b1   Thumb Code    36  bsp_can.o(i.BSP_CAN_Read)
    BSP_CAN_SetFilter                        0x080006e1   Thumb Code    58  bsp_can.o(i.BSP_CAN_SetFilter)
    BSP_DebugUart_StartReceive               0x08000721   Thumb Code    22  bsp_debug_uart.o(i.BSP_DebugUart_StartReceive)
    BSP_DebugUart_TryWrite                   0x08000741   Thumb Code    90  bsp_debug_uart.o(i.BSP_DebugUart_TryWrite)
    BSP_EmergencyStop                        0x080007a9   Thumb Code    76  bsp_emergency_stop.o(i.BSP_EmergencyStop)
    BSP_SafeGpioEarlyInit                    0x08000801   Thumb Code   150  bsp_safe_gpio.o(i.BSP_SafeGpioEarlyInit)
    BSP_Time_ElapsedCycles32                 0x0800090d   Thumb Code     8  bsp_time.o(i.BSP_Time_ElapsedCycles32)
    BSP_Time_Init                            0x08000919   Thumb Code    86  bsp_time.o(i.BSP_Time_Init)
    BSP_Time_NowCycles32                     0x08000981   Thumb Code     6  bsp_time.o(i.BSP_Time_NowCycles32)
    BusFault_Handler                         0x0800098d   Thumb Code     2  stm32f4xx_it.o(i.BusFault_Handler)
    CAN1_RX0_IRQHandler                      0x08000991   Thumb Code     6  stm32f4xx_it.o(i.CAN1_RX0_IRQHandler)
    DRV_Init                                 0x0800099d   Thumb Code   144  drv.o(i.DRV_Init)
    DRV_Transfer16                           0x08000a35   Thumb Code    50  drv.o(i.DRV_Transfer16)
    DebugMon_Handler                         0x08000a71   Thumb Code     2  stm32f4xx_it.o(i.DebugMon_Handler)
    Error_Handler                            0x08000a73   Thumb Code    10  main.o(i.Error_Handler)
    FOC_SetAdcSnapshot                       0x08000a7d   Thumb Code   166  foc.o(i.FOC_SetAdcSnapshot)
    FOC_Step                                 0x08000b35   Thumb Code   530  foc.o(i.FOC_Step)
    FastCos                                  0x08000d65   Thumb Code    12  fastmath.o(i.FastCos)
    FastSin                                  0x08000d75   Thumb Code    66  fastmath.o(i.FastSin)
    HAL_ADCEx_MultiModeConfigChannel         0x08000dc9   Thumb Code    78  stm32f4xx_hal_adc_ex.o(i.HAL_ADCEx_MultiModeConfigChannel)
    HAL_ADC_ConfigChannel                    0x08000e1d   Thumb Code   334  stm32f4xx_hal_adc.o(i.HAL_ADC_ConfigChannel)
    HAL_ADC_Init                             0x08000f81   Thumb Code    84  stm32f4xx_hal_adc.o(i.HAL_ADC_Init)
    HAL_ADC_MspInit                          0x08000fd5   Thumb Code   182  adc.o(i.HAL_ADC_MspInit)
    HAL_CAN_ActivateNotification             0x080010a5   Thumb Code    36  stm32f4xx_hal_can.o(i.HAL_CAN_ActivateNotification)
    HAL_CAN_AddTxMessage                     0x080010c9   Thumb Code   188  stm32f4xx_hal_can.o(i.HAL_CAN_AddTxMessage)
    HAL_CAN_ConfigFilter                     0x08001185   Thumb Code   262  stm32f4xx_hal_can.o(i.HAL_CAN_ConfigFilter)
    HAL_CAN_DeactivateNotification           0x08001291   Thumb Code    36  stm32f4xx_hal_can.o(i.HAL_CAN_DeactivateNotification)
    HAL_CAN_ErrorCallback                    0x080012b5   Thumb Code     2  stm32f4xx_hal_can.o(i.HAL_CAN_ErrorCallback)
    HAL_CAN_GetRxMessage                     0x080012b7   Thumb Code   244  stm32f4xx_hal_can.o(i.HAL_CAN_GetRxMessage)
    HAL_CAN_IRQHandler                       0x080013ab   Thumb Code   508  stm32f4xx_hal_can.o(i.HAL_CAN_IRQHandler)
    HAL_CAN_Init                             0x080015a7   Thumb Code   282  stm32f4xx_hal_can.o(i.HAL_CAN_Init)
    HAL_CAN_MspInit                          0x080016c1   Thumb Code   108  can.o(i.HAL_CAN_MspInit)
    HAL_CAN_RxFifo0FullCallback              0x08001739   Thumb Code     2  stm32f4xx_hal_can.o(i.HAL_CAN_RxFifo0FullCallback)
    HAL_CAN_RxFifo0MsgPendingCallback        0x0800173d   Thumb Code    36  bsp_can.o(i.HAL_CAN_RxFifo0MsgPendingCallback)
    HAL_CAN_RxFifo1FullCallback              0x08001769   Thumb Code     2  stm32f4xx_hal_can.o(i.HAL_CAN_RxFifo1FullCallback)
    HAL_CAN_RxFifo1MsgPendingCallback        0x0800176b   Thumb Code     2  stm32f4xx_hal_can.o(i.HAL_CAN_RxFifo1MsgPendingCallback)
    HAL_CAN_SleepCallback                    0x0800176d   Thumb Code     2  stm32f4xx_hal_can.o(i.HAL_CAN_SleepCallback)
    HAL_CAN_Start                            0x08001771   Thumb Code    88  stm32f4xx_hal_can.o(i.HAL_CAN_Start)
    HAL_CAN_TxMailbox0AbortCallback          0x080017c9   Thumb Code     2  stm32f4xx_hal_can.o(i.HAL_CAN_TxMailbox0AbortCallback)
    HAL_CAN_TxMailbox0CompleteCallback       0x080017cb   Thumb Code     2  stm32f4xx_hal_can.o(i.HAL_CAN_TxMailbox0CompleteCallback)
    HAL_CAN_TxMailbox1AbortCallback          0x080017cd   Thumb Code     2  stm32f4xx_hal_can.o(i.HAL_CAN_TxMailbox1AbortCallback)
    HAL_CAN_TxMailbox1CompleteCallback       0x080017cf   Thumb Code     2  stm32f4xx_hal_can.o(i.HAL_CAN_TxMailbox1CompleteCallback)
    HAL_CAN_TxMailbox2AbortCallback          0x080017d1   Thumb Code     2  stm32f4xx_hal_can.o(i.HAL_CAN_TxMailbox2AbortCallback)
    HAL_CAN_TxMailbox2CompleteCallback       0x080017d3   Thumb Code     2  stm32f4xx_hal_can.o(i.HAL_CAN_TxMailbox2CompleteCallback)
    HAL_CAN_WakeUpFromRxMsgCallback          0x080017d5   Thumb Code     2  stm32f4xx_hal_can.o(i.HAL_CAN_WakeUpFromRxMsgCallback)
    HAL_DMA_Abort                            0x080017d7   Thumb Code   146  stm32f4xx_hal_dma.o(i.HAL_DMA_Abort)
    HAL_DMA_Abort_IT                         0x08001869   Thumb Code    36  stm32f4xx_hal_dma.o(i.HAL_DMA_Abort_IT)
    HAL_Delay                                0x0800188d   Thumb Code    32  stm32f4xx_hal.o(i.HAL_Delay)
    HAL_GPIO_Init                            0x080018b1   Thumb Code   436  stm32f4xx_hal_gpio.o(i.HAL_GPIO_Init)
    HAL_GPIO_WritePin                        0x08001a8d   Thumb Code    10  stm32f4xx_hal_gpio.o(i.HAL_GPIO_WritePin)
    HAL_GetTick                              0x08001a99   Thumb Code     6  stm32f4xx_hal.o(i.HAL_GetTick)
    HAL_IncTick                              0x08001aa5   Thumb Code    12  stm32f4xx_hal.o(i.HAL_IncTick)
    HAL_Init                                 0x08001ab5   Thumb Code    48  stm32f4xx_hal.o(i.HAL_Init)
    HAL_InitTick                             0x08001ae9   Thumb Code    54  stm32f4xx_hal.o(i.HAL_InitTick)
    HAL_MspInit                              0x08001b29   Thumb Code    42  stm32f4xx_hal_msp.o(i.HAL_MspInit)
    HAL_NVIC_ClearPendingIRQ                 0x08001b59   Thumb Code    26  stm32f4xx_hal_cortex.o(i.HAL_NVIC_ClearPendingIRQ)
    HAL_NVIC_EnableIRQ                       0x08001b73   Thumb Code    26  stm32f4xx_hal_cortex.o(i.HAL_NVIC_EnableIRQ)
    HAL_NVIC_SetPriority                     0x08001b8d   Thumb Code    60  stm32f4xx_hal_cortex.o(i.HAL_NVIC_SetPriority)
    HAL_NVIC_SetPriorityGrouping             0x08001bcd   Thumb Code    26  stm32f4xx_hal_cortex.o(i.HAL_NVIC_SetPriorityGrouping)
    HAL_PWREx_EnableOverDrive                0x08001bf1   Thumb Code    98  stm32f4xx_hal_pwr_ex.o(i.HAL_PWREx_EnableOverDrive)
    HAL_RCC_ClockConfig                      0x08001c61   Thumb Code   288  stm32f4xx_hal_rcc.o(i.HAL_RCC_ClockConfig)
    HAL_RCC_GetPCLK1Freq                     0x08001d95   Thumb Code    20  stm32f4xx_hal_rcc.o(i.HAL_RCC_GetPCLK1Freq)
    HAL_RCC_GetPCLK2Freq                     0x08001db5   Thumb Code    20  stm32f4xx_hal_rcc.o(i.HAL_RCC_GetPCLK2Freq)
    HAL_RCC_GetSysClockFreq                  0x08001dd5   Thumb Code   140  stm32f4xx_hal_rcc_ex.o(i.HAL_RCC_GetSysClockFreq)
    HAL_RCC_OscConfig                        0x08001e69   Thumb Code   900  stm32f4xx_hal_rcc_ex.o(i.HAL_RCC_OscConfig)
    HAL_SPI_Init                             0x08002201   Thumb Code   188  stm32f4xx_hal_spi.o(i.HAL_SPI_Init)
    HAL_SPI_MspInit                          0x080022bd   Thumb Code   156  spi.o(i.HAL_SPI_MspInit)
    HAL_SPI_TransmitReceive                  0x0800236d   Thumb Code   496  stm32f4xx_hal_spi.o(i.HAL_SPI_TransmitReceive)
    HAL_SYSTICK_Config                       0x0800255d   Thumb Code    40  stm32f4xx_hal_cortex.o(i.HAL_SYSTICK_Config)
    HAL_TIMEx_BreakCallback                  0x08002585   Thumb Code     2  stm32f4xx_hal_tim_ex.o(i.HAL_TIMEx_BreakCallback)
    HAL_TIMEx_CommutCallback                 0x08002587   Thumb Code     2  stm32f4xx_hal_tim_ex.o(i.HAL_TIMEx_CommutCallback)
    HAL_TIMEx_ConfigBreakDeadTime            0x08002589   Thumb Code    84  stm32f4xx_hal_tim_ex.o(i.HAL_TIMEx_ConfigBreakDeadTime)
    HAL_TIMEx_MasterConfigSynchronization    0x080025dd   Thumb Code   116  stm32f4xx_hal_tim_ex.o(i.HAL_TIMEx_MasterConfigSynchronization)
    HAL_TIM_Base_Init                        0x0800266d   Thumb Code    90  stm32f4xx_hal_tim.o(i.HAL_TIM_Base_Init)
    HAL_TIM_Base_MspInit                     0x080026c9   Thumb Code    90  tim.o(i.HAL_TIM_Base_MspInit)
    HAL_TIM_Base_Start_IT                    0x0800272d   Thumb Code   100  stm32f4xx_hal_tim.o(i.HAL_TIM_Base_Start_IT)
    HAL_TIM_ConfigClockSource                0x080027ad   Thumb Code   220  stm32f4xx_hal_tim.o(i.HAL_TIM_ConfigClockSource)
    HAL_TIM_IC_CaptureCallback               0x08002889   Thumb Code     2  stm32f4xx_hal_tim.o(i.HAL_TIM_IC_CaptureCallback)
    HAL_TIM_IRQHandler                       0x0800288b   Thumb Code   304  stm32f4xx_hal_tim.o(i.HAL_TIM_IRQHandler)
    HAL_TIM_MspPostInit                      0x080029bd   Thumb Code    72  tim.o(i.HAL_TIM_MspPostInit)
    HAL_TIM_OC_DelayElapsedCallback          0x08002a11   Thumb Code     2  stm32f4xx_hal_tim.o(i.HAL_TIM_OC_DelayElapsedCallback)
    HAL_TIM_PWM_ConfigChannel                0x08002a13   Thumb Code   204  stm32f4xx_hal_tim.o(i.HAL_TIM_PWM_ConfigChannel)
    HAL_TIM_PWM_Init                         0x08002adf   Thumb Code    90  stm32f4xx_hal_tim.o(i.HAL_TIM_PWM_Init)
    HAL_TIM_PWM_MspInit                      0x08002b39   Thumb Code     2  stm32f4xx_hal_tim.o(i.HAL_TIM_PWM_MspInit)
    HAL_TIM_PWM_PulseFinishedCallback        0x08002b3b   Thumb Code     2  stm32f4xx_hal_tim.o(i.HAL_TIM_PWM_PulseFinishedCallback)
    HAL_TIM_PeriodElapsedCallback            0x08002b3d   Thumb Code    18  bsp_time.o(i.HAL_TIM_PeriodElapsedCallback)
    HAL_TIM_TriggerCallback                  0x08002b55   Thumb Code     2  stm32f4xx_hal_tim.o(i.HAL_TIM_TriggerCallback)
    HAL_UARTEx_RxEventCallback               0x08002b57   Thumb Code     2  stm32f4xx_hal_uart.o(i.HAL_UARTEx_RxEventCallback)
    HAL_UART_ErrorCallback                   0x08002b59   Thumb Code    38  bsp_debug_uart.o(i.HAL_UART_ErrorCallback)
    HAL_UART_IRQHandler                      0x08002b89   Thumb Code   636  stm32f4xx_hal_uart.o(i.HAL_UART_IRQHandler)
    HAL_UART_Init                            0x08002e09   Thumb Code   100  stm32f4xx_hal_uart.o(i.HAL_UART_Init)
    HAL_UART_MspInit                         0x08002e6d   Thumb Code   108  usart.o(i.HAL_UART_MspInit)
    HAL_UART_Receive_IT                      0x08002ee5   Thumb Code    28  stm32f4xx_hal_uart.o(i.HAL_UART_Receive_IT)
    HAL_UART_RxCpltCallback                  0x08002f01   Thumb Code     2  stm32f4xx_hal_uart.o(i.HAL_UART_RxCpltCallback)
    HAL_UART_Transmit_IT                     0x08002f03   Thumb Code    50  stm32f4xx_hal_uart.o(i.HAL_UART_Transmit_IT)
    HAL_UART_TxCpltCallback                  0x08002f35   Thumb Code    14  bsp_debug_uart.o(i.HAL_UART_TxCpltCallback)
    HardFault_Handler                        0x08002f4d   Thumb Code     2  stm32f4xx_it.o(i.HardFault_Handler)
    Init_ADC                                 0x08002f51   Thumb Code    74  adc_sample.o(i.Init_ADC)
    MX_ADC1_Init                             0x08002fb1   Thumb Code   120  adc.o(i.MX_ADC1_Init)
    MX_ADC2_Init                             0x08003035   Thumb Code    82  adc.o(i.MX_ADC2_Init)
    MX_ADC3_Init                             0x08003091   Thumb Code    80  adc.o(i.MX_ADC3_Init)
    MX_CAN1_Init                             0x080030e9   Thumb Code    66  can.o(i.MX_CAN1_Init)
    MX_GPIO_Init                             0x08003135   Thumb Code   200  gpio.o(i.MX_GPIO_Init)
    MX_SPI1_Init                             0x08003209   Thumb Code    66  spi.o(i.MX_SPI1_Init)
    MX_SPI3_Init                             0x08003255   Thumb Code    64  spi.o(i.MX_SPI3_Init)
    MX_TIM1_Init                             0x0800329d   Thumb Code   232  tim.o(i.MX_TIM1_Init)
    MX_TIM2_Init                             0x0800338d   Thumb Code    94  tim.o(i.MX_TIM2_Init)
    MX_USART2_UART_Init                      0x080033f1   Thumb Code    48  usart.o(i.MX_USART2_UART_Init)
    MemManage_Handler                        0x08003429   Thumb Code     2  stm32f4xx_it.o(i.MemManage_Handler)
    NMI_Handler                              0x0800342b   Thumb Code     2  stm32f4xx_it.o(i.NMI_Handler)
    PWM_SetCompare                           0x0800342d   Thumb Code   154  pwm.o(i.PWM_SetCompare)
    PendSV_Handler                           0x080034d5   Thumb Code     2  stm32f4xx_it.o(i.PendSV_Handler)
    PositionSensor_ReadRaw                   0x080034d9   Thumb Code   178  positionsensor.o(i.PositionSensor_ReadRaw)
    PositionSensor_Sample                    0x08003599   Thumb Code   552  positionsensor.o(i.PositionSensor_Sample)
    PositionSensor_WriteLUT                  0x08003801   Thumb Code    12  positionsensor.o(i.PositionSensor_WriteLUT)
    SVC_Handler                              0x08003939   Thumb Code     2  stm32f4xx_it.o(i.SVC_Handler)
    SysTick_Handler                          0x0800393b   Thumb Code     4  stm32f4xx_it.o(i.SysTick_Handler)
    SystemClock_Config                       0x08003941   Thumb Code   142  main.o(i.SystemClock_Config)
    SystemInit                               0x080039d9   Thumb Code    12  system_stm32f4xx.o(i.SystemInit)
    TIM1_UP_TIM10_IRQHandler                 0x080039e9   Thumb Code   210  stm32f4xx_it.o(i.TIM1_UP_TIM10_IRQHandler)
    TIM2_IRQHandler                          0x08003ae1   Thumb Code     6  stm32f4xx_it.o(i.TIM2_IRQHandler)
    TIM_Base_SetConfig                       0x08003aed   Thumb Code   164  stm32f4xx_hal_tim.o(i.TIM_Base_SetConfig)
    TIM_ETR_SetConfig                        0x08003bbd   Thumb Code    20  stm32f4xx_hal_tim.o(i.TIM_ETR_SetConfig)
    TIM_OC2_SetConfig                        0x08003c41   Thumb Code    98  stm32f4xx_hal_tim.o(i.TIM_OC2_SetConfig)
    UART_Start_Receive_IT                    0x08003fd5   Thumb Code    54  stm32f4xx_hal_uart.o(i.UART_Start_Receive_IT)
    USART2_IRQHandler                        0x0800400d   Thumb Code     6  stm32f4xx_it.o(i.USART2_IRQHandler)
    UsageFault_Handler                       0x08004019   Thumb Code     2  stm32f4xx_it.o(i.UsageFault_Handler)
    __hardfp_fmaxf                           0x0800403b   Thumb Code    72  fmaxf.o(i.__hardfp_fmaxf)
    __hardfp_fminf                           0x08004083   Thumb Code    72  fminf.o(i.__hardfp_fminf)
    __hardfp_sqrtf                           0x080040cb   Thumb Code    58  sqrtf.o(i.__hardfp_sqrtf)
    abc                                      0x08004105   Thumb Code   130  foc.o(i.abc)
    calibrate                                0x08004191   Thumb Code    54  drv.o(i.calibrate)
    dq0                                      0x080041c9   Thumb Code   140  foc.o(i.dq0)
    float_to_uint                            0x08004261   Thumb Code    40  math_ops.o(i.float_to_uint)
    fmaxf3                                   0x08004289   Thumb Code    30  math_ops.o(i.fmaxf3)
    fminf3                                   0x080042a7   Thumb Code    30  math_ops.o(i.fminf3)
    init_controller_params                   0x080042c5   Thumb Code    34  foc.o(i.init_controller_params)
    limit_norm                               0x080042f9   Thumb Code    78  math_ops.o(i.limit_norm)
    linearize_dtc                            0x08004349   Thumb Code    86  foc.o(i.linearize_dtc)
    main                                     0x080043ad   Thumb Code   254  main.o(i.main)
    pack_reply                               0x0800460d   Thumb Code   182  can_com.o(i.pack_reply)
    read_register                            0x080046cd   Thumb Code    36  drv.o(i.read_register)
    reset_foc                                0x080046f1   Thumb Code    82  foc.o(i.reset_foc)
    reset_observer                           0x08004749   Thumb Code    18  foc.o(i.reset_observer)
    svm                                      0x08004769   Thumb Code   186  foc.o(i.svm)
    torque_control                           0x0800482d   Thumb Code    98  foc.o(i.torque_control)
    uint_to_float                            0x080048a9   Thumb Code    40  math_ops.o(i.uint_to_float)
    unpack_cmd                               0x080048d1   Thumb Code   166  can_com.o(i.unpack_cmd)
    unpack_special_cmd                       0x08004989   Thumb Code    48  can_com.o(i.unpack_special_cmd)
    write_CSACR                              0x080049b9   Thumb Code    58  drv.o(i.write_CSACR)
    write_DCR                                0x080049f3   Thumb Code    58  drv.o(i.write_DCR)
    write_OCPCR                              0x08004a2d   Thumb Code    30  drv.o(i.write_OCPCR)
    write_register                           0x08004a4b   Thumb Code    20  drv.o(i.write_register)
    zero_current                             0x08004a5f   Thumb Code    84  adc_sample.o(i.zero_current)
    __fcmp4                                  0x08004ab5   Thumb Code    24  fcmp4.o(x$fpl$fcmp4)
    __ARM_fcmp4                              0x08004acd   Thumb Code     0  fcmp4.o(x$fpl$fcmp4)
    _fcmp4                                   0x08004acd   Thumb Code    58  fcmp4.o(x$fpl$fcmp4)
    __fpl_fcmp_Inf                           0x08004b07   Thumb Code    24  fcmpi.o(x$fpl$fcmpinf)
    __fpl_fnaninf                            0x08004b1f   Thumb Code   140  fnaninf.o(x$fpl$fnaninf)
    _fp_init                                 0x08004bab   Thumb Code    10  fpinit.o(x$fpl$fpinit)
    __fplib_config_fpu_vfp                   0x08004bb3   Thumb Code     0  fpinit.o(x$fpl$fpinit)
    __fplib_config_pureend_doubles           0x08004bb3   Thumb Code     0  fpinit.o(x$fpl$fpinit)
    AHBPrescTable                            0x08004bb4   Data          16  system_stm32f4xx.o(.constdata)
    __I$use$fp                               0x08004bb4   Number         0  usenofp.o(x$fpl$usenofp)
    APBPrescTable                            0x08004bc4   Data           8  system_stm32f4xx.o(.constdata)
    SinTable                                 0x08004bcc   Data        2048  lut.o(.constdata)
    Region$$Table$$Base                      0x080053cc   Number         0  anon$$obj.o(Region$$Table)
    Region$$Table$$Limit                     0x080053ec   Number         0  anon$$obj.o(Region$$Table)
    uwTickFreq                               0x20000000   Data           1  stm32f4xx_hal.o(.data)
    uwTickPrio                               0x20000004   Data           4  stm32f4xx_hal.o(.data)
    uwTick                                   0x20000008   Data           4  stm32f4xx_hal.o(.data)
    SystemCoreClock                          0x2000000c   Data           4  system_stm32f4xx.o(.data)
    state                                    0x20000024   Data           4  app.o(.data)
    can_mode_request                         0x20000028   Data           4  app.o(.data)
    can_zero_request                         0x2000002c   Data           4  app.o(.data)
    can_id_request                           0x20000030   Data           4  app.o(.data)
    can_master_request                       0x20000034   Data           4  app.o(.data)
    command                                  0x20000050   Data          20  main.o(.bss)
    controller                               0x20000064   Data         148  main.o(.bss)
    observer                                 0x200000f8   Data          24  main.o(.bss)
    motor_parameters                         0x20000110   Data         572  main.o(.bss)
    position_sample                          0x2000034c   Data          36  main.o(.bss)
    hadc1                                    0x20000370   Data          72  adc.o(.bss)
    hadc2                                    0x200003b8   Data          72  adc.o(.bss)
    hadc3                                    0x20000400   Data          72  adc.o(.bss)
    hcan1                                    0x20000448   Data          40  can.o(.bss)
    hspi1                                    0x20000470   Data          88  spi.o(.bss)
    hspi3                                    0x200004c8   Data          88  spi.o(.bss)
    htim1                                    0x20000520   Data          72  tim.o(.bss)
    htim2                                    0x20000568   Data          72  tim.o(.bss)
    huart2                                   0x200005b0   Data          72  usart.o(.bss)
    __libspace_start                         0x2000098c   Data          96  libspace.o(.bss)
    __temporary_stack_top$libspace           0x200009ec   Data           0  libspace.o(.bss)



==============================================================================

Memory Map of the image

  Image Entry point : 0x080001c5

  Load Region LR_IROM1 (Base: 0x08000000, Size: 0x0000543c, Max: 0x00040000, ABSOLUTE)

    Execution Region ER_IROM1 (Exec base: 0x08000000, Load base: 0x08000000, Size: 0x000053ec, Max: 0x00040000, ABSOLUTE)

    Exec Addr    Load Addr    Size         Type   Attr      Idx    E Section Name        Object

    0x08000000   0x08000000   0x000001c4   Data   RO            3    RESET               startup_stm32f446xx.o
    0x080001c4   0x080001c4   0x00000008   Code   RO         4812  * !!!main             c_w.l(__main.o)
    0x080001cc   0x080001cc   0x00000034   Code   RO         5043    !!!scatter          c_w.l(__scatter.o)
    0x08000200   0x08000200   0x0000001a   Code   RO         5045    !!handler_copy      c_w.l(__scatter_copy.o)
    0x0800021a   0x0800021a   0x00000002   PAD
    0x0800021c   0x0800021c   0x0000001c   Code   RO         5047    !!handler_zi        c_w.l(__scatter_zi.o)
    0x08000238   0x08000238   0x00000002   Code   RO         4916    .ARM.Collect$$libinit$$00000000  c_w.l(libinit.o)
    0x0800023a   0x0800023a   0x00000004   Code   RO         4925    .ARM.Collect$$libinit$$00000001  c_w.l(libinit2.o)
    0x0800023e   0x0800023e   0x00000000   Code   RO         4928    .ARM.Collect$$libinit$$00000004  c_w.l(libinit2.o)
    0x0800023e   0x0800023e   0x00000000   Code   RO         4931    .ARM.Collect$$libinit$$0000000A  c_w.l(libinit2.o)
    0x0800023e   0x0800023e   0x00000000   Code   RO         4933    .ARM.Collect$$libinit$$0000000C  c_w.l(libinit2.o)
    0x0800023e   0x0800023e   0x00000000   Code   RO         4935    .ARM.Collect$$libinit$$0000000E  c_w.l(libinit2.o)
    0x0800023e   0x0800023e   0x00000000   Code   RO         4938    .ARM.Collect$$libinit$$00000011  c_w.l(libinit2.o)
    0x0800023e   0x0800023e   0x00000000   Code   RO         4940    .ARM.Collect$$libinit$$00000013  c_w.l(libinit2.o)
    0x0800023e   0x0800023e   0x00000000   Code   RO         4942    .ARM.Collect$$libinit$$00000015  c_w.l(libinit2.o)
    0x0800023e   0x0800023e   0x00000000   Code   RO         4944    .ARM.Collect$$libinit$$00000017  c_w.l(libinit2.o)
    0x0800023e   0x0800023e   0x00000000   Code   RO         4946    .ARM.Collect$$libinit$$00000019  c_w.l(libinit2.o)
    0x0800023e   0x0800023e   0x00000000   Code   RO         4948    .ARM.Collect$$libinit$$0000001B  c_w.l(libinit2.o)
    0x0800023e   0x0800023e   0x00000000   Code   RO         4950    .ARM.Collect$$libinit$$0000001D  c_w.l(libinit2.o)
    0x0800023e   0x0800023e   0x00000000   Code   RO         4952    .ARM.Collect$$libinit$$0000001F  c_w.l(libinit2.o)
    0x0800023e   0x0800023e   0x00000000   Code   RO         4954    .ARM.Collect$$libinit$$00000021  c_w.l(libinit2.o)
    0x0800023e   0x0800023e   0x00000000   Code   RO         4956    .ARM.Collect$$libinit$$00000023  c_w.l(libinit2.o)
    0x0800023e   0x0800023e   0x00000000   Code   RO         4958    .ARM.Collect$$libinit$$00000025  c_w.l(libinit2.o)
    0x0800023e   0x0800023e   0x00000000   Code   RO         4962    .ARM.Collect$$libinit$$0000002C  c_w.l(libinit2.o)
    0x0800023e   0x0800023e   0x00000000   Code   RO         4964    .ARM.Collect$$libinit$$0000002E  c_w.l(libinit2.o)
    0x0800023e   0x0800023e   0x00000000   Code   RO         4966    .ARM.Collect$$libinit$$00000030  c_w.l(libinit2.o)
    0x0800023e   0x0800023e   0x00000000   Code   RO         4968    .ARM.Collect$$libinit$$00000032  c_w.l(libinit2.o)
    0x0800023e   0x0800023e   0x00000002   Code   RO         4969    .ARM.Collect$$libinit$$00000033  c_w.l(libinit2.o)
    0x08000240   0x08000240   0x00000002   Code   RO         5000    .ARM.Collect$$libshutdown$$00000000  c_w.l(libshutdown.o)
    0x08000242   0x08000242   0x00000000   Code   RO         5026    .ARM.Collect$$libshutdown$$00000002  c_w.l(libshutdown2.o)
    0x08000242   0x08000242   0x00000000   Code   RO         5028    .ARM.Collect$$libshutdown$$00000004  c_w.l(libshutdown2.o)
    0x08000242   0x08000242   0x00000000   Code   RO         5031    .ARM.Collect$$libshutdown$$00000007  c_w.l(libshutdown2.o)
    0x08000242   0x08000242   0x00000000   Code   RO         5034    .ARM.Collect$$libshutdown$$0000000A  c_w.l(libshutdown2.o)
    0x08000242   0x08000242   0x00000000   Code   RO         5036    .ARM.Collect$$libshutdown$$0000000C  c_w.l(libshutdown2.o)
    0x08000242   0x08000242   0x00000000   Code   RO         5039    .ARM.Collect$$libshutdown$$0000000F  c_w.l(libshutdown2.o)
    0x08000242   0x08000242   0x00000002   Code   RO         5040    .ARM.Collect$$libshutdown$$00000010  c_w.l(libshutdown2.o)
    0x08000244   0x08000244   0x00000000   Code   RO         4846    .ARM.Collect$$rtentry$$00000000  c_w.l(__rtentry.o)
    0x08000244   0x08000244   0x00000000   Code   RO         4875    .ARM.Collect$$rtentry$$00000002  c_w.l(__rtentry2.o)
    0x08000244   0x08000244   0x00000006   Code   RO         4887    .ARM.Collect$$rtentry$$00000004  c_w.l(__rtentry4.o)
    0x0800024a   0x0800024a   0x00000000   Code   RO         4877    .ARM.Collect$$rtentry$$00000009  c_w.l(__rtentry2.o)
    0x0800024a   0x0800024a   0x00000004   Code   RO         4878    .ARM.Collect$$rtentry$$0000000A  c_w.l(__rtentry2.o)
    0x0800024e   0x0800024e   0x00000000   Code   RO         4880    .ARM.Collect$$rtentry$$0000000C  c_w.l(__rtentry2.o)
    0x0800024e   0x0800024e   0x00000008   Code   RO         4881    .ARM.Collect$$rtentry$$0000000D  c_w.l(__rtentry2.o)
    0x08000256   0x08000256   0x00000002   Code   RO         4917    .ARM.Collect$$rtexit$$00000000  c_w.l(rtexit.o)
    0x08000258   0x08000258   0x00000000   Code   RO         4973    .ARM.Collect$$rtexit$$00000002  c_w.l(rtexit2.o)
    0x08000258   0x08000258   0x00000004   Code   RO         4974    .ARM.Collect$$rtexit$$00000003  c_w.l(rtexit2.o)
    0x0800025c   0x0800025c   0x00000006   Code   RO         4975    .ARM.Collect$$rtexit$$00000004  c_w.l(rtexit2.o)
    0x08000262   0x08000262   0x00000002   PAD
    0x08000264   0x08000264   0x00000040   Code   RO            4    .text               startup_stm32f446xx.o
    0x080002a4   0x080002a4   0x000000ee   Code   RO         4804    .text               c_w.l(lludivv7m.o)
    0x08000392   0x08000392   0x00000064   Code   RO         4806    .text               c_w.l(rt_memcpy_w.o)
    0x080003f6   0x080003f6   0x0000004e   Code   RO         4808    .text               c_w.l(rt_memclr_w.o)
    0x08000444   0x08000444   0x00000006   Code   RO         4810    .text               c_w.l(heapauxi.o)
    0x0800044a   0x0800044a   0x00000016   Code   RO         4851    .text               c_w.l(_rserrno.o)
    0x08000460   0x08000460   0x00000008   Code   RO         4894    .text               c_w.l(rt_errno_addr_intlibspace.o)
    0x08000468   0x08000468   0x00000008   Code   RO         4900    .text               c_w.l(libspace.o)
    0x08000470   0x08000470   0x0000004a   Code   RO         4903    .text               c_w.l(sys_stackheap_outer.o)
    0x080004ba   0x080004ba   0x00000012   Code   RO         4905    .text               c_w.l(exit.o)
    0x080004cc   0x080004cc   0x0000000c   Code   RO         4970    .text               c_w.l(sys_exit.o)
    0x080004d8   0x080004d8   0x00000002   Code   RO         4989    .text               c_w.l(use_no_semi.o)
    0x080004da   0x080004da   0x00000000   Code   RO         4991    .text               c_w.l(indicate_semi.o)
    0x080004da   0x080004da   0x00000002   PAD
    0x080004dc   0x080004dc   0x00000128   Code   RO          644    i.ADC_Init          stm32f4xx_hal_adc.o
    0x08000604   0x08000604   0x000000ac   Code   RO         4766    i.ADC_Sample        adc_sample.o
    0x080006b0   0x080006b0   0x00000030   Code   RO         4301    i.BSP_CAN_Read      bsp_can.o
    0x080006e0   0x080006e0   0x00000040   Code   RO         4302    i.BSP_CAN_SetFilter  bsp_can.o
    0x08000720   0x08000720   0x00000020   Code   RO         4204    i.BSP_DebugUart_StartReceive  bsp_debug_uart.o
    0x08000740   0x08000740   0x00000068   Code   RO         4205    i.BSP_DebugUart_TryWrite  bsp_debug_uart.o
    0x080007a8   0x080007a8   0x00000058   Code   RO         4260    i.BSP_EmergencyStop  bsp_emergency_stop.o
    0x08000800   0x08000800   0x000000a4   Code   RO         4101    i.BSP_SafeGpioEarlyInit  bsp_safe_gpio.o
    0x080008a4   0x080008a4   0x00000068   Code   RO         4128    i.BSP_Time_ConfigIsValid  bsp_time.o
    0x0800090c   0x0800090c   0x0000000c   Code   RO         4129    i.BSP_Time_ElapsedCycles32  bsp_time.o
    0x08000918   0x08000918   0x00000068   Code   RO         4132    i.BSP_Time_Init     bsp_time.o
    0x08000980   0x08000980   0x0000000c   Code   RO         4133    i.BSP_Time_NowCycles32  bsp_time.o
    0x0800098c   0x0800098c   0x00000002   Code   RO          502    i.BusFault_Handler  stm32f4xx_it.o
    0x0800098e   0x0800098e   0x00000002   PAD
    0x08000990   0x08000990   0x0000000c   Code   RO          503    i.CAN1_RX0_IRQHandler  stm32f4xx_it.o
    0x0800099c   0x0800099c   0x00000098   Code   RO         4577    i.DRV_Init          drv.o
    0x08000a34   0x08000a34   0x0000003c   Code   RO         4579    i.DRV_Transfer16    drv.o
    0x08000a70   0x08000a70   0x00000002   Code   RO          504    i.DebugMon_Handler  stm32f4xx_it.o
    0x08000a72   0x08000a72   0x0000000a   Code   RO           13    i.Error_Handler     main.o
    0x08000a7c   0x08000a7c   0x000000b8   Code   RO         4455    i.FOC_SetAdcSnapshot  foc.o
    0x08000b34   0x08000b34   0x00000230   Code   RO         4456    i.FOC_Step          foc.o
    0x08000d64   0x08000d64   0x00000010   Code   RO         4412    i.FastCos           fastmath.o
    0x08000d74   0x08000d74   0x00000054   Code   RO         4413    i.FastSin           fastmath.o
    0x08000dc8   0x08000dc8   0x00000054   Code   RO          822    i.HAL_ADCEx_MultiModeConfigChannel  stm32f4xx_hal_adc_ex.o
    0x08000e1c   0x08000e1c   0x00000164   Code   RO          646    i.HAL_ADC_ConfigChannel  stm32f4xx_hal_adc.o
    0x08000f80   0x08000f80   0x00000054   Code   RO          655    i.HAL_ADC_Init      stm32f4xx_hal_adc.o
    0x08000fd4   0x08000fd4   0x000000d0   Code   RO          263    i.HAL_ADC_MspInit   adc.o
    0x080010a4   0x080010a4   0x00000024   Code   RO         2172    i.HAL_CAN_ActivateNotification  stm32f4xx_hal_can.o
    0x080010c8   0x080010c8   0x000000bc   Code   RO         2173    i.HAL_CAN_AddTxMessage  stm32f4xx_hal_can.o
    0x08001184   0x08001184   0x0000010c   Code   RO         2174    i.HAL_CAN_ConfigFilter  stm32f4xx_hal_can.o
    0x08001290   0x08001290   0x00000024   Code   RO         2176    i.HAL_CAN_DeactivateNotification  stm32f4xx_hal_can.o
    0x080012b4   0x080012b4   0x00000002   Code   RO         2177    i.HAL_CAN_ErrorCallback  stm32f4xx_hal_can.o
    0x080012b6   0x080012b6   0x000000f4   Code   RO         2180    i.HAL_CAN_GetRxMessage  stm32f4xx_hal_can.o
    0x080013aa   0x080013aa   0x000001fc   Code   RO         2184    i.HAL_CAN_IRQHandler  stm32f4xx_hal_can.o
    0x080015a6   0x080015a6   0x0000011a   Code   RO         2185    i.HAL_CAN_Init      stm32f4xx_hal_can.o
    0x080016c0   0x080016c0   0x00000078   Code   RO          317    i.HAL_CAN_MspInit   can.o
    0x08001738   0x08001738   0x00000002   Code   RO         2192    i.HAL_CAN_RxFifo0FullCallback  stm32f4xx_hal_can.o
    0x0800173a   0x0800173a   0x00000002   PAD
    0x0800173c   0x0800173c   0x0000002c   Code   RO         4303    i.HAL_CAN_RxFifo0MsgPendingCallback  bsp_can.o
    0x08001768   0x08001768   0x00000002   Code   RO         2194    i.HAL_CAN_RxFifo1FullCallback  stm32f4xx_hal_can.o
    0x0800176a   0x0800176a   0x00000002   Code   RO         2195    i.HAL_CAN_RxFifo1MsgPendingCallback  stm32f4xx_hal_can.o
    0x0800176c   0x0800176c   0x00000002   Code   RO         2196    i.HAL_CAN_SleepCallback  stm32f4xx_hal_can.o
    0x0800176e   0x0800176e   0x00000002   PAD
    0x08001770   0x08001770   0x00000058   Code   RO         2197    i.HAL_CAN_Start     stm32f4xx_hal_can.o
    0x080017c8   0x080017c8   0x00000002   Code   RO         2199    i.HAL_CAN_TxMailbox0AbortCallback  stm32f4xx_hal_can.o
    0x080017ca   0x080017ca   0x00000002   Code   RO         2200    i.HAL_CAN_TxMailbox0CompleteCallback  stm32f4xx_hal_can.o
    0x080017cc   0x080017cc   0x00000002   Code   RO         2201    i.HAL_CAN_TxMailbox1AbortCallback  stm32f4xx_hal_can.o
    0x080017ce   0x080017ce   0x00000002   Code   RO         2202    i.HAL_CAN_TxMailbox1CompleteCallback  stm32f4xx_hal_can.o
    0x080017d0   0x080017d0   0x00000002   Code   RO         2203    i.HAL_CAN_TxMailbox2AbortCallback  stm32f4xx_hal_can.o
    0x080017d2   0x080017d2   0x00000002   Code   RO         2204    i.HAL_CAN_TxMailbox2CompleteCallback  stm32f4xx_hal_can.o
    0x080017d4   0x080017d4   0x00000002   Code   RO         2206    i.HAL_CAN_WakeUpFromRxMsgCallback  stm32f4xx_hal_can.o
    0x080017d6   0x080017d6   0x00000092   Code   RO         1465    i.HAL_DMA_Abort     stm32f4xx_hal_dma.o
    0x08001868   0x08001868   0x00000024   Code   RO         1466    i.HAL_DMA_Abort_IT  stm32f4xx_hal_dma.o
    0x0800188c   0x0800188c   0x00000024   Code   RO         1920    i.HAL_Delay         stm32f4xx_hal.o
    0x080018b0   0x080018b0   0x000001dc   Code   RO         1358    i.HAL_GPIO_Init     stm32f4xx_hal_gpio.o
    0x08001a8c   0x08001a8c   0x0000000a   Code   RO         1362    i.HAL_GPIO_WritePin  stm32f4xx_hal_gpio.o
    0x08001a96   0x08001a96   0x00000002   PAD
    0x08001a98   0x08001a98   0x0000000c   Code   RO         1926    i.HAL_GetTick       stm32f4xx_hal.o
    0x08001aa4   0x08001aa4   0x00000010   Code   RO         1932    i.HAL_IncTick       stm32f4xx_hal.o
    0x08001ab4   0x08001ab4   0x00000034   Code   RO         1933    i.HAL_Init          stm32f4xx_hal.o
    0x08001ae8   0x08001ae8   0x00000040   Code   RO         1934    i.HAL_InitTick      stm32f4xx_hal.o
    0x08001b28   0x08001b28   0x00000030   Code   RO          617    i.HAL_MspInit       stm32f4xx_hal_msp.o
    0x08001b58   0x08001b58   0x0000001a   Code   RO         1766    i.HAL_NVIC_ClearPendingIRQ  stm32f4xx_hal_cortex.o
    0x08001b72   0x08001b72   0x0000001a   Code   RO         1768    i.HAL_NVIC_EnableIRQ  stm32f4xx_hal_cortex.o
    0x08001b8c   0x08001b8c   0x00000040   Code   RO         1774    i.HAL_NVIC_SetPriority  stm32f4xx_hal_cortex.o
    0x08001bcc   0x08001bcc   0x00000024   Code   RO         1775    i.HAL_NVIC_SetPriorityGrouping  stm32f4xx_hal_cortex.o
    0x08001bf0   0x08001bf0   0x00000070   Code   RO         1694    i.HAL_PWREx_EnableOverDrive  stm32f4xx_hal_pwr_ex.o
    0x08001c60   0x08001c60   0x00000134   Code   RO          920    i.HAL_RCC_ClockConfig  stm32f4xx_hal_rcc.o
    0x08001d94   0x08001d94   0x00000020   Code   RO          927    i.HAL_RCC_GetPCLK1Freq  stm32f4xx_hal_rcc.o
    0x08001db4   0x08001db4   0x00000020   Code   RO          928    i.HAL_RCC_GetPCLK2Freq  stm32f4xx_hal_rcc.o
    0x08001dd4   0x08001dd4   0x00000094   Code   RO         1031    i.HAL_RCC_GetSysClockFreq  stm32f4xx_hal_rcc_ex.o
    0x08001e68   0x08001e68   0x00000398   Code   RO         1032    i.HAL_RCC_OscConfig  stm32f4xx_hal_rcc_ex.o
    0x08002200   0x08002200   0x000000bc   Code   RO         2416    i.HAL_SPI_Init      stm32f4xx_hal_spi.o
    0x080022bc   0x080022bc   0x000000b0   Code   RO          359    i.HAL_SPI_MspInit   spi.o
    0x0800236c   0x0800236c   0x000001f0   Code   RO         2425    i.HAL_SPI_TransmitReceive  stm32f4xx_hal_spi.o
    0x0800255c   0x0800255c   0x00000028   Code   RO         1779    i.HAL_SYSTICK_Config  stm32f4xx_hal_cortex.o
    0x08002584   0x08002584   0x00000002   Code   RO         3433    i.HAL_TIMEx_BreakCallback  stm32f4xx_hal_tim_ex.o
    0x08002586   0x08002586   0x00000002   Code   RO         3434    i.HAL_TIMEx_CommutCallback  stm32f4xx_hal_tim_ex.o
    0x08002588   0x08002588   0x00000054   Code   RO         3436    i.HAL_TIMEx_ConfigBreakDeadTime  stm32f4xx_hal_tim_ex.o
    0x080025dc   0x080025dc   0x00000090   Code   RO         3452    i.HAL_TIMEx_MasterConfigSynchronization  stm32f4xx_hal_tim_ex.o
    0x0800266c   0x0800266c   0x0000005a   Code   RO         2729    i.HAL_TIM_Base_Init  stm32f4xx_hal_tim.o
    0x080026c6   0x080026c6   0x00000002   PAD
    0x080026c8   0x080026c8   0x00000064   Code   RO          407    i.HAL_TIM_Base_MspInit  tim.o
    0x0800272c   0x0800272c   0x00000080   Code   RO         2734    i.HAL_TIM_Base_Start_IT  stm32f4xx_hal_tim.o
    0x080027ac   0x080027ac   0x000000dc   Code   RO         2738    i.HAL_TIM_ConfigClockSource  stm32f4xx_hal_tim.o
    0x08002888   0x08002888   0x00000002   Code   RO         2763    i.HAL_TIM_IC_CaptureCallback  stm32f4xx_hal_tim.o
    0x0800288a   0x0800288a   0x00000130   Code   RO         2777    i.HAL_TIM_IRQHandler  stm32f4xx_hal_tim.o
    0x080029ba   0x080029ba   0x00000002   PAD
    0x080029bc   0x080029bc   0x00000054   Code   RO          408    i.HAL_TIM_MspPostInit  tim.o
    0x08002a10   0x08002a10   0x00000002   Code   RO         2780    i.HAL_TIM_OC_DelayElapsedCallback  stm32f4xx_hal_tim.o
    0x08002a12   0x08002a12   0x000000cc   Code   RO         2801    i.HAL_TIM_PWM_ConfigChannel  stm32f4xx_hal_tim.o
    0x08002ade   0x08002ade   0x0000005a   Code   RO         2804    i.HAL_TIM_PWM_Init  stm32f4xx_hal_tim.o
    0x08002b38   0x08002b38   0x00000002   Code   RO         2806    i.HAL_TIM_PWM_MspInit  stm32f4xx_hal_tim.o
    0x08002b3a   0x08002b3a   0x00000002   Code   RO         2807    i.HAL_TIM_PWM_PulseFinishedCallback  stm32f4xx_hal_tim.o
    0x08002b3c   0x08002b3c   0x00000018   Code   RO         4136    i.HAL_TIM_PeriodElapsedCallback  bsp_time.o
    0x08002b54   0x08002b54   0x00000002   Code   RO         2820    i.HAL_TIM_TriggerCallback  stm32f4xx_hal_tim.o
    0x08002b56   0x08002b56   0x00000002   Code   RO         3712    i.HAL_UARTEx_RxEventCallback  stm32f4xx_hal_uart.o
    0x08002b58   0x08002b58   0x00000030   Code   RO         4206    i.HAL_UART_ErrorCallback  bsp_debug_uart.o
    0x08002b88   0x08002b88   0x00000280   Code   RO         3729    i.HAL_UART_IRQHandler  stm32f4xx_hal_uart.o
    0x08002e08   0x08002e08   0x00000064   Code   RO         3730    i.HAL_UART_Init     stm32f4xx_hal_uart.o
    0x08002e6c   0x08002e6c   0x00000078   Code   RO          461    i.HAL_UART_MspInit  usart.o
    0x08002ee4   0x08002ee4   0x0000001c   Code   RO         3735    i.HAL_UART_Receive_IT  stm32f4xx_hal_uart.o
    0x08002f00   0x08002f00   0x00000002   Code   RO         3736    i.HAL_UART_RxCpltCallback  stm32f4xx_hal_uart.o
    0x08002f02   0x08002f02   0x00000032   Code   RO         3740    i.HAL_UART_Transmit_IT  stm32f4xx_hal_uart.o
    0x08002f34   0x08002f34   0x00000018   Code   RO         4207    i.HAL_UART_TxCpltCallback  bsp_debug_uart.o
    0x08002f4c   0x08002f4c   0x00000002   Code   RO          505    i.HardFault_Handler  stm32f4xx_it.o
    0x08002f4e   0x08002f4e   0x00000002   PAD
    0x08002f50   0x08002f50   0x00000060   Code   RO         4767    i.Init_ADC          adc_sample.o
    0x08002fb0   0x08002fb0   0x00000084   Code   RO          264    i.MX_ADC1_Init      adc.o
    0x08003034   0x08003034   0x0000005c   Code   RO          265    i.MX_ADC2_Init      adc.o
    0x08003090   0x08003090   0x00000058   Code   RO          266    i.MX_ADC3_Init      adc.o
    0x080030e8   0x080030e8   0x0000004c   Code   RO          318    i.MX_CAN1_Init      can.o
    0x08003134   0x08003134   0x000000d4   Code   RO          235    i.MX_GPIO_Init      gpio.o
    0x08003208   0x08003208   0x0000004c   Code   RO          360    i.MX_SPI1_Init      spi.o
    0x08003254   0x08003254   0x00000048   Code   RO          361    i.MX_SPI3_Init      spi.o
    0x0800329c   0x0800329c   0x000000f0   Code   RO          409    i.MX_TIM1_Init      tim.o
    0x0800338c   0x0800338c   0x00000064   Code   RO          410    i.MX_TIM2_Init      tim.o
    0x080033f0   0x080033f0   0x00000038   Code   RO          462    i.MX_USART2_UART_Init  usart.o
    0x08003428   0x08003428   0x00000002   Code   RO          506    i.MemManage_Handler  stm32f4xx_it.o
    0x0800342a   0x0800342a   0x00000002   Code   RO          507    i.NMI_Handler       stm32f4xx_it.o
    0x0800342c   0x0800342c   0x000000a8   Code   RO         4727    i.PWM_SetCompare    pwm.o
    0x080034d4   0x080034d4   0x00000002   Code   RO          508    i.PendSV_Handler    stm32f4xx_it.o
    0x080034d6   0x080034d6   0x00000002   PAD
    0x080034d8   0x080034d8   0x000000c0   Code   RO         4676    i.PositionSensor_ReadRaw  positionsensor.o
    0x08003598   0x08003598   0x00000268   Code   RO         4678    i.PositionSensor_Sample  positionsensor.o
    0x08003800   0x08003800   0x00000010   Code   RO         4679    i.PositionSensor_WriteLUT  positionsensor.o
    0x08003810   0x08003810   0x0000006c   Code   RO         2454    i.SPI_EndRxTxTransaction  stm32f4xx_hal_spi.o
    0x0800387c   0x0800387c   0x000000bc   Code   RO         2459    i.SPI_WaitFlagStateUntilTimeout  stm32f4xx_hal_spi.o
    0x08003938   0x08003938   0x00000002   Code   RO          509    i.SVC_Handler       stm32f4xx_it.o
    0x0800393a   0x0800393a   0x00000004   Code   RO          510    i.SysTick_Handler   stm32f4xx_it.o
    0x0800393e   0x0800393e   0x00000002   PAD
    0x08003940   0x08003940   0x00000098   Code   RO           14    i.SystemClock_Config  main.o
    0x080039d8   0x080039d8   0x00000010   Code   RO         4064    i.SystemInit        system_stm32f4xx.o
    0x080039e8   0x080039e8   0x000000f8   Code   RO          511    i.TIM1_UP_TIM10_IRQHandler  stm32f4xx_it.o
    0x08003ae0   0x08003ae0   0x0000000c   Code   RO          512    i.TIM2_IRQHandler   stm32f4xx_it.o
    0x08003aec   0x08003aec   0x000000d0   Code   RO         2822    i.TIM_Base_SetConfig  stm32f4xx_hal_tim.o
    0x08003bbc   0x08003bbc   0x00000014   Code   RO         2833    i.TIM_ETR_SetConfig  stm32f4xx_hal_tim.o
    0x08003bd0   0x08003bd0   0x00000010   Code   RO         2834    i.TIM_ITRx_SetConfig  stm32f4xx_hal_tim.o
    0x08003be0   0x08003be0   0x00000060   Code   RO         2835    i.TIM_OC1_SetConfig  stm32f4xx_hal_tim.o
    0x08003c40   0x08003c40   0x0000006c   Code   RO         2836    i.TIM_OC2_SetConfig  stm32f4xx_hal_tim.o
    0x08003cac   0x08003cac   0x00000068   Code   RO         2837    i.TIM_OC3_SetConfig  stm32f4xx_hal_tim.o
    0x08003d14   0x08003d14   0x00000050   Code   RO         2838    i.TIM_OC4_SetConfig  stm32f4xx_hal_tim.o
    0x08003d64   0x08003d64   0x00000022   Code   RO         2840    i.TIM_TI1_ConfigInputStage  stm32f4xx_hal_tim.o
    0x08003d86   0x08003d86   0x00000024   Code   RO         2842    i.TIM_TI2_ConfigInputStage  stm32f4xx_hal_tim.o
    0x08003daa   0x08003daa   0x0000000e   Code   RO         3743    i.UART_DMAAbortOnError  stm32f4xx_hal_uart.o
    0x08003db8   0x08003db8   0x0000004e   Code   RO         3753    i.UART_EndRxTransfer  stm32f4xx_hal_uart.o
    0x08003e06   0x08003e06   0x000000c2   Code   RO         3755    i.UART_Receive_IT   stm32f4xx_hal_uart.o
    0x08003ec8   0x08003ec8   0x0000010c   Code   RO         3756    i.UART_SetConfig    stm32f4xx_hal_uart.o
    0x08003fd4   0x08003fd4   0x00000036   Code   RO         3758    i.UART_Start_Receive_IT  stm32f4xx_hal_uart.o
    0x0800400a   0x0800400a   0x00000002   PAD
    0x0800400c   0x0800400c   0x0000000c   Code   RO          513    i.USART2_IRQHandler  stm32f4xx_it.o
    0x08004018   0x08004018   0x00000002   Code   RO          514    i.UsageFault_Handler  stm32f4xx_it.o
    0x0800401a   0x0800401a   0x00000020   Code   RO         1781    i.__NVIC_SetPriority  stm32f4xx_hal_cortex.o
    0x0800403a   0x0800403a   0x00000048   Code   RO         4838    i.__hardfp_fmaxf    m_wm.l(fmaxf.o)
    0x08004082   0x08004082   0x00000048   Code   RO         4842    i.__hardfp_fminf    m_wm.l(fminf.o)
    0x080040ca   0x080040ca   0x0000003a   Code   RO         4826    i.__hardfp_sqrtf    m_wm.l(sqrtf.o)
    0x08004104   0x08004104   0x0000008c   Code   RO         4457    i.abc               foc.o
    0x08004190   0x08004190   0x00000036   Code   RO         4580    i.calibrate         drv.o
    0x080041c6   0x080041c6   0x00000002   PAD
    0x080041c8   0x080041c8   0x00000098   Code   RO         4458    i.dq0               foc.o
    0x08004260   0x08004260   0x00000028   Code   RO         4349    i.float_to_uint     math_ops.o
    0x08004288   0x08004288   0x0000001e   Code   RO         4350    i.fmaxf3            math_ops.o
    0x080042a6   0x080042a6   0x0000001e   Code   RO         4351    i.fminf3            math_ops.o
    0x080042c4   0x080042c4   0x00000034   Code   RO         4459    i.init_controller_params  foc.o
    0x080042f8   0x080042f8   0x0000004e   Code   RO         4353    i.limit_norm        math_ops.o
    0x08004346   0x08004346   0x00000002   PAD
    0x08004348   0x08004348   0x00000064   Code   RO         4460    i.linearize_dtc     foc.o
    0x080043ac   0x080043ac   0x00000128   Code   RO           15    i.main              main.o
    0x080044d4   0x080044d4   0x00000138   Code   RO           16    i.onMsgReceived     main.o
    0x0800460c   0x0800460c   0x000000c0   Code   RO         4534    i.pack_reply        can_com.o
    0x080046cc   0x080046cc   0x00000024   Code   RO         4583    i.read_register     drv.o
    0x080046f0   0x080046f0   0x00000058   Code   RO         4461    i.reset_foc         foc.o
    0x08004748   0x08004748   0x00000020   Code   RO         4462    i.reset_observer    foc.o
    0x08004768   0x08004768   0x000000c4   Code   RO         4463    i.svm               foc.o
    0x0800482c   0x0800482c   0x0000007c   Code   RO         4464    i.torque_control    foc.o
    0x080048a8   0x080048a8   0x00000028   Code   RO         4355    i.uint_to_float     math_ops.o
    0x080048d0   0x080048d0   0x000000b8   Code   RO         4535    i.unpack_cmd        can_com.o
    0x08004988   0x08004988   0x00000030   Code   RO         4536    i.unpack_special_cmd  can_com.o
    0x080049b8   0x080049b8   0x0000003a   Code   RO         4584    i.write_CSACR       drv.o
    0x080049f2   0x080049f2   0x0000003a   Code   RO         4585    i.write_DCR         drv.o
    0x08004a2c   0x08004a2c   0x0000001e   Code   RO         4588    i.write_OCPCR       drv.o
    0x08004a4a   0x08004a4a   0x00000014   Code   RO         4589    i.write_register    drv.o
    0x08004a5e   0x08004a5e   0x00000054   Code   RO         4768    i.zero_current      adc_sample.o
    0x08004ab2   0x08004ab2   0x00000002   PAD
    0x08004ab4   0x08004ab4   0x00000052   Code   RO         4853    x$fpl$fcmp4         fz_wm.l(fcmp4.o)
    0x08004b06   0x08004b06   0x00000018   Code   RO         4896    x$fpl$fcmpinf       fz_wm.l(fcmpi.o)
    0x08004b1e   0x08004b1e   0x0000008c   Code   RO         4898    x$fpl$fnaninf       fz_wm.l(fnaninf.o)
    0x08004baa   0x08004baa   0x0000000a   Code   RO         4985    x$fpl$fpinit        fz_wm.l(fpinit.o)
    0x08004bb4   0x08004bb4   0x00000000   Code   RO         4859    x$fpl$usenofp       fz_wm.l(usenofp.o)
    0x08004bb4   0x08004bb4   0x00000010   Data   RO         4065    .constdata          system_stm32f4xx.o
    0x08004bc4   0x08004bc4   0x00000008   Data   RO         4066    .constdata          system_stm32f4xx.o
    0x08004bcc   0x08004bcc   0x00000800   Data   RO         4400    .constdata          lut.o
    0x080053cc   0x080053cc   0x00000020   Data   RO         5041    Region$$Table       anon$$obj.o


    Execution Region RW_IRAM1 (Exec base: 0x20000000, Load base: 0x080053ec, Size: 0x00000ff0, Max: 0x00020000, ABSOLUTE)

    Exec Addr    Load Addr    Size         Type   Attr      Idx    E Section Name        Object

    0x20000000   0x080053ec   0x0000000c   Data   RW         1940    .data               stm32f4xx_hal.o
    0x2000000c   0x080053f8   0x00000004   Data   RW         4067    .data               system_stm32f4xx.o
    0x20000010   0x080053fc   0x00000008   Data   RW         4137    .data               bsp_time.o
    0x20000018   0x08005404   0x00000008   Data   RW         4209    .data               bsp_debug_uart.o
    0x20000020   0x0800540c   0x00000002   Data   RW         4263    .data               bsp_emergency_stop.o
    0x20000022   0x0800540e   0x00000001   Data   RW         4305    .data               bsp_can.o
    0x20000023   0x0800540f   0x00000001   PAD
    0x20000024   0x08005410   0x00000004   Data   RW         4558    .data               app.o
    0x20000028   0x08005414   0x00000004   Data   RW         4559    .data               app.o
    0x2000002c   0x08005418   0x00000004   Data   RW         4560    .data               app.o
    0x20000030   0x0800541c   0x00000004   Data   RW         4561    .data               app.o
    0x20000034   0x08005420   0x00000004   Data   RW         4562    .data               app.o
    0x20000038   0x08005424   0x00000001   Data   RW         4590    .data               drv.o
    0x20000039   0x08005425   0x00000003   PAD
    0x2000003c   0x08005428   0x00000014   Data   RW         4681    .data               positionsensor.o
    0x20000050        -       0x00000320   Zero   RW           17    .bss                main.o
    0x20000370        -       0x000000d8   Zero   RW          267    .bss                adc.o
    0x20000448        -       0x00000028   Zero   RW          319    .bss                can.o
    0x20000470        -       0x000000b0   Zero   RW          362    .bss                spi.o
    0x20000520        -       0x00000090   Zero   RW          411    .bss                tim.o
    0x200005b0        -       0x00000048   Zero   RW          463    .bss                usart.o
    0x200005f8        -       0x00000010   Zero   RW          515    .bss                stm32f4xx_it.o
    0x20000608        -       0x000000c0   Zero   RW         4208    .bss                bsp_debug_uart.o
    0x200006c8        -       0x00000024   Zero   RW         4304    .bss                bsp_can.o
    0x200006ec        -       0x000002a0   Zero   RW         4680    .bss                positionsensor.o
    0x2000098c        -       0x00000060   Zero   RW         4901    .bss                c_w.l(libspace.o)
    0x200009ec   0x0800543c   0x00000004   PAD
    0x200009f0        -       0x00000200   Zero   RW            2    HEAP                startup_stm32f446xx.o
    0x20000bf0        -       0x00000400   Zero   RW            1    STACK               startup_stm32f446xx.o


==============================================================================

Image component sizes


      Code (inc. data)   RO Data    RW Data    ZI Data      Debug   Object Name

       520         56          0          0        216       3335   adc.o
       352         48          0          0          0       2595   adc_sample.o
         0          0          0         20          0        432   app.o
       156         26          0          1         36       2871   bsp_can.o
       208         44          0          8        192       9017   bsp_debug_uart.o
        88         12          0          2          0       1896   bsp_emergency_stop.o
       164         14          0          0          0       1060   bsp_safe_gpio.o
       256         56          0          8          0       3882   bsp_time.o
       196         22          0          0         40       1805   can.o
       424         28          0          0          0       2811   can_com.o
       468         18          0          1          0       6381   drv.o
       100         22          0          0          0       1132   fastmath.o
      1628        158          0          0          0       8069   foc.o
       212         12          0          0          0       1071   gpio.o
         0          0       2048          0          0        539   lut.o
       770         88          0          0        800     762403   main.o
       218          0          0          0          0       3667   math_ops.o
       824         82          0         20        672       4307   positionsensor.o
       168         14          0          0          0        757   pwm.o
       324         38          0          0        176       2518   spi.o
        64         26        452          0       1536        868   startup_stm32f446xx.o
       180         28          0         12          0       9473   stm32f4xx_hal.o
       736         34          0          0          0       2983   stm32f4xx_hal_adc.o
        84          6          0          0          0       1263   stm32f4xx_hal_adc_ex.o
      1674          6          0          0          0      15616   stm32f4xx_hal_can.o
       224         14          0          0          0      34694   stm32f4xx_hal_cortex.o
       182          0          0          0          0       2171   stm32f4xx_hal_dma.o
       486         40          0          0          0       2256   stm32f4xx_hal_gpio.o
        48          6          0          0          0        910   stm32f4xx_hal_msp.o
       112         14          0          0          0       1336   stm32f4xx_hal_pwr_ex.o
       372         44          0          0          0       3006   stm32f4xx_hal_rcc.o
      1068         28          0          0          0       2890   stm32f4xx_hal_rcc_ex.o
       980         16          0          0          0       5029   stm32f4xx_hal_spi.o
      1748        108          0          0          0      16098   stm32f4xx_hal_tim.o
       232         28          0          0          0       3429   stm32f4xx_hal_tim_ex.o
      1430         14          0          0          0       9782   stm32f4xx_hal_uart.o
       304         56          0          0         16       6929   stm32f4xx_it.o
        16          4         24          4          0       1199   system_stm32f4xx.o
       524         36          0          0        144       3369   tim.o
       176         20          0          0         72       1822   usart.o

    ----------------------------------------------------------------------
     17742       1266       2556         80       3900     945671   Object Totals
         0          0         32          0          0          0   (incl. Generated)
        26          0          0          4          0          0   (incl. Padding)

    ----------------------------------------------------------------------

      Code (inc. data)   RO Data    RW Data    ZI Data      Debug   Library Member Name

         8          0          0          0          0         68   __main.o
         0          0          0          0          0          0   __rtentry.o
        12          0          0          0          0          0   __rtentry2.o
         6          0          0          0          0          0   __rtentry4.o
        52          8          0          0          0          0   __scatter.o
        26          0          0          0          0          0   __scatter_copy.o
        28          0          0          0          0          0   __scatter_zi.o
        22          0          0          0          0        100   _rserrno.o
        18          0          0          0          0         80   exit.o
         6          0          0          0          0        152   heapauxi.o
         0          0          0          0          0          0   indicate_semi.o
         2          0          0          0          0          0   libinit.o
         6          0          0          0          0          0   libinit2.o
         2          0          0          0          0          0   libshutdown.o
         2          0          0          0          0          0   libshutdown2.o
         8          4          0          0         96         68   libspace.o
       238          0          0          0          0        100   lludivv7m.o
         8          4          0          0          0         68   rt_errno_addr_intlibspace.o
        78          0          0          0          0         80   rt_memclr_w.o
       100          0          0          0          0         80   rt_memcpy_w.o
         2          0          0          0          0          0   rtexit.o
        10          0          0          0          0          0   rtexit2.o
        12          4          0          0          0         68   sys_exit.o
        74          0          0          0          0         80   sys_stackheap_outer.o
         2          0          0          0          0         68   use_no_semi.o
        82          4          0          0          0        160   fcmp4.o
        24          0          0          0          0        116   fcmpi.o
       140          4          0          0          0        132   fnaninf.o
        10          0          0          0          0        116   fpinit.o
         0          0          0          0          0          0   usenofp.o
        72          0          0          0          0        148   fmaxf.o
        72          0          0          0          0        148   fminf.o
        58          0          0          0          0        136   sqrtf.o

    ----------------------------------------------------------------------
      1186         28          0          0        100       1968   Library Totals
         6          0          0          0          4          0   (incl. Padding)

    ----------------------------------------------------------------------

      Code (inc. data)   RO Data    RW Data    ZI Data      Debug   Library Name

       722         20          0          0         96       1012   c_w.l
       256          8          0          0          0        524   fz_wm.l
       202          0          0          0          0        432   m_wm.l

    ----------------------------------------------------------------------
      1186         28          0          0        100       1968   Library Totals

    ----------------------------------------------------------------------

==============================================================================


      Code (inc. data)   RO Data    RW Data    ZI Data      Debug   

     18928       1294       2556         80       4000     931323   Grand Totals
     18928       1294       2556         80       4000     931323   ELF Image Totals
     18928       1294       2556         80          0          0   ROM Totals

==============================================================================

    Total RO  Size (Code + RO Data)                21484 (  20.98kB)
    Total RW  Size (RW Data + ZI Data)              4080 (   3.98kB)
    Total ROM Size (Code + RO Data + RW Data)      21564 (  21.06kB)

==============================================================================

