Component: ARM Compiler 5.06 update 5 (build 528) Tool: armlink [4d35e2]

==============================================================================

Section Cross References

    startup_stm32f446xx.o(STACK) refers (Special) to heapauxi.o(.text) for __use_two_region_memory
    startup_stm32f446xx.o(HEAP) refers (Special) to heapauxi.o(.text) for __use_two_region_memory
    startup_stm32f446xx.o(RESET) refers (Special) to heapauxi.o(.text) for __use_two_region_memory
    startup_stm32f446xx.o(RESET) refers to startup_stm32f446xx.o(STACK) for __initial_sp
    startup_stm32f446xx.o(RESET) refers to startup_stm32f446xx.o(.text) for Reset_Handler
    startup_stm32f446xx.o(RESET) refers to stm32f4xx_it.o(i.NMI_Handler) for NMI_Handler
    startup_stm32f446xx.o(RESET) refers to stm32f4xx_it.o(i.HardFault_Handler) for HardFault_Handler
    startup_stm32f446xx.o(RESET) refers to stm32f4xx_it.o(i.MemManage_Handler) for MemManage_Handler
    startup_stm32f446xx.o(RESET) refers to stm32f4xx_it.o(i.BusFault_Handler) for BusFault_Handler
    startup_stm32f446xx.o(RESET) refers to stm32f4xx_it.o(i.UsageFault_Handler) for UsageFault_Handler
    startup_stm32f446xx.o(RESET) refers to stm32f4xx_it.o(i.SVC_Handler) for SVC_Handler
    startup_stm32f446xx.o(RESET) refers to stm32f4xx_it.o(i.DebugMon_Handler) for DebugMon_Handler
    startup_stm32f446xx.o(RESET) refers to stm32f4xx_it.o(i.PendSV_Handler) for PendSV_Handler
    startup_stm32f446xx.o(RESET) refers to stm32f4xx_it.o(i.SysTick_Handler) for SysTick_Handler
    startup_stm32f446xx.o(RESET) refers to stm32f4xx_it.o(i.CAN1_RX0_IRQHandler) for CAN1_RX0_IRQHandler
    startup_stm32f446xx.o(RESET) refers to stm32f4xx_it.o(i.TIM1_UP_TIM10_IRQHandler) for TIM1_UP_TIM10_IRQHandler
    startup_stm32f446xx.o(RESET) refers to stm32f4xx_it.o(i.TIM2_IRQHandler) for TIM2_IRQHandler
    startup_stm32f446xx.o(RESET) refers to stm32f4xx_it.o(i.USART2_IRQHandler) for USART2_IRQHandler
    startup_stm32f446xx.o(.text) refers (Special) to heapauxi.o(.text) for __use_two_region_memory
    startup_stm32f446xx.o(.text) refers to system_stm32f4xx.o(i.SystemInit) for SystemInit
    startup_stm32f446xx.o(.text) refers to __main.o(!!!main) for __main
    startup_stm32f446xx.o(.text) refers to startup_stm32f446xx.o(HEAP) for Heap_Mem
    startup_stm32f446xx.o(.text) refers to startup_stm32f446xx.o(STACK) for Stack_Mem
    main.o(i.Error_Handler) refers to bsp_emergency_stop.o(i.BSP_EmergencyStop) for BSP_EmergencyStop
    main.o(i.SystemClock_Config) refers to rt_memclr_w.o(.text) for __aeabi_memclr4
    main.o(i.SystemClock_Config) refers to stm32f4xx_hal_rcc_ex.o(i.HAL_RCC_OscConfig) for HAL_RCC_OscConfig
    main.o(i.SystemClock_Config) refers to stm32f4xx_hal_pwr_ex.o(i.HAL_PWREx_EnableOverDrive) for HAL_PWREx_EnableOverDrive
    main.o(i.SystemClock_Config) refers to stm32f4xx_hal_rcc.o(i.HAL_RCC_ClockConfig) for HAL_RCC_ClockConfig
    main.o(i.SystemClock_Config) refers to main.o(i.Error_Handler) for Error_Handler
    main.o(i.main) refers to bsp_safe_gpio.o(i.BSP_SafeGpioEarlyInit) for BSP_SafeGpioEarlyInit
    main.o(i.main) refers to stm32f4xx_hal.o(i.HAL_Init) for HAL_Init
    main.o(i.main) refers to main.o(i.SystemClock_Config) for SystemClock_Config
    main.o(i.main) refers to gpio.o(i.MX_GPIO_Init) for MX_GPIO_Init
    main.o(i.main) refers to tim.o(i.MX_TIM2_Init) for MX_TIM2_Init
    main.o(i.main) refers to usart.o(i.MX_USART2_UART_Init) for MX_USART2_UART_Init
    main.o(i.main) refers to spi.o(i.MX_SPI1_Init) for MX_SPI1_Init
    main.o(i.main) refers to tim.o(i.MX_TIM1_Init) for MX_TIM1_Init
    main.o(i.main) refers to adc.o(i.MX_ADC1_Init) for MX_ADC1_Init
    main.o(i.main) refers to adc.o(i.MX_ADC2_Init) for MX_ADC2_Init
    main.o(i.main) refers to adc.o(i.MX_ADC3_Init) for MX_ADC3_Init
    main.o(i.main) refers to spi.o(i.MX_SPI3_Init) for MX_SPI3_Init
    main.o(i.main) refers to can.o(i.MX_CAN1_Init) for MX_CAN1_Init
    main.o(i.main) refers to preferencewriter.o(i.PreferenceWriter_Load) for PreferenceWriter_Load
    main.o(i.main) refers to preferencewriter.o(i.PreferenceWriter_Validate) for PreferenceWriter_Validate
    main.o(i.main) refers to bsp_can.o(i.BSP_CAN_SetFilter) for BSP_CAN_SetFilter
    main.o(i.main) refers to stm32f4xx_hal_can.o(i.HAL_CAN_Start) for HAL_CAN_Start
    main.o(i.main) refers to stm32f4xx_hal_can.o(i.HAL_CAN_ActivateNotification) for HAL_CAN_ActivateNotification
    main.o(i.main) refers to bsp_time.o(i.BSP_Time_Init) for BSP_Time_Init
    main.o(i.main) refers to drv.o(i.DRV_Init) for DRV_Init
    main.o(i.main) refers to foc.o(i.reset_foc) for reset_foc
    main.o(i.main) refers to foc.o(i.reset_observer) for reset_observer
    main.o(i.main) refers to foc.o(i.init_controller_params) for init_controller_params
    main.o(i.main) refers to adc_sample.o(i.Init_ADC) for Init_ADC
    main.o(i.main) refers to adc_sample.o(i.zero_current) for zero_current
[...]
    i.float_to_uint                          0x08004a50   Section        0  math_ops.o(i.float_to_uint)
    i.fmaxf3                                 0x08004a78   Section        0  math_ops.o(i.fmaxf3)
    i.fminf3                                 0x08004a96   Section        0  math_ops.o(i.fminf3)
    i.init_controller_params                 0x08004ab4   Section        0  foc.o(i.init_controller_params)
    i.limit_norm                             0x08004ae8   Section        0  math_ops.o(i.limit_norm)
    i.linearize_dtc                          0x08004b38   Section        0  foc.o(i.linearize_dtc)
    i.main                                   0x08004b9c   Section        0  main.o(i.main)
    i.onMsgReceived                          0x08004d8c   Section        0  main.o(i.onMsgReceived)
    onMsgReceived                            0x08004d8d   Thumb Code   276  main.o(i.onMsgReceived)
    i.pack_reply                             0x08004ec4   Section        0  can_com.o(i.pack_reply)
    i.read_register                          0x08004f84   Section        0  drv.o(i.read_register)
    i.reset_foc                              0x08004fa8   Section        0  foc.o(i.reset_foc)
    i.reset_observer                         0x08005000   Section        0  foc.o(i.reset_observer)
    i.svm                                    0x08005020   Section        0  foc.o(i.svm)
    i.torque_control                         0x080050e4   Section        0  foc.o(i.torque_control)
    i.uint_to_float                          0x08005160   Section        0  math_ops.o(i.uint_to_float)
    i.unpack_cmd                             0x08005188   Section        0  can_com.o(i.unpack_cmd)
    i.unpack_special_cmd                     0x08005240   Section        0  can_com.o(i.unpack_special_cmd)
    i.write_CSACR                            0x08005270   Section        0  drv.o(i.write_CSACR)
    i.write_DCR                              0x080052aa   Section        0  drv.o(i.write_DCR)
    i.write_OCPCR                            0x080052e4   Section        0  drv.o(i.write_OCPCR)
    i.write_register                         0x08005302   Section        0  drv.o(i.write_register)
    i.zero_current                           0x08005316   Section        0  adc_sample.o(i.zero_current)
    x$fpl$fcmp4                              0x0800536c   Section       82  fcmp4.o(x$fpl$fcmp4)
    $v0                                      0x0800536c   Number         0  fcmp4.o(x$fpl$fcmp4)
    x$fpl$fcmpinf                            0x080053be   Section       24  fcmpi.o(x$fpl$fcmpinf)
    $v0                                      0x080053be   Number         0  fcmpi.o(x$fpl$fcmpinf)
    x$fpl$fnaninf                            0x080053d6   Section      140  fnaninf.o(x$fpl$fnaninf)
    $v0                                      0x080053d6   Number         0  fnaninf.o(x$fpl$fnaninf)
    x$fpl$fpinit                             0x08005462   Section       10  fpinit.o(x$fpl$fpinit)
    $v0                                      0x08005462   Number         0  fpinit.o(x$fpl$fpinit)
    .constdata                               0x0800546c   Section       20  main.o(.constdata)
    x$fpl$usenofp                            0x0800546c   Section        0  usenofp.o(x$fpl$usenofp)
    <Data1>                                  0x0800546c   Data          20  main.o(.constdata)
    .constdata                               0x08005480   Section       16  system_stm32f4xx.o(.constdata)
    .constdata                               0x08005490   Section        8  system_stm32f4xx.o(.constdata)
    .constdata                               0x08005498   Section     2048  lut.o(.constdata)
    .data                                    0x20000000   Section      572  main.o(.data)
    .data                                    0x2000023c   Section       32  stm32f4xx_hal_flash.o(.data)
    .data                                    0x2000025c   Section       12  stm32f4xx_hal.o(.data)
    .data                                    0x20000268   Section        4  system_stm32f4xx.o(.data)
    .data                                    0x2000026c   Section        8  bsp_time.o(.data)
    s_time_initialized                       0x2000026c   Data           1  bsp_time.o(.data)
    s_tim2_wrap_count                        0x20000270   Data           4  bsp_time.o(.data)
    .data                                    0x20000274   Section        8  bsp_debug_uart.o(.data)
    s_rx_overflow                            0x20000274   Data           1  bsp_debug_uart.o(.data)
    s_tx_busy                                0x20000275   Data           1  bsp_debug_uart.o(.data)
    s_rx_byte                                0x20000276   Data           1  bsp_debug_uart.o(.data)
    s_rx_write                               0x20000278   Data           2  bsp_debug_uart.o(.data)
    s_rx_read                                0x2000027a   Data           2  bsp_debug_uart.o(.data)
    .data                                    0x2000027c   Section        2  bsp_emergency_stop.o(.data)
    s_emergency_active                       0x2000027c   Data           1  bsp_emergency_stop.o(.data)
    s_error_code                             0x2000027d   Data           1  bsp_emergency_stop.o(.data)
    .data                                    0x2000027e   Section        1  bsp_can.o(.data)
    rx_pending                               0x2000027e   Data           1  bsp_can.o(.data)
    .data                                    0x20000280   Section        4  app.o(.data)
    .data                                    0x20000284   Section        4  app.o(.data)
    .data                                    0x20000288   Section        4  app.o(.data)
    .data                                    0x2000028c   Section        4  app.o(.data)
    .data                                    0x20000290   Section        4  app.o(.data)
    .data                                    0x20000294   Section        1  drv.o(.data)
    drv_ready                                0x20000294   Data           1  drv.o(.data)
    .data                                    0x20000298   Section       20  positionsensor.o(.data)
    DualEncoder                              0x20000298   Data           1  positionsensor.o(.data)
    rotations                                0x2000029c   Data           4  positionsensor.o(.data)
    old_counts                               0x200002a0   Data           4  positionsensor.o(.data)
    modPosition                              0x200002a4   Data           4  positionsensor.o(.data)
    ElecVelocityFilt                         0x200002a8   Data           4  positionsensor.o(.data)
    .bss                                     0x200002b0   Section      228  main.o(.bss)
    .bss                                     0x20000394   Section      216  adc.o(.bss)
    .bss                                     0x2000046c   Section       40  can.o(.bss)
    .bss                                     0x20000494   Section      176  spi.o(.bss)
    .bss                                     0x20000544   Section      144  tim.o(.bss)
    .bss                                     0x200005d4   Section       72  usart.o(.bss)
    .bss                                     0x2000061c   Section       16  stm32f4xx_it.o(.bss)
    adc_sample                               0x2000061c   Data          16  stm32f4xx_it.o(.bss)
    .bss                                     0x2000062c   Section      192  bsp_debug_uart.o(.bss)
    s_rx_buffer                              0x2000062c   Data          64  bsp_debug_uart.o(.bss)
    s_tx_buffer                              0x2000066c   Data         128  bsp_debug_uart.o(.bss)
    .bss                                     0x200006ec   Section       36  bsp_can.o(.bss)
    rxMsg                                    0x200006ec   Data          36  bsp_can.o(.bss)
    .bss                                     0x20000710   Section      672  positionsensor.o(.bss)
    offset_lut                               0x20000710   Data         512  positionsensor.o(.bss)
    velVec                                   0x20000910   Data         160  positionsensor.o(.bss)
    .bss                                     0x200009b0   Section       96  libspace.o(.bss)
    HEAP                                     0x20000a10   Section      512  startup_stm32f446xx.o(HEAP)
    Heap_Mem                                 0x20000a10   Data         512  startup_stm32f446xx.o(HEAP)
    STACK                                    0x20000c10   Section     1024  startup_stm32f446xx.o(STACK)
    Stack_Mem                                0x20000c10   Data        1024  startup_stm32f446xx.o(STACK)
    __initial_sp                             0x20001010   Data           0  startup_stm32f446xx.o(STACK)

    Global Symbols

    Symbol Name                              Value     Ov Type        Size  Object(Section)

    BuildAttributes$$THM_ISAv4$E$P$D$K$B$S$7EM$VFPi3$EXTD16$VFPS$VFMA$PE$A:L22UL41UL21$X:L11$S22US41US21$IEEE1$IW$USESV6$~STKCKD$USESV7$~SHL$OTIME$ROPI$IEEEX$EBA8$UX$STANDARDLIB$REQ8$PRES8$EABIv2 0x00000000   Number         0  anon$$obj.o ABSOLUTE
    __ARM_use_no_argv                        0x00000000   Number         0  main.o ABSOLUTE
    __ARM_exceptions_init                     - Undefined Weak Reference
    __alloca_initialize                       - Undefined Weak Reference
    __arm_preinit_                            - Undefined Weak Reference
    __cpp_initialize__aeabi_                  - Undefined Weak Reference
    __cxa_finalize                            - Undefined Weak Reference
    __rt_locale                               - Undefined Weak Reference
    __sigvec_lookup                           - Undefined Weak Reference
    _atexit_init                              - Undefined Weak Reference
    _call_atexit_fns                          - Undefined Weak Reference
    _clock_init                               - Undefined Weak Reference
    _fp_trap_init                             - Undefined Weak Reference
    _fp_trap_shutdown                         - Undefined Weak Reference
    _get_lc_collate                           - Undefined Weak Reference
    _get_lc_ctype                             - Undefined Weak Reference
    _get_lc_monetary                          - Undefined Weak Reference
    _get_lc_numeric                           - Undefined Weak Reference
    _get_lc_time                              - Undefined Weak Reference
    _getenv_init                              - Undefined Weak Reference
    _handle_redirection                       - Undefined Weak Reference
    _init_alloc                               - Undefined Weak Reference
    _init_user_alloc                          - Undefined Weak Reference
    _initio                                   - Undefined Weak Reference
    _rand_init                                - Undefined Weak Reference
    _signal_finish                            - Undefined Weak Reference
    _signal_init                              - Undefined Weak Reference
    _terminate_alloc                          - Undefined Weak Reference
    _terminate_user_alloc                     - Undefined Weak Reference
    _terminateio                              - Undefined Weak Reference
    __Vectors_Size                           0x000001c4   Number         0  startup_stm32f446xx.o ABSOLUTE
    __Vectors                                0x08000000   Data           4  startup_stm32f446xx.o(RESET)
    __Vectors_End                            0x080001c4   Data           0  startup_stm32f446xx.o(RESET)
    __main                                   0x080001c5   Thumb Code     8  __main.o(!!!main)
    __scatterload                            0x080001cd   Thumb Code     0  __scatter.o(!!!scatter)
    __scatterload_rt2                        0x080001cd   Thumb Code    44  __scatter.o(!!!scatter)
    __scatterload_rt2_thumb_only             0x080001cd   Thumb Code     0  __scatter.o(!!!scatter)
    __scatterload_null                       0x080001db   Thumb Code     0  __scatter.o(!!!scatter)
    __decompress                             0x08000201   Thumb Code    90  __dczerorl2.o(!!dczerorl2)
    __decompress1                            0x08000201   Thumb Code     0  __dczerorl2.o(!!dczerorl2)
    __scatterload_zeroinit                   0x0800025d   Thumb Code    28  __scatter_zi.o(!!handler_zi)
    __rt_lib_init                            0x08000279   Thumb Code     0  libinit.o(.ARM.Collect$$libinit$$00000000)
    __rt_lib_init_fp_1                       0x0800027b   Thumb Code     0  libinit2.o(.ARM.Collect$$libinit$$00000001)
    __rt_lib_init_alloca_1                   0x0800027f   Thumb Code     0  libinit2.o(.ARM.Collect$$libinit$$0000002E)
    __rt_lib_init_argv_1                     0x0800027f   Thumb Code     0  libinit2.o(.ARM.Collect$$libinit$$0000002C)
    __rt_lib_init_atexit_1                   0x0800027f   Thumb Code     0  libinit2.o(.ARM.Collect$$libinit$$0000001B)
    __rt_lib_init_clock_1                    0x0800027f   Thumb Code     0  libinit2.o(.ARM.Collect$$libinit$$00000021)
    __rt_lib_init_cpp_1                      0x0800027f   Thumb Code     0  libinit2.o(.ARM.Collect$$libinit$$00000032)
    __rt_lib_init_exceptions_1               0x0800027f   Thumb Code     0  libinit2.o(.ARM.Collect$$libinit$$00000030)
    __rt_lib_init_fp_trap_1                  0x0800027f   Thumb Code     0  libinit2.o(.ARM.Collect$$libinit$$0000001F)
    __rt_lib_init_getenv_1                   0x0800027f   Thumb Code     0  libinit2.o(.ARM.Collect$$libinit$$00000023)
    __rt_lib_init_heap_1                     0x0800027f   Thumb Code     0  libinit2.o(.ARM.Collect$$libinit$$0000000A)
    __rt_lib_init_lc_collate_1               0x0800027f   Thumb Code     0  libinit2.o(.ARM.Collect$$libinit$$00000011)
    __rt_lib_init_lc_ctype_1                 0x0800027f   Thumb Code     0  libinit2.o(.ARM.Collect$$libinit$$00000013)
    __rt_lib_init_lc_monetary_1              0x0800027f   Thumb Code     0  libinit2.o(.ARM.Collect$$libinit$$00000015)
    __rt_lib_init_lc_numeric_1               0x0800027f   Thumb Code     0  libinit2.o(.ARM.Collect$$libinit$$00000017)
    __rt_lib_init_lc_time_1                  0x0800027f   Thumb Code     0  libinit2.o(.ARM.Collect$$libinit$$00000019)
    __rt_lib_init_preinit_1                  0x0800027f   Thumb Code     0  libinit2.o(.ARM.Collect$$libinit$$00000004)
    __rt_lib_init_rand_1                     0x0800027f   Thumb Code     0  libinit2.o(.ARM.Collect$$libinit$$0000000E)
    __rt_lib_init_return                     0x0800027f   Thumb Code     0  libinit2.o(.ARM.Collect$$libinit$$00000033)
    __rt_lib_init_signal_1                   0x0800027f   Thumb Code     0  libinit2.o(.ARM.Collect$$libinit$$0000001D)
    __rt_lib_init_stdio_1                    0x0800027f   Thumb Code     0  libinit2.o(.ARM.Collect$$libinit$$00000025)
    __rt_lib_init_user_alloc_1               0x0800027f   Thumb Code     0  libinit2.o(.ARM.Collect$$libinit$$0000000C)
    __rt_lib_shutdown                        0x08000281   Thumb Code     0  libshutdown.o(.ARM.Collect$$libshutdown$$00000000)
    __rt_lib_shutdown_cpp_1                  0x08000283   Thumb Code     0  libshutdown2.o(.ARM.Collect$$libshutdown$$00000002)
    __rt_lib_shutdown_fp_trap_1              0x08000283   Thumb Code     0  libshutdown2.o(.ARM.Collect$$libshutdown$$00000007)
    __rt_lib_shutdown_heap_1                 0x08000283   Thumb Code     0  libshutdown2.o(.ARM.Collect$$libshutdown$$0000000F)
    __rt_lib_shutdown_return                 0x08000283   Thumb Code     0  libshutdown2.o(.ARM.Collect$$libshutdown$$00000010)
    __rt_lib_shutdown_signal_1               0x08000283   Thumb Code     0  libshutdown2.o(.ARM.Collect$$libshutdown$$0000000A)
    __rt_lib_shutdown_stdio_1                0x08000283   Thumb Code     0  libshutdown2.o(.ARM.Collect$$libshutdown$$00000004)
    __rt_lib_shutdown_user_alloc_1           0x08000283   Thumb Code     0  libshutdown2.o(.ARM.Collect$$libshutdown$$0000000C)
    __rt_entry                               0x08000285   Thumb Code     0  __rtentry.o(.ARM.Collect$$rtentry$$00000000)
    __rt_entry_presh_1                       0x08000285   Thumb Code     0  __rtentry2.o(.ARM.Collect$$rtentry$$00000002)
    __rt_entry_sh                            0x08000285   Thumb Code     0  __rtentry4.o(.ARM.Collect$$rtentry$$00000004)
    __rt_entry_li                            0x0800028b   Thumb Code     0  __rtentry2.o(.ARM.Collect$$rtentry$$0000000A)
    __rt_entry_postsh_1                      0x0800028b   Thumb Code     0  __rtentry2.o(.ARM.Collect$$rtentry$$00000009)
    __rt_entry_main                          0x0800028f   Thumb Code     0  __rtentry2.o(.ARM.Collect$$rtentry$$0000000D)
    __rt_entry_postli_1                      0x0800028f   Thumb Code     0  __rtentry2.o(.ARM.Collect$$rtentry$$0000000C)
    __rt_exit                                0x08000297   Thumb Code     0  rtexit.o(.ARM.Collect$$rtexit$$00000000)
    __rt_exit_ls                             0x08000299   Thumb Code     0  rtexit2.o(.ARM.Collect$$rtexit$$00000003)
    __rt_exit_prels_1                        0x08000299   Thumb Code     0  rtexit2.o(.ARM.Collect$$rtexit$$00000002)
    __rt_exit_exit                           0x0800029d   Thumb Code     0  rtexit2.o(.ARM.Collect$$rtexit$$00000004)
    Reset_Handler                            0x080002a5   Thumb Code     8  startup_stm32f446xx.o(.text)
    ADC_IRQHandler                           0x080002bf   Thumb Code     0  startup_stm32f446xx.o(.text)
    CAN1_RX1_IRQHandler                      0x080002bf   Thumb Code     0  startup_stm32f446xx.o(.text)
    CAN1_SCE_IRQHandler                      0x080002bf   Thumb Code     0  startup_stm32f446xx.o(.text)
    CAN1_TX_IRQHandler                       0x080002bf   Thumb Code     0  startup_stm32f446xx.o(.text)
    CAN2_RX0_IRQHandler                      0x080002bf   Thumb Code     0  startup_stm32f446xx.o(.text)
    CAN2_RX1_IRQHandler                      0x080002bf   Thumb Code     0  startup_stm32f446xx.o(.text)
    CAN2_SCE_IRQHandler                      0x080002bf   Thumb Code     0  startup_stm32f446xx.o(.text)
    CAN2_TX_IRQHandler                       0x080002bf   Thumb Code     0  startup_stm32f446xx.o(.text)
    CEC_IRQHandler                           0x080002bf   Thumb Code     0  startup_stm32f446xx.o(.text)
    DCMI_IRQHandler                          0x080002bf   Thumb Code     0  startup_stm32f446xx.o(.text)
    DMA1_Stream0_IRQHandler                  0x080002bf   Thumb Code     0  startup_stm32f446xx.o(.text)
    DMA1_Stream1_IRQHandler                  0x080002bf   Thumb Code     0  startup_stm32f446xx.o(.text)
    DMA1_Stream2_IRQHandler                  0x080002bf   Thumb Code     0  startup_stm32f446xx.o(.text)
    DMA1_Stream3_IRQHandler                  0x080002bf   Thumb Code     0  startup_stm32f446xx.o(.text)
    DMA1_Stream4_IRQHandler                  0x080002bf   Thumb Code     0  startup_stm32f446xx.o(.text)
    DMA1_Stream5_IRQHandler                  0x080002bf   Thumb Code     0  startup_stm32f446xx.o(.text)
    DMA1_Stream6_IRQHandler                  0x080002bf   Thumb Code     0  startup_stm32f446xx.o(.text)
    DMA1_Stream7_IRQHandler                  0x080002bf   Thumb Code     0  startup_stm32f446xx.o(.text)
    DMA2_Stream0_IRQHandler                  0x080002bf   Thumb Code     0  startup_stm32f446xx.o(.text)
    DMA2_Stream1_IRQHandler                  0x080002bf   Thumb Code     0  startup_stm32f446xx.o(.text)
    DMA2_Stream2_IRQHandler                  0x080002bf   Thumb Code     0  startup_stm32f446xx.o(.text)
    DMA2_Stream3_IRQHandler                  0x080002bf   Thumb Code     0  startup_stm32f446xx.o(.text)
    DMA2_Stream4_IRQHandler                  0x080002bf   Thumb Code     0  startup_stm32f446xx.o(.text)
    DMA2_Stream5_IRQHandler                  0x080002bf   Thumb Code     0  startup_stm32f446xx.o(.text)
    DMA2_Stream6_IRQHandler                  0x080002bf   Thumb Code     0  startup_stm32f446xx.o(.text)
    DMA2_Stream7_IRQHandler                  0x080002bf   Thumb Code     0  startup_stm32f446xx.o(.text)
    EXTI0_IRQHandler                         0x080002bf   Thumb Code     0  startup_stm32f446xx.o(.text)
    EXTI15_10_IRQHandler                     0x080002bf   Thumb Code     0  startup_stm32f446xx.o(.text)
    EXTI1_IRQHandler                         0x080002bf   Thumb Code     0  startup_stm32f446xx.o(.text)
    EXTI2_IRQHandler                         0x080002bf   Thumb Code     0  startup_stm32f446xx.o(.text)
    EXTI3_IRQHandler                         0x080002bf   Thumb Code     0  startup_stm32f446xx.o(.text)
    EXTI4_IRQHandler                         0x080002bf   Thumb Code     0  startup_stm32f446xx.o(.text)
    EXTI9_5_IRQHandler                       0x080002bf   Thumb Code     0  startup_stm32f446xx.o(.text)
    FLASH_IRQHandler                         0x080002bf   Thumb Code     0  startup_stm32f446xx.o(.text)
    FMC_IRQHandler                           0x080002bf   Thumb Code     0  startup_stm32f446xx.o(.text)
    FMPI2C1_ER_IRQHandler                    0x080002bf   Thumb Code     0  startup_stm32f446xx.o(.text)
    FMPI2C1_EV_IRQHandler                    0x080002bf   Thumb Code     0  startup_stm32f446xx.o(.text)
    FPU_IRQHandler                           0x080002bf   Thumb Code     0  startup_stm32f446xx.o(.text)
    I2C1_ER_IRQHandler                       0x080002bf   Thumb Code     0  startup_stm32f446xx.o(.text)
    I2C1_EV_IRQHandler                       0x080002bf   Thumb Code     0  startup_stm32f446xx.o(.text)
    I2C2_ER_IRQHandler                       0x080002bf   Thumb Code     0  startup_stm32f446xx.o(.text)
    I2C2_EV_IRQHandler                       0x080002bf   Thumb Code     0  startup_stm32f446xx.o(.text)
    I2C3_ER_IRQHandler                       0x080002bf   Thumb Code     0  startup_stm32f446xx.o(.text)
    I2C3_EV_IRQHandler                       0x080002bf   Thumb Code     0  startup_stm32f446xx.o(.text)
    OTG_FS_IRQHandler                        0x080002bf   Thumb Code     0  startup_stm32f446xx.o(.text)
    OTG_FS_WKUP_IRQHandler                   0x080002bf   Thumb Code     0  startup_stm32f446xx.o(.text)
    OTG_HS_EP1_IN_IRQHandler                 0x080002bf   Thumb Code     0  startup_stm32f446xx.o(.text)
    OTG_HS_EP1_OUT_IRQHandler                0x080002bf   Thumb Code     0  startup_stm32f446xx.o(.text)
    OTG_HS_IRQHandler                        0x080002bf   Thumb Code     0  startup_stm32f446xx.o(.text)
    OTG_HS_WKUP_IRQHandler                   0x080002bf   Thumb Code     0  startup_stm32f446xx.o(.text)
    PVD_IRQHandler                           0x080002bf   Thumb Code     0  startup_stm32f446xx.o(.text)
    QUADSPI_IRQHandler                       0x080002bf   Thumb Code     0  startup_stm32f446xx.o(.text)
    RCC_IRQHandler                           0x080002bf   Thumb Code     0  startup_stm32f446xx.o(.text)
    RTC_Alarm_IRQHandler                     0x080002bf   Thumb Code     0  startup_stm32f446xx.o(.text)
    RTC_WKUP_IRQHandler                      0x080002bf   Thumb Code     0  startup_stm32f446xx.o(.text)
    SAI1_IRQHandler                          0x080002bf   Thumb Code     0  startup_stm32f446xx.o(.text)
    SAI2_IRQHandler                          0x080002bf   Thumb Code     0  startup_stm32f446xx.o(.text)
    SDIO_IRQHandler                          0x080002bf   Thumb Code     0  startup_stm32f446xx.o(.text)
    SPDIF_RX_IRQHandler                      0x080002bf   Thumb Code     0  startup_stm32f446xx.o(.text)
    SPI1_IRQHandler                          0x080002bf   Thumb Code     0  startup_stm32f446xx.o(.text)
    SPI2_IRQHandler                          0x080002bf   Thumb Code     0  startup_stm32f446xx.o(.text)
    SPI3_IRQHandler                          0x080002bf   Thumb Code     0  startup_stm32f446xx.o(.text)
    SPI4_IRQHandler                          0x080002bf   Thumb Code     0  startup_stm32f446xx.o(.text)
    TAMP_STAMP_IRQHandler                    0x080002bf   Thumb Code     0  startup_stm32f446xx.o(.text)
    TIM1_BRK_TIM9_IRQHandler                 0x080002bf   Thumb Code     0  startup_stm32f446xx.o(.text)
    TIM1_CC_IRQHandler                       0x080002bf   Thumb Code     0  startup_stm32f446xx.o(.text)
    TIM1_TRG_COM_TIM11_IRQHandler            0x080002bf   Thumb Code     0  startup_stm32f446xx.o(.text)
    TIM3_IRQHandler                          0x080002bf   Thumb Code     0  startup_stm32f446xx.o(.text)
    TIM4_IRQHandler                          0x080002bf   Thumb Code     0  startup_stm32f446xx.o(.text)
    TIM5_IRQHandler                          0x080002bf   Thumb Code     0  startup_stm32f446xx.o(.text)
    TIM6_DAC_IRQHandler                      0x080002bf   Thumb Code     0  startup_stm32f446xx.o(.text)
    TIM7_IRQHandler                          0x080002bf   Thumb Code     0  startup_stm32f446xx.o(.text)
    TIM8_BRK_TIM12_IRQHandler                0x080002bf   Thumb Code     0  startup_stm32f446xx.o(.text)
    TIM8_CC_IRQHandler                       0x080002bf   Thumb Code     0  startup_stm32f446xx.o(.text)
    TIM8_TRG_COM_TIM14_IRQHandler            0x080002bf   Thumb Code     0  startup_stm32f446xx.o(.text)
    TIM8_UP_TIM13_IRQHandler                 0x080002bf   Thumb Code     0  startup_stm32f446xx.o(.text)
    UART4_IRQHandler                         0x080002bf   Thumb Code     0  startup_stm32f446xx.o(.text)
    UART5_IRQHandler                         0x080002bf   Thumb Code     0  startup_stm32f446xx.o(.text)
    USART1_IRQHandler                        0x080002bf   Thumb Code     0  startup_stm32f446xx.o(.text)
    USART3_IRQHandler                        0x080002bf   Thumb Code     0  startup_stm32f446xx.o(.text)
    USART6_IRQHandler                        0x080002bf   Thumb Code     0  startup_stm32f446xx.o(.text)
    WWDG_IRQHandler                          0x080002bf   Thumb Code     0  startup_stm32f446xx.o(.text)
    __user_initial_stackheap                 0x080002c1   Thumb Code     0  startup_stm32f446xx.o(.text)
    __aeabi_uldivmod                         0x080002e5   Thumb Code     0  lludivv7m.o(.text)
    _ll_udiv                                 0x080002e5   Thumb Code   238  lludivv7m.o(.text)
    __aeabi_memcpy4                          0x080003d3   Thumb Code     0  rt_memcpy_w.o(.text)
    __aeabi_memcpy8                          0x080003d3   Thumb Code     0  rt_memcpy_w.o(.text)
    __rt_memcpy_w                            0x080003d3   Thumb Code   100  rt_memcpy_w.o(.text)
    _memcpy_lastbytes_aligned                0x0800041b   Thumb Code     0  rt_memcpy_w.o(.text)
    __aeabi_memclr4                          0x08000437   Thumb Code     0  rt_memclr_w.o(.text)
    __aeabi_memclr8                          0x08000437   Thumb Code     0  rt_memclr_w.o(.text)
    __rt_memclr_w                            0x08000437   Thumb Code    78  rt_memclr_w.o(.text)
    _memset_w                                0x0800043b   Thumb Code     0  rt_memclr_w.o(.text)
    __use_two_region_memory                  0x08000485   Thumb Code     2  heapauxi.o(.text)
    __rt_heap_escrow$2region                 0x08000487   Thumb Code     2  heapauxi.o(.text)
    __rt_heap_expand$2region                 0x08000489   Thumb Code     2  heapauxi.o(.text)
    __read_errno                             0x0800048b   Thumb Code    10  _rserrno.o(.text)
    __set_errno                              0x08000495   Thumb Code    12  _rserrno.o(.text)
    __aeabi_errno_addr                       0x080004a1   Thumb Code     8  rt_errno_addr_intlibspace.o(.text)
    __errno$intlibspace                      0x080004a1   Thumb Code     0  rt_errno_addr_intlibspace.o(.text)
    __rt_errno_addr$intlibspace              0x080004a1   Thumb Code     0  rt_errno_addr_intlibspace.o(.text)
    __user_libspace                          0x080004a9   Thumb Code     8  libspace.o(.text)
    __user_perproc_libspace                  0x080004a9   Thumb Code     0  libspace.o(.text)
    __user_perthread_libspace                0x080004a9   Thumb Code     0  libspace.o(.text)
    __user_setup_stackheap                   0x080004b1   Thumb Code    74  sys_stackheap_outer.o(.text)
    exit                                     0x080004fb   Thumb Code    18  exit.o(.text)
    _sys_exit                                0x0800050d   Thumb Code     8  sys_exit.o(.text)
    __I$use$semihosting                      0x08000519   Thumb Code     0  use_no_semi.o(.text)
    __use_no_semihosting_swi                 0x08000519   Thumb Code     2  use_no_semi.o(.text)
    __semihosting_library_function           0x0800051b   Thumb Code     0  indicate_semi.o(.text)
    ADC_Sample                               0x08000645   Thumb Code   146  adc_sample.o(i.ADC_Sample)
    BSP_CAN_Read                             0x080006f1   Thumb Code    36  bsp_can.o(i.BSP_CAN_Read)
    BSP_CAN_SetFilter                        0x08000721   Thumb Code    58  bsp_can.o(i.BSP_CAN_SetFilter)
    BSP_DebugUart_StartReceive               0x08000761   Thumb Code    22  bsp_debug_uart.o(i.BSP_DebugUart_StartReceive)
    BSP_DebugUart_TryWrite                   0x08000781   Thumb Code    90  bsp_debug_uart.o(i.BSP_DebugUart_TryWrite)
    BSP_EmergencyStop                        0x080007e9   Thumb Code    76  bsp_emergency_stop.o(i.BSP_EmergencyStop)
    BSP_SafeGpioEarlyInit                    0x08000841   Thumb Code   150  bsp_safe_gpio.o(i.BSP_SafeGpioEarlyInit)
    BSP_Time_ElapsedCycles32                 0x0800094d   Thumb Code     8  bsp_time.o(i.BSP_Time_ElapsedCycles32)
    BSP_Time_Init                            0x08000959   Thumb Code    86  bsp_time.o(i.BSP_Time_Init)
    BSP_Time_NowCycles32                     0x080009c1   Thumb Code     6  bsp_time.o(i.BSP_Time_NowCycles32)
    BusFault_Handler                         0x080009cd   Thumb Code     2  stm32f4xx_it.o(i.BusFault_Handler)
    CAN1_RX0_IRQHandler                      0x080009d1   Thumb Code     6  stm32f4xx_it.o(i.CAN1_RX0_IRQHandler)
    DRV_Init                                 0x080009dd   Thumb Code   144  drv.o(i.DRV_Init)
    DRV_Transfer16                           0x08000a75   Thumb Code    50  drv.o(i.DRV_Transfer16)
    DebugMon_Handler                         0x08000ab1   Thumb Code     2  stm32f4xx_it.o(i.DebugMon_Handler)
    Error_Handler                            0x08000ab3   Thumb Code    10  main.o(i.Error_Handler)
    FLASH_Erase_Sector                       0x08000abd   Thumb Code    74  stm32f4xx_hal_flash_ex.o(i.FLASH_Erase_Sector)
    FLASH_FlushCaches                        0x08000b0d   Thumb Code    80  stm32f4xx_hal_flash_ex.o(i.FLASH_FlushCaches)
    FLASH_WaitForLastOperation               0x08000c99   Thumb Code    72  stm32f4xx_hal_flash.o(i.FLASH_WaitForLastOperation)
    FOC_SetAdcSnapshot                       0x08000ce9   Thumb Code   166  foc.o(i.FOC_SetAdcSnapshot)
    FOC_Step                                 0x08000da1   Thumb Code   530  foc.o(i.FOC_Step)
    FastCos                                  0x08000fd1   Thumb Code    12  fastmath.o(i.FastCos)
    FastSin                                  0x08000fe1   Thumb Code    66  fastmath.o(i.FastSin)
    FlashWriter_Close                        0x08001035   Thumb Code     4  flashwriter.o(i.FlashWriter_Close)
    FlashWriter_Open                         0x08001039   Thumb Code    64  flashwriter.o(i.FlashWriter_Open)
    FlashWriter_Write                        0x0800107d   Thumb Code    30  flashwriter.o(i.FlashWriter_Write)
    HAL_ADCEx_MultiModeConfigChannel         0x080010a5   Thumb Code    78  stm32f4xx_hal_adc_ex.o(i.HAL_ADCEx_MultiModeConfigChannel)
    HAL_ADC_ConfigChannel                    0x080010f9   Thumb Code   334  stm32f4xx_hal_adc.o(i.HAL_ADC_ConfigChannel)
    HAL_ADC_Init                             0x0800125d   Thumb Code    84  stm32f4xx_hal_adc.o(i.HAL_ADC_Init)
    HAL_ADC_MspInit                          0x080012b1   Thumb Code   182  adc.o(i.HAL_ADC_MspInit)
    HAL_CAN_ActivateNotification             0x08001381   Thumb Code    36  stm32f4xx_hal_can.o(i.HAL_CAN_ActivateNotification)
    HAL_CAN_AddTxMessage                     0x080013a5   Thumb Code   188  stm32f4xx_hal_can.o(i.HAL_CAN_AddTxMessage)
    HAL_CAN_ConfigFilter                     0x08001461   Thumb Code   262  stm32f4xx_hal_can.o(i.HAL_CAN_ConfigFilter)
    HAL_CAN_DeactivateNotification           0x0800156d   Thumb Code    36  stm32f4xx_hal_can.o(i.HAL_CAN_DeactivateNotification)
    HAL_CAN_ErrorCallback                    0x08001591   Thumb Code     2  stm32f4xx_hal_can.o(i.HAL_CAN_ErrorCallback)
    HAL_CAN_GetRxMessage                     0x08001593   Thumb Code   244  stm32f4xx_hal_can.o(i.HAL_CAN_GetRxMessage)
    HAL_CAN_IRQHandler                       0x08001687   Thumb Code   508  stm32f4xx_hal_can.o(i.HAL_CAN_IRQHandler)
    HAL_CAN_Init                             0x08001883   Thumb Code   282  stm32f4xx_hal_can.o(i.HAL_CAN_Init)
    HAL_CAN_MspInit                          0x0800199d   Thumb Code   108  can.o(i.HAL_CAN_MspInit)
    HAL_CAN_RxFifo0FullCallback              0x08001a15   Thumb Code     2  stm32f4xx_hal_can.o(i.HAL_CAN_RxFifo0FullCallback)
    HAL_CAN_RxFifo0MsgPendingCallback        0x08001a19   Thumb Code    36  bsp_can.o(i.HAL_CAN_RxFifo0MsgPendingCallback)
    HAL_CAN_RxFifo1FullCallback              0x08001a45   Thumb Code     2  stm32f4xx_hal_can.o(i.HAL_CAN_RxFifo1FullCallback)
    HAL_CAN_RxFifo1MsgPendingCallback        0x08001a47   Thumb Code     2  stm32f4xx_hal_can.o(i.HAL_CAN_RxFifo1MsgPendingCallback)
    HAL_CAN_SleepCallback                    0x08001a49   Thumb Code     2  stm32f4xx_hal_can.o(i.HAL_CAN_SleepCallback)
    HAL_CAN_Start                            0x08001a4d   Thumb Code    88  stm32f4xx_hal_can.o(i.HAL_CAN_Start)
    HAL_CAN_TxMailbox0AbortCallback          0x08001aa5   Thumb Code     2  stm32f4xx_hal_can.o(i.HAL_CAN_TxMailbox0AbortCallback)
    HAL_CAN_TxMailbox0CompleteCallback       0x08001aa7   Thumb Code     2  stm32f4xx_hal_can.o(i.HAL_CAN_TxMailbox0CompleteCallback)
    HAL_CAN_TxMailbox1AbortCallback          0x08001aa9   Thumb Code     2  stm32f4xx_hal_can.o(i.HAL_CAN_TxMailbox1AbortCallback)
    HAL_CAN_TxMailbox1CompleteCallback       0x08001aab   Thumb Code     2  stm32f4xx_hal_can.o(i.HAL_CAN_TxMailbox1CompleteCallback)
    HAL_CAN_TxMailbox2AbortCallback          0x08001aad   Thumb Code     2  stm32f4xx_hal_can.o(i.HAL_CAN_TxMailbox2AbortCallback)
    HAL_CAN_TxMailbox2CompleteCallback       0x08001aaf   Thumb Code     2  stm32f4xx_hal_can.o(i.HAL_CAN_TxMailbox2CompleteCallback)
    HAL_CAN_WakeUpFromRxMsgCallback          0x08001ab1   Thumb Code     2  stm32f4xx_hal_can.o(i.HAL_CAN_WakeUpFromRxMsgCallback)
    HAL_DMA_Abort                            0x08001ab3   Thumb Code   146  stm32f4xx_hal_dma.o(i.HAL_DMA_Abort)
    HAL_DMA_Abort_IT                         0x08001b45   Thumb Code    36  stm32f4xx_hal_dma.o(i.HAL_DMA_Abort_IT)
    HAL_Delay                                0x08001b69   Thumb Code    32  stm32f4xx_hal.o(i.HAL_Delay)
    HAL_FLASHEx_Erase                        0x08001b8d   Thumb Code   144  stm32f4xx_hal_flash_ex.o(i.HAL_FLASHEx_Erase)
    HAL_FLASH_Lock                           0x08001c25   Thumb Code    14  stm32f4xx_hal_flash.o(i.HAL_FLASH_Lock)
    HAL_FLASH_Program                        0x08001c39   Thumb Code   116  stm32f4xx_hal_flash.o(i.HAL_FLASH_Program)
    HAL_FLASH_Unlock                         0x08001cb5   Thumb Code    32  stm32f4xx_hal_flash.o(i.HAL_FLASH_Unlock)
    HAL_GPIO_Init                            0x08001ce1   Thumb Code   436  stm32f4xx_hal_gpio.o(i.HAL_GPIO_Init)
    HAL_GPIO_WritePin                        0x08001ebd   Thumb Code    10  stm32f4xx_hal_gpio.o(i.HAL_GPIO_WritePin)
    HAL_GetTick                              0x08001ec9   Thumb Code     6  stm32f4xx_hal.o(i.HAL_GetTick)
    HAL_IncTick                              0x08001ed5   Thumb Code    12  stm32f4xx_hal.o(i.HAL_IncTick)
    HAL_Init                                 0x08001ee5   Thumb Code    48  stm32f4xx_hal.o(i.HAL_Init)
    HAL_InitTick                             0x08001f19   Thumb Code    54  stm32f4xx_hal.o(i.HAL_InitTick)
    HAL_MspInit                              0x08001f59   Thumb Code    42  stm32f4xx_hal_msp.o(i.HAL_MspInit)
    HAL_NVIC_ClearPendingIRQ                 0x08001f89   Thumb Code    26  stm32f4xx_hal_cortex.o(i.HAL_NVIC_ClearPendingIRQ)
    HAL_NVIC_EnableIRQ                       0x08001fa3   Thumb Code    26  stm32f4xx_hal_cortex.o(i.HAL_NVIC_EnableIRQ)
    HAL_NVIC_SetPriority                     0x08001fbd   Thumb Code    60  stm32f4xx_hal_cortex.o(i.HAL_NVIC_SetPriority)
    HAL_NVIC_SetPriorityGrouping             0x08001ffd   Thumb Code    26  stm32f4xx_hal_cortex.o(i.HAL_NVIC_SetPriorityGrouping)
    HAL_PWREx_EnableOverDrive                0x08002021   Thumb Code    98  stm32f4xx_hal_pwr_ex.o(i.HAL_PWREx_EnableOverDrive)
    HAL_RCC_ClockConfig                      0x08002091   Thumb Code   288  stm32f4xx_hal_rcc.o(i.HAL_RCC_ClockConfig)
    HAL_RCC_GetPCLK1Freq                     0x080021c5   Thumb Code    20  stm32f4xx_hal_rcc.o(i.HAL_RCC_GetPCLK1Freq)
    HAL_RCC_GetPCLK2Freq                     0x080021e5   Thumb Code    20  stm32f4xx_hal_rcc.o(i.HAL_RCC_GetPCLK2Freq)
    HAL_RCC_GetSysClockFreq                  0x08002205   Thumb Code   140  stm32f4xx_hal_rcc_ex.o(i.HAL_RCC_GetSysClockFreq)
    HAL_RCC_OscConfig                        0x08002299   Thumb Code   900  stm32f4xx_hal_rcc_ex.o(i.HAL_RCC_OscConfig)
    HAL_SPI_Init                             0x08002631   Thumb Code   188  stm32f4xx_hal_spi.o(i.HAL_SPI_Init)
    HAL_SPI_MspInit                          0x080026ed   Thumb Code   156  spi.o(i.HAL_SPI_MspInit)
    HAL_SPI_TransmitReceive                  0x0800279d   Thumb Code   496  stm32f4xx_hal_spi.o(i.HAL_SPI_TransmitReceive)
    HAL_SYSTICK_Config                       0x0800298d   Thumb Code    40  stm32f4xx_hal_cortex.o(i.HAL_SYSTICK_Config)
    HAL_TIMEx_BreakCallback                  0x080029b5   Thumb Code     2  stm32f4xx_hal_tim_ex.o(i.HAL_TIMEx_BreakCallback)
    HAL_TIMEx_CommutCallback                 0x080029b7   Thumb Code     2  stm32f4xx_hal_tim_ex.o(i.HAL_TIMEx_CommutCallback)
    HAL_TIMEx_ConfigBreakDeadTime            0x080029b9   Thumb Code    84  stm32f4xx_hal_tim_ex.o(i.HAL_TIMEx_ConfigBreakDeadTime)
    HAL_TIMEx_MasterConfigSynchronization    0x08002a0d   Thumb Code   116  stm32f4xx_hal_tim_ex.o(i.HAL_TIMEx_MasterConfigSynchronization)
    HAL_TIM_Base_Init                        0x08002a9d   Thumb Code    90  stm32f4xx_hal_tim.o(i.HAL_TIM_Base_Init)
    HAL_TIM_Base_MspInit                     0x08002af9   Thumb Code    90  tim.o(i.HAL_TIM_Base_MspInit)
    HAL_TIM_Base_Start_IT                    0x08002b5d   Thumb Code   100  stm32f4xx_hal_tim.o(i.HAL_TIM_Base_Start_IT)
    HAL_TIM_Base_Stop_IT                     0x08002bdd   Thumb Code    48  stm32f4xx_hal_tim.o(i.HAL_TIM_Base_Stop_IT)
    HAL_TIM_ConfigClockSource                0x08002c0d   Thumb Code   220  stm32f4xx_hal_tim.o(i.HAL_TIM_ConfigClockSource)
    HAL_TIM_GenerateEvent                    0x08002ce9   Thumb Code    38  stm32f4xx_hal_tim.o(i.HAL_TIM_GenerateEvent)
    HAL_TIM_IC_CaptureCallback               0x08002d0f   Thumb Code     2  stm32f4xx_hal_tim.o(i.HAL_TIM_IC_CaptureCallback)
    HAL_TIM_IRQHandler                       0x08002d11   Thumb Code   304  stm32f4xx_hal_tim.o(i.HAL_TIM_IRQHandler)
    HAL_TIM_MspPostInit                      0x08002e41   Thumb Code    72  tim.o(i.HAL_TIM_MspPostInit)
    HAL_TIM_OC_DelayElapsedCallback          0x08002e95   Thumb Code     2  stm32f4xx_hal_tim.o(i.HAL_TIM_OC_DelayElapsedCallback)
    HAL_TIM_PWM_ConfigChannel                0x08002e97   Thumb Code   204  stm32f4xx_hal_tim.o(i.HAL_TIM_PWM_ConfigChannel)
    HAL_TIM_PWM_Init                         0x08002f63   Thumb Code    90  stm32f4xx_hal_tim.o(i.HAL_TIM_PWM_Init)
    HAL_TIM_PWM_MspInit                      0x08002fbd   Thumb Code     2  stm32f4xx_hal_tim.o(i.HAL_TIM_PWM_MspInit)
    HAL_TIM_PWM_PulseFinishedCallback        0x08002fbf   Thumb Code     2  stm32f4xx_hal_tim.o(i.HAL_TIM_PWM_PulseFinishedCallback)
    HAL_TIM_PWM_Stop                         0x08002fc1   Thumb Code   114  stm32f4xx_hal_tim.o(i.HAL_TIM_PWM_Stop)
    HAL_TIM_PeriodElapsedCallback            0x0800303d   Thumb Code    18  bsp_time.o(i.HAL_TIM_PeriodElapsedCallback)
    HAL_TIM_TriggerCallback                  0x08003055   Thumb Code     2  stm32f4xx_hal_tim.o(i.HAL_TIM_TriggerCallback)
    HAL_UARTEx_RxEventCallback               0x08003057   Thumb Code     2  stm32f4xx_hal_uart.o(i.HAL_UARTEx_RxEventCallback)
    HAL_UART_ErrorCallback                   0x08003059   Thumb Code    38  bsp_debug_uart.o(i.HAL_UART_ErrorCallback)
    HAL_UART_IRQHandler                      0x08003089   Thumb Code   636  stm32f4xx_hal_uart.o(i.HAL_UART_IRQHandler)
    HAL_UART_Init                            0x08003309   Thumb Code   100  stm32f4xx_hal_uart.o(i.HAL_UART_Init)
    HAL_UART_MspInit                         0x0800336d   Thumb Code   108  usart.o(i.HAL_UART_MspInit)
    HAL_UART_Receive_IT                      0x080033e5   Thumb Code    28  stm32f4xx_hal_uart.o(i.HAL_UART_Receive_IT)
    HAL_UART_RxCpltCallback                  0x08003401   Thumb Code     2  stm32f4xx_hal_uart.o(i.HAL_UART_RxCpltCallback)
    HAL_UART_Transmit_IT                     0x08003403   Thumb Code    50  stm32f4xx_hal_uart.o(i.HAL_UART_Transmit_IT)
    HAL_UART_TxCpltCallback                  0x08003435   Thumb Code    14  bsp_debug_uart.o(i.HAL_UART_TxCpltCallback)
    HardFault_Handler                        0x0800344d   Thumb Code     2  stm32f4xx_it.o(i.HardFault_Handler)
    Init_ADC                                 0x08003451   Thumb Code    74  adc_sample.o(i.Init_ADC)
    MX_ADC1_Init                             0x080034b1   Thumb Code   120  adc.o(i.MX_ADC1_Init)
    MX_ADC2_Init                             0x08003535   Thumb Code    82  adc.o(i.MX_ADC2_Init)
    MX_ADC3_Init                             0x08003591   Thumb Code    80  adc.o(i.MX_ADC3_Init)
    MX_CAN1_Init                             0x080035e9   Thumb Code    66  can.o(i.MX_CAN1_Init)
    MX_GPIO_Init                             0x08003635   Thumb Code   200  gpio.o(i.MX_GPIO_Init)
    MX_SPI1_Init                             0x08003709   Thumb Code    66  spi.o(i.MX_SPI1_Init)
    MX_SPI3_Init                             0x08003755   Thumb Code    64  spi.o(i.MX_SPI3_Init)
    MX_TIM1_Init                             0x0800379d   Thumb Code   232  tim.o(i.MX_TIM1_Init)
    MX_TIM2_Init                             0x0800388d   Thumb Code    94  tim.o(i.MX_TIM2_Init)
    MX_USART2_UART_Init                      0x080038f1   Thumb Code    48  usart.o(i.MX_USART2_UART_Init)
    MemManage_Handler                        0x08003929   Thumb Code     2  stm32f4xx_it.o(i.MemManage_Handler)
    NMI_Handler                              0x0800392b   Thumb Code     2  stm32f4xx_it.o(i.NMI_Handler)
    PWM_SetCompare                           0x0800392d   Thumb Code   154  pwm.o(i.PWM_SetCompare)
    PWM_Stop                                 0x080039d5   Thumb Code    82  pwm.o(i.PWM_Stop)
    PendSV_Handler                           0x08003a2d   Thumb Code     2  stm32f4xx_it.o(i.PendSV_Handler)
    PositionSensor_ReadRaw                   0x08003a31   Thumb Code   178  positionsensor.o(i.PositionSensor_ReadRaw)
    PositionSensor_Sample                    0x08003af1   Thumb Code   552  positionsensor.o(i.PositionSensor_Sample)
    PositionSensor_WriteLUT                  0x08003d59   Thumb Code    12  positionsensor.o(i.PositionSensor_WriteLUT)
    PreferenceWriter_Decode                  0x08003d69   Thumb Code   112  preferencewriter.o(i.PreferenceWriter_Decode)
    PreferenceWriter_Flush                   0x08003dd9   Thumb Code   186  preferencewriter.o(i.PreferenceWriter_Flush)
    PreferenceWriter_Load                    0x08003e9d   Thumb Code     8  preferencewriter.o(i.PreferenceWriter_Load)
    PreferenceWriter_Validate                0x08003ead   Thumb Code   222  preferencewriter.o(i.PreferenceWriter_Validate)
    SVC_Handler                              0x080040c1   Thumb Code     2  stm32f4xx_it.o(i.SVC_Handler)
    SysTick_Handler                          0x080040c3   Thumb Code     4  stm32f4xx_it.o(i.SysTick_Handler)
    SystemClock_Config                       0x080040c9   Thumb Code   142  main.o(i.SystemClock_Config)
    SystemInit                               0x08004161   Thumb Code    12  system_stm32f4xx.o(i.SystemInit)
    TIM1_UP_TIM10_IRQHandler                 0x08004171   Thumb Code   210  stm32f4xx_it.o(i.TIM1_UP_TIM10_IRQHandler)
    TIM2_IRQHandler                          0x08004269   Thumb Code     6  stm32f4xx_it.o(i.TIM2_IRQHandler)
    TIM_Base_SetConfig                       0x08004275   Thumb Code   164  stm32f4xx_hal_tim.o(i.TIM_Base_SetConfig)
    TIM_CCxChannelCmd                        0x08004345   Thumb Code    26  stm32f4xx_hal_tim.o(i.TIM_CCxChannelCmd)
    TIM_ETR_SetConfig                        0x0800435f   Thumb Code    20  stm32f4xx_hal_tim.o(i.TIM_ETR_SetConfig)
    TIM_OC2_SetConfig                        0x080043e5   Thumb Code    98  stm32f4xx_hal_tim.o(i.TIM_OC2_SetConfig)
    UART_Start_Receive_IT                    0x08004779   Thumb Code    54  stm32f4xx_hal_uart.o(i.UART_Start_Receive_IT)
    USART2_IRQHandler                        0x080047b1   Thumb Code     6  stm32f4xx_it.o(i.USART2_IRQHandler)
    UsageFault_Handler                       0x080047bd   Thumb Code     2  stm32f4xx_it.o(i.UsageFault_Handler)
    __hardfp_fmaxf                           0x080047eb   Thumb Code    72  fmaxf.o(i.__hardfp_fmaxf)
    __hardfp_fminf                           0x08004833   Thumb Code    72  fminf.o(i.__hardfp_fminf)
    __hardfp_sqrtf                           0x0800487b   Thumb Code    58  sqrtf.o(i.__hardfp_sqrtf)
    abc                                      0x080048b5   Thumb Code   130  foc.o(i.abc)
    calibrate                                0x08004941   Thumb Code    54  drv.o(i.calibrate)
    disable_gd                               0x08004979   Thumb Code    54  drv.o(i.disable_gd)
    dq0                                      0x080049b9   Thumb Code   140  foc.o(i.dq0)
    float_to_uint                            0x08004a51   Thumb Code    40  math_ops.o(i.float_to_uint)
    fmaxf3                                   0x08004a79   Thumb Code    30  math_ops.o(i.fmaxf3)
    fminf3                                   0x08004a97   Thumb Code    30  math_ops.o(i.fminf3)
    init_controller_params                   0x08004ab5   Thumb Code    34  foc.o(i.init_controller_params)
    limit_norm                               0x08004ae9   Thumb Code    78  math_ops.o(i.limit_norm)
    linearize_dtc                            0x08004b39   Thumb Code    86  foc.o(i.linearize_dtc)
    main                                     0x08004b9d   Thumb Code   430  main.o(i.main)
    pack_reply                               0x08004ec5   Thumb Code   182  can_com.o(i.pack_reply)
    read_register                            0x08004f85   Thumb Code    36  drv.o(i.read_register)
    reset_foc                                0x08004fa9   Thumb Code    82  foc.o(i.reset_foc)
    reset_observer                           0x08005001   Thumb Code    18  foc.o(i.reset_observer)
    svm                                      0x08005021   Thumb Code   186  foc.o(i.svm)
    torque_control                           0x080050e5   Thumb Code    98  foc.o(i.torque_control)
    uint_to_float                            0x08005161   Thumb Code    40  math_ops.o(i.uint_to_float)
    unpack_cmd                               0x08005189   Thumb Code   166  can_com.o(i.unpack_cmd)
    unpack_special_cmd                       0x08005241   Thumb Code    48  can_com.o(i.unpack_special_cmd)
    write_CSACR                              0x08005271   Thumb Code    58  drv.o(i.write_CSACR)
    write_DCR                                0x080052ab   Thumb Code    58  drv.o(i.write_DCR)
    write_OCPCR                              0x080052e5   Thumb Code    30  drv.o(i.write_OCPCR)
    write_register                           0x08005303   Thumb Code    20  drv.o(i.write_register)
    zero_current                             0x08005317   Thumb Code    84  adc_sample.o(i.zero_current)
    __fcmp4                                  0x0800536d   Thumb Code    24  fcmp4.o(x$fpl$fcmp4)
    __ARM_fcmp4                              0x08005385   Thumb Code     0  fcmp4.o(x$fpl$fcmp4)
    _fcmp4                                   0x08005385   Thumb Code    58  fcmp4.o(x$fpl$fcmp4)
    __fpl_fcmp_Inf                           0x080053bf   Thumb Code    24  fcmpi.o(x$fpl$fcmpinf)
    __fpl_fnaninf                            0x080053d7   Thumb Code   140  fnaninf.o(x$fpl$fnaninf)
    _fp_init                                 0x08005463   Thumb Code    10  fpinit.o(x$fpl$fpinit)
    __fplib_config_fpu_vfp                   0x0800546b   Thumb Code     0  fpinit.o(x$fpl$fpinit)
    __fplib_config_pureend_doubles           0x0800546b   Thumb Code     0  fpinit.o(x$fpl$fpinit)
    __I$use$fp                               0x0800546c   Number         0  usenofp.o(x$fpl$usenofp)
    AHBPrescTable                            0x08005480   Data          16  system_stm32f4xx.o(.constdata)
    APBPrescTable                            0x08005490   Data           8  system_stm32f4xx.o(.constdata)
    SinTable                                 0x08005498   Data        2048  lut.o(.constdata)
    Region$$Table$$Base                      0x08005c98   Number         0  anon$$obj.o(Region$$Table)
    Region$$Table$$Limit                     0x08005cb8   Number         0  anon$$obj.o(Region$$Table)
    motor_parameters                         0x20000000   Data         572  main.o(.data)
    pFlash                                   0x2000023c   Data          32  stm32f4xx_hal_flash.o(.data)
    uwTickFreq                               0x2000025c   Data           1  stm32f4xx_hal.o(.data)
    uwTickPrio                               0x20000260   Data           4  stm32f4xx_hal.o(.data)
    uwTick                                   0x20000264   Data           4  stm32f4xx_hal.o(.data)
    SystemCoreClock                          0x20000268   Data           4  system_stm32f4xx.o(.data)
    state                                    0x20000280   Data           4  app.o(.data)
    can_mode_request                         0x20000284   Data           4  app.o(.data)
    can_zero_request                         0x20000288   Data           4  app.o(.data)
    can_id_request                           0x2000028c   Data           4  app.o(.data)
    can_master_request                       0x20000290   Data           4  app.o(.data)
    command                                  0x200002b0   Data          20  main.o(.bss)
    controller                               0x200002c4   Data         148  main.o(.bss)
    observer                                 0x20000358   Data          24  main.o(.bss)
    position_sample                          0x20000370   Data          36  main.o(.bss)
    hadc1                                    0x20000394   Data          72  adc.o(.bss)
    hadc2                                    0x200003dc   Data          72  adc.o(.bss)
    hadc3                                    0x20000424   Data          72  adc.o(.bss)
    hcan1                                    0x2000046c   Data          40  can.o(.bss)
    hspi1                                    0x20000494   Data          88  spi.o(.bss)
    hspi3                                    0x200004ec   Data          88  spi.o(.bss)
    htim1                                    0x20000544   Data          72  tim.o(.bss)
    htim2                                    0x2000058c   Data          72  tim.o(.bss)
    huart2                                   0x200005d4   Data          72  usart.o(.bss)
    __libspace_start                         0x200009b0   Data          96  libspace.o(.bss)
    __temporary_stack_top$libspace           0x20000a10   Data           0  libspace.o(.bss)



==============================================================================

Memory Map of the image

  Image Entry point : 0x080001c5

  Load Region LR_IROM1 (Base: 0x08000000, Size: 0x00005f64, Max: 0x00040000, ABSOLUTE, COMPRESSED[0x00005cdc])

    Execution Region ER_IROM1 (Exec base: 0x08000000, Load base: 0x08000000, Size: 0x00005cb8, Max: 0x00040000, ABSOLUTE)

    Exec Addr    Load Addr    Size         Type   Attr      Idx    E Section Name        Object

    0x08000000   0x08000000   0x000001c4   Data   RO            3    RESET               startup_stm32f446xx.o
    0x080001c4   0x080001c4   0x00000008   Code   RO         4907  * !!!main             c_w.l(__main.o)
    0x080001cc   0x080001cc   0x00000034   Code   RO         5140    !!!scatter          c_w.l(__scatter.o)
    0x08000200   0x08000200   0x0000005a   Code   RO         5138    !!dczerorl2         c_w.l(__dczerorl2.o)
    0x0800025a   0x0800025a   0x00000002   PAD
    0x0800025c   0x0800025c   0x0000001c   Code   RO         5142    !!handler_zi        c_w.l(__scatter_zi.o)
    0x08000278   0x08000278   0x00000002   Code   RO         5011    .ARM.Collect$$libinit$$00000000  c_w.l(libinit.o)
    0x0800027a   0x0800027a   0x00000004   Code   RO         5020    .ARM.Collect$$libinit$$00000001  c_w.l(libinit2.o)
    0x0800027e   0x0800027e   0x00000000   Code   RO         5023    .ARM.Collect$$libinit$$00000004  c_w.l(libinit2.o)
    0x0800027e   0x0800027e   0x00000000   Code   RO         5026    .ARM.Collect$$libinit$$0000000A  c_w.l(libinit2.o)
    0x0800027e   0x0800027e   0x00000000   Code   RO         5028    .ARM.Collect$$libinit$$0000000C  c_w.l(libinit2.o)
    0x0800027e   0x0800027e   0x00000000   Code   RO         5030    .ARM.Collect$$libinit$$0000000E  c_w.l(libinit2.o)
    0x0800027e   0x0800027e   0x00000000   Code   RO         5033    .ARM.Collect$$libinit$$00000011  c_w.l(libinit2.o)
    0x0800027e   0x0800027e   0x00000000   Code   RO         5035    .ARM.Collect$$libinit$$00000013  c_w.l(libinit2.o)
    0x0800027e   0x0800027e   0x00000000   Code   RO         5037    .ARM.Collect$$libinit$$00000015  c_w.l(libinit2.o)
    0x0800027e   0x0800027e   0x00000000   Code   RO         5039    .ARM.Collect$$libinit$$00000017  c_w.l(libinit2.o)
    0x0800027e   0x0800027e   0x00000000   Code   RO         5041    .ARM.Collect$$libinit$$00000019  c_w.l(libinit2.o)
    0x0800027e   0x0800027e   0x00000000   Code   RO         5043    .ARM.Collect$$libinit$$0000001B  c_w.l(libinit2.o)
    0x0800027e   0x0800027e   0x00000000   Code   RO         5045    .ARM.Collect$$libinit$$0000001D  c_w.l(libinit2.o)
    0x0800027e   0x0800027e   0x00000000   Code   RO         5047    .ARM.Collect$$libinit$$0000001F  c_w.l(libinit2.o)
    0x0800027e   0x0800027e   0x00000000   Code   RO         5049    .ARM.Collect$$libinit$$00000021  c_w.l(libinit2.o)
    0x0800027e   0x0800027e   0x00000000   Code   RO         5051    .ARM.Collect$$libinit$$00000023  c_w.l(libinit2.o)
    0x0800027e   0x0800027e   0x00000000   Code   RO         5053    .ARM.Collect$$libinit$$00000025  c_w.l(libinit2.o)
    0x0800027e   0x0800027e   0x00000000   Code   RO         5057    .ARM.Collect$$libinit$$0000002C  c_w.l(libinit2.o)
    0x0800027e   0x0800027e   0x00000000   Code   RO         5059    .ARM.Collect$$libinit$$0000002E  c_w.l(libinit2.o)
    0x0800027e   0x0800027e   0x00000000   Code   RO         5061    .ARM.Collect$$libinit$$00000030  c_w.l(libinit2.o)
    0x0800027e   0x0800027e   0x00000000   Code   RO         5063    .ARM.Collect$$libinit$$00000032  c_w.l(libinit2.o)
    0x0800027e   0x0800027e   0x00000002   Code   RO         5064    .ARM.Collect$$libinit$$00000033  c_w.l(libinit2.o)
    0x08000280   0x08000280   0x00000002   Code   RO         5095    .ARM.Collect$$libshutdown$$00000000  c_w.l(libshutdown.o)
    0x08000282   0x08000282   0x00000000   Code   RO         5121    .ARM.Collect$$libshutdown$$00000002  c_w.l(libshutdown2.o)
    0x08000282   0x08000282   0x00000000   Code   RO         5123    .ARM.Collect$$libshutdown$$00000004  c_w.l(libshutdown2.o)
    0x08000282   0x08000282   0x00000000   Code   RO         5126    .ARM.Collect$$libshutdown$$00000007  c_w.l(libshutdown2.o)
    0x08000282   0x08000282   0x00000000   Code   RO         5129    .ARM.Collect$$libshutdown$$0000000A  c_w.l(libshutdown2.o)
    0x08000282   0x08000282   0x00000000   Code   RO         5131    .ARM.Collect$$libshutdown$$0000000C  c_w.l(libshutdown2.o)
    0x08000282   0x08000282   0x00000000   Code   RO         5134    .ARM.Collect$$libshutdown$$0000000F  c_w.l(libshutdown2.o)
    0x08000282   0x08000282   0x00000002   Code   RO         5135    .ARM.Collect$$libshutdown$$00000010  c_w.l(libshutdown2.o)
    0x08000284   0x08000284   0x00000000   Code   RO         4941    .ARM.Collect$$rtentry$$00000000  c_w.l(__rtentry.o)
    0x08000284   0x08000284   0x00000000   Code   RO         4970    .ARM.Collect$$rtentry$$00000002  c_w.l(__rtentry2.o)
    0x08000284   0x08000284   0x00000006   Code   RO         4982    .ARM.Collect$$rtentry$$00000004  c_w.l(__rtentry4.o)
    0x0800028a   0x0800028a   0x00000000   Code   RO         4972    .ARM.Collect$$rtentry$$00000009  c_w.l(__rtentry2.o)
    0x0800028a   0x0800028a   0x00000004   Code   RO         4973    .ARM.Collect$$rtentry$$0000000A  c_w.l(__rtentry2.o)
    0x0800028e   0x0800028e   0x00000000   Code   RO         4975    .ARM.Collect$$rtentry$$0000000C  c_w.l(__rtentry2.o)
    0x0800028e   0x0800028e   0x00000008   Code   RO         4976    .ARM.Collect$$rtentry$$0000000D  c_w.l(__rtentry2.o)
    0x08000296   0x08000296   0x00000002   Code   RO         5012    .ARM.Collect$$rtexit$$00000000  c_w.l(rtexit.o)
    0x08000298   0x08000298   0x00000000   Code   RO         5068    .ARM.Collect$$rtexit$$00000002  c_w.l(rtexit2.o)
    0x08000298   0x08000298   0x00000004   Code   RO         5069    .ARM.Collect$$rtexit$$00000003  c_w.l(rtexit2.o)
    0x0800029c   0x0800029c   0x00000006   Code   RO         5070    .ARM.Collect$$rtexit$$00000004  c_w.l(rtexit2.o)
    0x080002a2   0x080002a2   0x00000002   PAD
    0x080002a4   0x080002a4   0x00000040   Code   RO            4    .text               startup_stm32f446xx.o
    0x080002e4   0x080002e4   0x000000ee   Code   RO         4899    .text               c_w.l(lludivv7m.o)
    0x080003d2   0x080003d2   0x00000064   Code   RO         4901    .text               c_w.l(rt_memcpy_w.o)
    0x08000436   0x08000436   0x0000004e   Code   RO         4903    .text               c_w.l(rt_memclr_w.o)
    0x08000484   0x08000484   0x00000006   Code   RO         4905    .text               c_w.l(heapauxi.o)
    0x0800048a   0x0800048a   0x00000016   Code   RO         4946    .text               c_w.l(_rserrno.o)
    0x080004a0   0x080004a0   0x00000008   Code   RO         4989    .text               c_w.l(rt_errno_addr_intlibspace.o)
    0x080004a8   0x080004a8   0x00000008   Code   RO         4995    .text               c_w.l(libspace.o)
    0x080004b0   0x080004b0   0x0000004a   Code   RO         4998    .text               c_w.l(sys_stackheap_outer.o)
    0x080004fa   0x080004fa   0x00000012   Code   RO         5000    .text               c_w.l(exit.o)
    0x0800050c   0x0800050c   0x0000000c   Code   RO         5065    .text               c_w.l(sys_exit.o)
    0x08000518   0x08000518   0x00000002   Code   RO         5084    .text               c_w.l(use_no_semi.o)
    0x0800051a   0x0800051a   0x00000000   Code   RO         5086    .text               c_w.l(indicate_semi.o)
    0x0800051a   0x0800051a   0x00000002   PAD
    0x0800051c   0x0800051c   0x00000128   Code   RO          652    i.ADC_Init          stm32f4xx_hal_adc.o
    0x08000644   0x08000644   0x000000ac   Code   RO         4774    i.ADC_Sample        adc_sample.o
    0x080006f0   0x080006f0   0x00000030   Code   RO         4309    i.BSP_CAN_Read      bsp_can.o
    0x08000720   0x08000720   0x00000040   Code   RO         4310    i.BSP_CAN_SetFilter  bsp_can.o
    0x08000760   0x08000760   0x00000020   Code   RO         4212    i.BSP_DebugUart_StartReceive  bsp_debug_uart.o
    0x08000780   0x08000780   0x00000068   Code   RO         4213    i.BSP_DebugUart_TryWrite  bsp_debug_uart.o
    0x080007e8   0x080007e8   0x00000058   Code   RO         4268    i.BSP_EmergencyStop  bsp_emergency_stop.o
    0x08000840   0x08000840   0x000000a4   Code   RO         4109    i.BSP_SafeGpioEarlyInit  bsp_safe_gpio.o
    0x080008e4   0x080008e4   0x00000068   Code   RO         4136    i.BSP_Time_ConfigIsValid  bsp_time.o
    0x0800094c   0x0800094c   0x0000000c   Code   RO         4137    i.BSP_Time_ElapsedCycles32  bsp_time.o
    0x08000958   0x08000958   0x00000068   Code   RO         4140    i.BSP_Time_Init     bsp_time.o
    0x080009c0   0x080009c0   0x0000000c   Code   RO         4141    i.BSP_Time_NowCycles32  bsp_time.o
    0x080009cc   0x080009cc   0x00000002   Code   RO          513    i.BusFault_Handler  stm32f4xx_it.o
    0x080009ce   0x080009ce   0x00000002   PAD
    0x080009d0   0x080009d0   0x0000000c   Code   RO          514    i.CAN1_RX0_IRQHandler  stm32f4xx_it.o
    0x080009dc   0x080009dc   0x00000098   Code   RO         4585    i.DRV_Init          drv.o
    0x08000a74   0x08000a74   0x0000003c   Code   RO         4587    i.DRV_Transfer16    drv.o
    0x08000ab0   0x08000ab0   0x00000002   Code   RO          515    i.DebugMon_Handler  stm32f4xx_it.o
    0x08000ab2   0x08000ab2   0x0000000a   Code   RO           13    i.Error_Handler     main.o
    0x08000abc   0x08000abc   0x00000050   Code   RO         1237    i.FLASH_Erase_Sector  stm32f4xx_hal_flash_ex.o
    0x08000b0c   0x08000b0c   0x00000054   Code   RO         1238    i.FLASH_FlushCaches  stm32f4xx_hal_flash_ex.o
    0x08000b60   0x08000b60   0x00000028   Code   RO         1239    i.FLASH_MassErase   stm32f4xx_hal_flash_ex.o
    0x08000b88   0x08000b88   0x00000020   Code   RO         1119    i.FLASH_Program_Byte  stm32f4xx_hal_flash.o
    0x08000ba8   0x08000ba8   0x0000002c   Code   RO         1120    i.FLASH_Program_DoubleWord  stm32f4xx_hal_flash.o
    0x08000bd4   0x08000bd4   0x00000024   Code   RO         1121    i.FLASH_Program_HalfWord  stm32f4xx_hal_flash.o
    0x08000bf8   0x08000bf8   0x00000024   Code   RO         1122    i.FLASH_Program_Word  stm32f4xx_hal_flash.o
    0x08000c1c   0x08000c1c   0x0000007c   Code   RO         1123    i.FLASH_SetErrorCode  stm32f4xx_hal_flash.o
    0x08000c98   0x08000c98   0x00000050   Code   RO         1124    i.FLASH_WaitForLastOperation  stm32f4xx_hal_flash.o
    0x08000ce8   0x08000ce8   0x000000b8   Code   RO         4463    i.FOC_SetAdcSnapshot  foc.o
    0x08000da0   0x08000da0   0x00000230   Code   RO         4464    i.FOC_Step          foc.o
    0x08000fd0   0x08000fd0   0x00000010   Code   RO         4420    i.FastCos           fastmath.o
    0x08000fe0   0x08000fe0   0x00000054   Code   RO         4421    i.FastSin           fastmath.o
    0x08001034   0x08001034   0x00000004   Code   RO         4864    i.FlashWriter_Close  flashwriter.o
    0x08001038   0x08001038   0x00000044   Code   RO         4865    i.FlashWriter_Open  flashwriter.o
    0x0800107c   0x0800107c   0x00000028   Code   RO         4866    i.FlashWriter_Write  flashwriter.o
    0x080010a4   0x080010a4   0x00000054   Code   RO          830    i.HAL_ADCEx_MultiModeConfigChannel  stm32f4xx_hal_adc_ex.o
    0x080010f8   0x080010f8   0x00000164   Code   RO          654    i.HAL_ADC_ConfigChannel  stm32f4xx_hal_adc.o
    0x0800125c   0x0800125c   0x00000054   Code   RO          663    i.HAL_ADC_Init      stm32f4xx_hal_adc.o
    0x080012b0   0x080012b0   0x000000d0   Code   RO          274    i.HAL_ADC_MspInit   adc.o
    0x08001380   0x08001380   0x00000024   Code   RO         2180    i.HAL_CAN_ActivateNotification  stm32f4xx_hal_can.o
    0x080013a4   0x080013a4   0x000000bc   Code   RO         2181    i.HAL_CAN_AddTxMessage  stm32f4xx_hal_can.o
    0x08001460   0x08001460   0x0000010c   Code   RO         2182    i.HAL_CAN_ConfigFilter  stm32f4xx_hal_can.o
    0x0800156c   0x0800156c   0x00000024   Code   RO         2184    i.HAL_CAN_DeactivateNotification  stm32f4xx_hal_can.o
    0x08001590   0x08001590   0x00000002   Code   RO         2185    i.HAL_CAN_ErrorCallback  stm32f4xx_hal_can.o
    0x08001592   0x08001592   0x000000f4   Code   RO         2188    i.HAL_CAN_GetRxMessage  stm32f4xx_hal_can.o
    0x08001686   0x08001686   0x000001fc   Code   RO         2192    i.HAL_CAN_IRQHandler  stm32f4xx_hal_can.o
    0x08001882   0x08001882   0x0000011a   Code   RO         2193    i.HAL_CAN_Init      stm32f4xx_hal_can.o
    0x0800199c   0x0800199c   0x00000078   Code   RO          328    i.HAL_CAN_MspInit   can.o
    0x08001a14   0x08001a14   0x00000002   Code   RO         2200    i.HAL_CAN_RxFifo0FullCallback  stm32f4xx_hal_can.o
    0x08001a16   0x08001a16   0x00000002   PAD
    0x08001a18   0x08001a18   0x0000002c   Code   RO         4311    i.HAL_CAN_RxFifo0MsgPendingCallback  bsp_can.o
    0x08001a44   0x08001a44   0x00000002   Code   RO         2202    i.HAL_CAN_RxFifo1FullCallback  stm32f4xx_hal_can.o
    0x08001a46   0x08001a46   0x00000002   Code   RO         2203    i.HAL_CAN_RxFifo1MsgPendingCallback  stm32f4xx_hal_can.o
    0x08001a48   0x08001a48   0x00000002   Code   RO         2204    i.HAL_CAN_SleepCallback  stm32f4xx_hal_can.o
    0x08001a4a   0x08001a4a   0x00000002   PAD
    0x08001a4c   0x08001a4c   0x00000058   Code   RO         2205    i.HAL_CAN_Start     stm32f4xx_hal_can.o
    0x08001aa4   0x08001aa4   0x00000002   Code   RO         2207    i.HAL_CAN_TxMailbox0AbortCallback  stm32f4xx_hal_can.o
    0x08001aa6   0x08001aa6   0x00000002   Code   RO         2208    i.HAL_CAN_TxMailbox0CompleteCallback  stm32f4xx_hal_can.o
    0x08001aa8   0x08001aa8   0x00000002   Code   RO         2209    i.HAL_CAN_TxMailbox1AbortCallback  stm32f4xx_hal_can.o
    0x08001aaa   0x08001aaa   0x00000002   Code   RO         2210    i.HAL_CAN_TxMailbox1CompleteCallback  stm32f4xx_hal_can.o
    0x08001aac   0x08001aac   0x00000002   Code   RO         2211    i.HAL_CAN_TxMailbox2AbortCallback  stm32f4xx_hal_can.o
    0x08001aae   0x08001aae   0x00000002   Code   RO         2212    i.HAL_CAN_TxMailbox2CompleteCallback  stm32f4xx_hal_can.o
    0x08001ab0   0x08001ab0   0x00000002   Code   RO         2214    i.HAL_CAN_WakeUpFromRxMsgCallback  stm32f4xx_hal_can.o
    0x08001ab2   0x08001ab2   0x00000092   Code   RO         1473    i.HAL_DMA_Abort     stm32f4xx_hal_dma.o
    0x08001b44   0x08001b44   0x00000024   Code   RO         1474    i.HAL_DMA_Abort_IT  stm32f4xx_hal_dma.o
    0x08001b68   0x08001b68   0x00000024   Code   RO         1928    i.HAL_Delay         stm32f4xx_hal.o
    0x08001b8c   0x08001b8c   0x00000098   Code   RO         1242    i.HAL_FLASHEx_Erase  stm32f4xx_hal_flash_ex.o
    0x08001c24   0x08001c24   0x00000014   Code   RO         1128    i.HAL_FLASH_Lock    stm32f4xx_hal_flash.o
    0x08001c38   0x08001c38   0x0000007c   Code   RO         1133    i.HAL_FLASH_Program  stm32f4xx_hal_flash.o
    0x08001cb4   0x08001cb4   0x0000002c   Code   RO         1135    i.HAL_FLASH_Unlock  stm32f4xx_hal_flash.o
    0x08001ce0   0x08001ce0   0x000001dc   Code   RO         1366    i.HAL_GPIO_Init     stm32f4xx_hal_gpio.o
    0x08001ebc   0x08001ebc   0x0000000a   Code   RO         1370    i.HAL_GPIO_WritePin  stm32f4xx_hal_gpio.o
    0x08001ec6   0x08001ec6   0x00000002   PAD
    0x08001ec8   0x08001ec8   0x0000000c   Code   RO         1934    i.HAL_GetTick       stm32f4xx_hal.o
    0x08001ed4   0x08001ed4   0x00000010   Code   RO         1940    i.HAL_IncTick       stm32f4xx_hal.o
    0x08001ee4   0x08001ee4   0x00000034   Code   RO         1941    i.HAL_Init          stm32f4xx_hal.o
    0x08001f18   0x08001f18   0x00000040   Code   RO         1942    i.HAL_InitTick      stm32f4xx_hal.o
    0x08001f58   0x08001f58   0x00000030   Code   RO          625    i.HAL_MspInit       stm32f4xx_hal_msp.o
    0x08001f88   0x08001f88   0x0000001a   Code   RO         1774    i.HAL_NVIC_ClearPendingIRQ  stm32f4xx_hal_cortex.o
    0x08001fa2   0x08001fa2   0x0000001a   Code   RO         1776    i.HAL_NVIC_EnableIRQ  stm32f4xx_hal_cortex.o
    0x08001fbc   0x08001fbc   0x00000040   Code   RO         1782    i.HAL_NVIC_SetPriority  stm32f4xx_hal_cortex.o
    0x08001ffc   0x08001ffc   0x00000024   Code   RO         1783    i.HAL_NVIC_SetPriorityGrouping  stm32f4xx_hal_cortex.o
    0x08002020   0x08002020   0x00000070   Code   RO         1702    i.HAL_PWREx_EnableOverDrive  stm32f4xx_hal_pwr_ex.o
    0x08002090   0x08002090   0x00000134   Code   RO          928    i.HAL_RCC_ClockConfig  stm32f4xx_hal_rcc.o
    0x080021c4   0x080021c4   0x00000020   Code   RO          935    i.HAL_RCC_GetPCLK1Freq  stm32f4xx_hal_rcc.o
    0x080021e4   0x080021e4   0x00000020   Code   RO          936    i.HAL_RCC_GetPCLK2Freq  stm32f4xx_hal_rcc.o
    0x08002204   0x08002204   0x00000094   Code   RO         1039    i.HAL_RCC_GetSysClockFreq  stm32f4xx_hal_rcc_ex.o
    0x08002298   0x08002298   0x00000398   Code   RO         1040    i.HAL_RCC_OscConfig  stm32f4xx_hal_rcc_ex.o
    0x08002630   0x08002630   0x000000bc   Code   RO         2424    i.HAL_SPI_Init      stm32f4xx_hal_spi.o
    0x080026ec   0x080026ec   0x000000b0   Code   RO          370    i.HAL_SPI_MspInit   spi.o
    0x0800279c   0x0800279c   0x000001f0   Code   RO         2433    i.HAL_SPI_TransmitReceive  stm32f4xx_hal_spi.o
    0x0800298c   0x0800298c   0x00000028   Code   RO         1787    i.HAL_SYSTICK_Config  stm32f4xx_hal_cortex.o
    0x080029b4   0x080029b4   0x00000002   Code   RO         3441    i.HAL_TIMEx_BreakCallback  stm32f4xx_hal_tim_ex.o
    0x080029b6   0x080029b6   0x00000002   Code   RO         3442    i.HAL_TIMEx_CommutCallback  stm32f4xx_hal_tim_ex.o
    0x080029b8   0x080029b8   0x00000054   Code   RO         3444    i.HAL_TIMEx_ConfigBreakDeadTime  stm32f4xx_hal_tim_ex.o
    0x08002a0c   0x08002a0c   0x00000090   Code   RO         3460    i.HAL_TIMEx_MasterConfigSynchronization  stm32f4xx_hal_tim_ex.o
    0x08002a9c   0x08002a9c   0x0000005a   Code   RO         2737    i.HAL_TIM_Base_Init  stm32f4xx_hal_tim.o
    0x08002af6   0x08002af6   0x00000002   PAD
    0x08002af8   0x08002af8   0x00000064   Code   RO          418    i.HAL_TIM_Base_MspInit  tim.o
    0x08002b5c   0x08002b5c   0x00000080   Code   RO         2742    i.HAL_TIM_Base_Start_IT  stm32f4xx_hal_tim.o
    0x08002bdc   0x08002bdc   0x00000030   Code   RO         2745    i.HAL_TIM_Base_Stop_IT  stm32f4xx_hal_tim.o
    0x08002c0c   0x08002c0c   0x000000dc   Code   RO         2746    i.HAL_TIM_ConfigClockSource  stm32f4xx_hal_tim.o
    0x08002ce8   0x08002ce8   0x00000026   Code   RO         2768    i.HAL_TIM_GenerateEvent  stm32f4xx_hal_tim.o
    0x08002d0e   0x08002d0e   0x00000002   Code   RO         2771    i.HAL_TIM_IC_CaptureCallback  stm32f4xx_hal_tim.o
    0x08002d10   0x08002d10   0x00000130   Code   RO         2785    i.HAL_TIM_IRQHandler  stm32f4xx_hal_tim.o
    0x08002e40   0x08002e40   0x00000054   Code   RO          419    i.HAL_TIM_MspPostInit  tim.o
    0x08002e94   0x08002e94   0x00000002   Code   RO         2788    i.HAL_TIM_OC_DelayElapsedCallback  stm32f4xx_hal_tim.o
    0x08002e96   0x08002e96   0x000000cc   Code   RO         2809    i.HAL_TIM_PWM_ConfigChannel  stm32f4xx_hal_tim.o
    0x08002f62   0x08002f62   0x0000005a   Code   RO         2812    i.HAL_TIM_PWM_Init  stm32f4xx_hal_tim.o
    0x08002fbc   0x08002fbc   0x00000002   Code   RO         2814    i.HAL_TIM_PWM_MspInit  stm32f4xx_hal_tim.o
    0x08002fbe   0x08002fbe   0x00000002   Code   RO         2815    i.HAL_TIM_PWM_PulseFinishedCallback  stm32f4xx_hal_tim.o
    0x08002fc0   0x08002fc0   0x0000007c   Code   RO         2820    i.HAL_TIM_PWM_Stop  stm32f4xx_hal_tim.o
    0x0800303c   0x0800303c   0x00000018   Code   RO         4144    i.HAL_TIM_PeriodElapsedCallback  bsp_time.o
    0x08003054   0x08003054   0x00000002   Code   RO         2828    i.HAL_TIM_TriggerCallback  stm32f4xx_hal_tim.o
    0x08003056   0x08003056   0x00000002   Code   RO         3720    i.HAL_UARTEx_RxEventCallback  stm32f4xx_hal_uart.o
    0x08003058   0x08003058   0x00000030   Code   RO         4214    i.HAL_UART_ErrorCallback  bsp_debug_uart.o
    0x08003088   0x08003088   0x00000280   Code   RO         3737    i.HAL_UART_IRQHandler  stm32f4xx_hal_uart.o
    0x08003308   0x08003308   0x00000064   Code   RO         3738    i.HAL_UART_Init     stm32f4xx_hal_uart.o
    0x0800336c   0x0800336c   0x00000078   Code   RO          472    i.HAL_UART_MspInit  usart.o
    0x080033e4   0x080033e4   0x0000001c   Code   RO         3743    i.HAL_UART_Receive_IT  stm32f4xx_hal_uart.o
    0x08003400   0x08003400   0x00000002   Code   RO         3744    i.HAL_UART_RxCpltCallback  stm32f4xx_hal_uart.o
    0x08003402   0x08003402   0x00000032   Code   RO         3748    i.HAL_UART_Transmit_IT  stm32f4xx_hal_uart.o
    0x08003434   0x08003434   0x00000018   Code   RO         4215    i.HAL_UART_TxCpltCallback  bsp_debug_uart.o
    0x0800344c   0x0800344c   0x00000002   Code   RO          516    i.HardFault_Handler  stm32f4xx_it.o
    0x0800344e   0x0800344e   0x00000002   PAD
    0x08003450   0x08003450   0x00000060   Code   RO         4775    i.Init_ADC          adc_sample.o
    0x080034b0   0x080034b0   0x00000084   Code   RO          275    i.MX_ADC1_Init      adc.o
    0x08003534   0x08003534   0x0000005c   Code   RO          276    i.MX_ADC2_Init      adc.o
    0x08003590   0x08003590   0x00000058   Code   RO          277    i.MX_ADC3_Init      adc.o
    0x080035e8   0x080035e8   0x0000004c   Code   RO          329    i.MX_CAN1_Init      can.o
    0x08003634   0x08003634   0x000000d4   Code   RO          246    i.MX_GPIO_Init      gpio.o
    0x08003708   0x08003708   0x0000004c   Code   RO          371    i.MX_SPI1_Init      spi.o
    0x08003754   0x08003754   0x00000048   Code   RO          372    i.MX_SPI3_Init      spi.o
    0x0800379c   0x0800379c   0x000000f0   Code   RO          420    i.MX_TIM1_Init      tim.o
    0x0800388c   0x0800388c   0x00000064   Code   RO          421    i.MX_TIM2_Init      tim.o
    0x080038f0   0x080038f0   0x00000038   Code   RO          473    i.MX_USART2_UART_Init  usart.o
    0x08003928   0x08003928   0x00000002   Code   RO          517    i.MemManage_Handler  stm32f4xx_it.o
    0x0800392a   0x0800392a   0x00000002   Code   RO          518    i.NMI_Handler       stm32f4xx_it.o
    0x0800392c   0x0800392c   0x000000a8   Code   RO         4735    i.PWM_SetCompare    pwm.o
    0x080039d4   0x080039d4   0x00000058   Code   RO         4737    i.PWM_Stop          pwm.o
    0x08003a2c   0x08003a2c   0x00000002   Code   RO          519    i.PendSV_Handler    stm32f4xx_it.o
    0x08003a2e   0x08003a2e   0x00000002   PAD
    0x08003a30   0x08003a30   0x000000c0   Code   RO         4684    i.PositionSensor_ReadRaw  positionsensor.o
    0x08003af0   0x08003af0   0x00000268   Code   RO         4686    i.PositionSensor_Sample  positionsensor.o
    0x08003d58   0x08003d58   0x00000010   Code   RO         4687    i.PositionSensor_WriteLUT  positionsensor.o
    0x08003d68   0x08003d68   0x00000070   Code   RO         4813    i.PreferenceWriter_Decode  preferencewriter.o
    0x08003dd8   0x08003dd8   0x000000c4   Code   RO         4814    i.PreferenceWriter_Flush  preferencewriter.o
    0x08003e9c   0x08003e9c   0x00000010   Code   RO         4815    i.PreferenceWriter_Load  preferencewriter.o
    0x08003eac   0x08003eac   0x000000ec   Code   RO         4816    i.PreferenceWriter_Validate  preferencewriter.o
    0x08003f98   0x08003f98   0x0000006c   Code   RO         2462    i.SPI_EndRxTxTransaction  stm32f4xx_hal_spi.o
    0x08004004   0x08004004   0x000000bc   Code   RO         2467    i.SPI_WaitFlagStateUntilTimeout  stm32f4xx_hal_spi.o
    0x080040c0   0x080040c0   0x00000002   Code   RO          520    i.SVC_Handler       stm32f4xx_it.o
    0x080040c2   0x080040c2   0x00000004   Code   RO          521    i.SysTick_Handler   stm32f4xx_it.o
    0x080040c6   0x080040c6   0x00000002   PAD
    0x080040c8   0x080040c8   0x00000098   Code   RO           14    i.SystemClock_Config  main.o
    0x08004160   0x08004160   0x00000010   Code   RO         4072    i.SystemInit        system_stm32f4xx.o
    0x08004170   0x08004170   0x000000f8   Code   RO          522    i.TIM1_UP_TIM10_IRQHandler  stm32f4xx_it.o
    0x08004268   0x08004268   0x0000000c   Code   RO          523    i.TIM2_IRQHandler   stm32f4xx_it.o
    0x08004274   0x08004274   0x000000d0   Code   RO         2830    i.TIM_Base_SetConfig  stm32f4xx_hal_tim.o
    0x08004344   0x08004344   0x0000001a   Code   RO         2831    i.TIM_CCxChannelCmd  stm32f4xx_hal_tim.o
    0x0800435e   0x0800435e   0x00000014   Code   RO         2841    i.TIM_ETR_SetConfig  stm32f4xx_hal_tim.o
    0x08004372   0x08004372   0x00000010   Code   RO         2842    i.TIM_ITRx_SetConfig  stm32f4xx_hal_tim.o
    0x08004382   0x08004382   0x00000002   PAD
    0x08004384   0x08004384   0x00000060   Code   RO         2843    i.TIM_OC1_SetConfig  stm32f4xx_hal_tim.o
    0x080043e4   0x080043e4   0x0000006c   Code   RO         2844    i.TIM_OC2_SetConfig  stm32f4xx_hal_tim.o
    0x08004450   0x08004450   0x00000068   Code   RO         2845    i.TIM_OC3_SetConfig  stm32f4xx_hal_tim.o
    0x080044b8   0x080044b8   0x00000050   Code   RO         2846    i.TIM_OC4_SetConfig  stm32f4xx_hal_tim.o
    0x08004508   0x08004508   0x00000022   Code   RO         2848    i.TIM_TI1_ConfigInputStage  stm32f4xx_hal_tim.o
    0x0800452a   0x0800452a   0x00000024   Code   RO         2850    i.TIM_TI2_ConfigInputStage  stm32f4xx_hal_tim.o
    0x0800454e   0x0800454e   0x0000000e   Code   RO         3751    i.UART_DMAAbortOnError  stm32f4xx_hal_uart.o
    0x0800455c   0x0800455c   0x0000004e   Code   RO         3761    i.UART_EndRxTransfer  stm32f4xx_hal_uart.o
    0x080045aa   0x080045aa   0x000000c2   Code   RO         3763    i.UART_Receive_IT   stm32f4xx_hal_uart.o
    0x0800466c   0x0800466c   0x0000010c   Code   RO         3764    i.UART_SetConfig    stm32f4xx_hal_uart.o
    0x08004778   0x08004778   0x00000036   Code   RO         3766    i.UART_Start_Receive_IT  stm32f4xx_hal_uart.o
    0x080047ae   0x080047ae   0x00000002   PAD
    0x080047b0   0x080047b0   0x0000000c   Code   RO          524    i.USART2_IRQHandler  stm32f4xx_it.o
    0x080047bc   0x080047bc   0x00000002   Code   RO          525    i.UsageFault_Handler  stm32f4xx_it.o
    0x080047be   0x080047be   0x0000000c   Code   RO         4817    i.__ARM_isnanf      preferencewriter.o
    0x080047ca   0x080047ca   0x00000020   Code   RO         1789    i.__NVIC_SetPriority  stm32f4xx_hal_cortex.o
    0x080047ea   0x080047ea   0x00000048   Code   RO         4933    i.__hardfp_fmaxf    m_wm.l(fmaxf.o)
    0x08004832   0x08004832   0x00000048   Code   RO         4937    i.__hardfp_fminf    m_wm.l(fminf.o)
    0x0800487a   0x0800487a   0x0000003a   Code   RO         4921    i.__hardfp_sqrtf    m_wm.l(sqrtf.o)
    0x080048b4   0x080048b4   0x0000008c   Code   RO         4465    i.abc               foc.o
    0x08004940   0x08004940   0x00000036   Code   RO         4588    i.calibrate         drv.o
    0x08004976   0x08004976   0x00000002   PAD
    0x08004978   0x08004978   0x00000040   Code   RO         4589    i.disable_gd        drv.o
    0x080049b8   0x080049b8   0x00000098   Code   RO         4466    i.dq0               foc.o
    0x08004a50   0x08004a50   0x00000028   Code   RO         4357    i.float_to_uint     math_ops.o
    0x08004a78   0x08004a78   0x0000001e   Code   RO         4358    i.fmaxf3            math_ops.o
    0x08004a96   0x08004a96   0x0000001e   Code   RO         4359    i.fminf3            math_ops.o
    0x08004ab4   0x08004ab4   0x00000034   Code   RO         4467    i.init_controller_params  foc.o
    0x08004ae8   0x08004ae8   0x0000004e   Code   RO         4361    i.limit_norm        math_ops.o
    0x08004b36   0x08004b36   0x00000002   PAD
    0x08004b38   0x08004b38   0x00000064   Code   RO         4468    i.linearize_dtc     foc.o
    0x08004b9c   0x08004b9c   0x000001f0   Code   RO           15    i.main              main.o
    0x08004d8c   0x08004d8c   0x00000138   Code   RO           16    i.onMsgReceived     main.o
    0x08004ec4   0x08004ec4   0x000000c0   Code   RO         4542    i.pack_reply        can_com.o
    0x08004f84   0x08004f84   0x00000024   Code   RO         4591    i.read_register     drv.o
    0x08004fa8   0x08004fa8   0x00000058   Code   RO         4469    i.reset_foc         foc.o
    0x08005000   0x08005000   0x00000020   Code   RO         4470    i.reset_observer    foc.o
    0x08005020   0x08005020   0x000000c4   Code   RO         4471    i.svm               foc.o
    0x080050e4   0x080050e4   0x0000007c   Code   RO         4472    i.torque_control    foc.o
    0x08005160   0x08005160   0x00000028   Code   RO         4363    i.uint_to_float     math_ops.o
    0x08005188   0x08005188   0x000000b8   Code   RO         4543    i.unpack_cmd        can_com.o
    0x08005240   0x08005240   0x00000030   Code   RO         4544    i.unpack_special_cmd  can_com.o
    0x08005270   0x08005270   0x0000003a   Code   RO         4592    i.write_CSACR       drv.o
    0x080052aa   0x080052aa   0x0000003a   Code   RO         4593    i.write_DCR         drv.o
    0x080052e4   0x080052e4   0x0000001e   Code   RO         4596    i.write_OCPCR       drv.o
    0x08005302   0x08005302   0x00000014   Code   RO         4597    i.write_register    drv.o
    0x08005316   0x08005316   0x00000054   Code   RO         4776    i.zero_current      adc_sample.o
    0x0800536a   0x0800536a   0x00000002   PAD
    0x0800536c   0x0800536c   0x00000052   Code   RO         4948    x$fpl$fcmp4         fz_wm.l(fcmp4.o)
    0x080053be   0x080053be   0x00000018   Code   RO         4991    x$fpl$fcmpinf       fz_wm.l(fcmpi.o)
    0x080053d6   0x080053d6   0x0000008c   Code   RO         4993    x$fpl$fnaninf       fz_wm.l(fnaninf.o)
    0x08005462   0x08005462   0x0000000a   Code   RO         5080    x$fpl$fpinit        fz_wm.l(fpinit.o)
    0x0800546c   0x0800546c   0x00000000   Code   RO         4954    x$fpl$usenofp       fz_wm.l(usenofp.o)
    0x0800546c   0x0800546c   0x00000014   Data   RO           18    .constdata          main.o
    0x08005480   0x08005480   0x00000010   Data   RO         4073    .constdata          system_stm32f4xx.o
    0x08005490   0x08005490   0x00000008   Data   RO         4074    .constdata          system_stm32f4xx.o
    0x08005498   0x08005498   0x00000800   Data   RO         4408    .constdata          lut.o
    0x08005c98   0x08005c98   0x00000020   Data   RO         5136    Region$$Table       anon$$obj.o


    Execution Region RW_IRAM1 (Exec base: 0x20000000, Load base: 0x08005cb8, Size: 0x00001010, Max: 0x00020000, ABSOLUTE, COMPRESSED[0x00000024])

    Exec Addr    Load Addr    Size         Type   Attr      Idx    E Section Name        Object

    0x20000000   COMPRESSED   0x0000023c   Data   RW           19    .data               main.o
    0x2000023c   COMPRESSED   0x00000020   Data   RW         1136    .data               stm32f4xx_hal_flash.o
    0x2000025c   COMPRESSED   0x0000000c   Data   RW         1948    .data               stm32f4xx_hal.o
    0x20000268   COMPRESSED   0x00000004   Data   RW         4075    .data               system_stm32f4xx.o
    0x2000026c   COMPRESSED   0x00000008   Data   RW         4145    .data               bsp_time.o
    0x20000274   COMPRESSED   0x00000008   Data   RW         4217    .data               bsp_debug_uart.o
    0x2000027c   COMPRESSED   0x00000002   Data   RW         4271    .data               bsp_emergency_stop.o
    0x2000027e   COMPRESSED   0x00000001   Data   RW         4313    .data               bsp_can.o
    0x2000027f   COMPRESSED   0x00000001   PAD
    0x20000280   COMPRESSED   0x00000004   Data   RW         4566    .data               app.o
    0x20000284   COMPRESSED   0x00000004   Data   RW         4567    .data               app.o
    0x20000288   COMPRESSED   0x00000004   Data   RW         4568    .data               app.o
    0x2000028c   COMPRESSED   0x00000004   Data   RW         4569    .data               app.o
    0x20000290   COMPRESSED   0x00000004   Data   RW         4570    .data               app.o
    0x20000294   COMPRESSED   0x00000001   Data   RW         4598    .data               drv.o
    0x20000295   COMPRESSED   0x00000003   PAD
    0x20000298   COMPRESSED   0x00000014   Data   RW         4689    .data               positionsensor.o
    0x200002ac   COMPRESSED   0x00000004   PAD
    0x200002b0        -       0x000000e4   Zero   RW           17    .bss                main.o
    0x20000394        -       0x000000d8   Zero   RW          278    .bss                adc.o
    0x2000046c        -       0x00000028   Zero   RW          330    .bss                can.o
    0x20000494        -       0x000000b0   Zero   RW          373    .bss                spi.o
    0x20000544        -       0x00000090   Zero   RW          422    .bss                tim.o
    0x200005d4        -       0x00000048   Zero   RW          474    .bss                usart.o
    0x2000061c        -       0x00000010   Zero   RW          526    .bss                stm32f4xx_it.o
    0x2000062c        -       0x000000c0   Zero   RW         4216    .bss                bsp_debug_uart.o
    0x200006ec        -       0x00000024   Zero   RW         4312    .bss                bsp_can.o
    0x20000710        -       0x000002a0   Zero   RW         4688    .bss                positionsensor.o
    0x200009b0        -       0x00000060   Zero   RW         4996    .bss                c_w.l(libspace.o)
    0x20000a10        -       0x00000200   Zero   RW            2    HEAP                startup_stm32f446xx.o
    0x20000c10        -       0x00000400   Zero   RW            1    STACK               startup_stm32f446xx.o


==============================================================================

Image component sizes


      Code (inc. data)   RO Data    RW Data    ZI Data      Debug   Object Name

       520         56          0          0        216       3335   adc.o
       352         48          0          0          0       2595   adc_sample.o
         0          0          0         20          0        432   app.o
       156         26          0          1         36       2871   bsp_can.o
       208         44          0          8        192       9017   bsp_debug_uart.o
        88         12          0          2          0       1896   bsp_emergency_stop.o
       164         14          0          0          0       1060   bsp_safe_gpio.o
       256         56          0          8          0       3882   bsp_time.o
       196         22          0          0         40       1805   can.o
       424         28          0          0          0       2811   can_com.o
       532         28          0          1          0       6962   drv.o
       100         22          0          0          0       1132   fastmath.o
       112         14          0          0          0       1843   flashwriter.o
      1628        158          0          0          0       8069   foc.o
       212         12          0          0          0       1071   gpio.o
         0          0       2048          0          0        539   lut.o
       970        112         20        572        228     771859   main.o
       218          0          0          0          0       3667   math_ops.o
       824         82          0         20        672       4307   positionsensor.o
       572         32          0          0          0       8646   preferencewriter.o
       256         20          0          0          0       1328   pwm.o
       324         38          0          0        176       2518   spi.o
        64         26        452          0       1536        868   startup_stm32f446xx.o
       180         28          0         12          0       9473   stm32f4xx_hal.o
       736         34          0          0          0       2983   stm32f4xx_hal_adc.o
        84          6          0          0          0       1263   stm32f4xx_hal_adc_ex.o
      1674          6          0          0          0      15616   stm32f4xx_hal_can.o
       224         14          0          0          0      34694   stm32f4xx_hal_cortex.o
       182          0          0          0          0       2171   stm32f4xx_hal_dma.o
       540         66          0         32          0       6886   stm32f4xx_hal_flash.o
       356         24          0          0          0       4286   stm32f4xx_hal_flash_ex.o
       486         40          0          0          0       2256   stm32f4xx_hal_gpio.o
        48          6          0          0          0        910   stm32f4xx_hal_msp.o
       112         14          0          0          0       1336   stm32f4xx_hal_pwr_ex.o
       372         44          0          0          0       3006   stm32f4xx_hal_rcc.o
      1068         28          0          0          0       2890   stm32f4xx_hal_rcc_ex.o
       980         16          0          0          0       5029   stm32f4xx_hal_spi.o
      1984        118          0          0          0      18920   stm32f4xx_hal_tim.o
       232         28          0          0          0       3429   stm32f4xx_hal_tim_ex.o
      1430         14          0          0          0       9782   stm32f4xx_hal_uart.o
       304         56          0          0         16       6929   stm32f4xx_it.o
        16          4         24          4          0       1199   system_stm32f4xx.o
       524         36          0          0        144       3369   tim.o
       176         20          0          0         72       1822   usart.o

    ----------------------------------------------------------------------
     19910       1452       2576        684       3332     980762   Object Totals
         0          0         32          0          0          0   (incl. Generated)
        26          0          0          4          4          0   (incl. Padding)

    ----------------------------------------------------------------------

      Code (inc. data)   RO Data    RW Data    ZI Data      Debug   Library Member Name

        90          0          0          0          0          0   __dczerorl2.o
         8          0          0          0          0         68   __main.o
         0          0          0          0          0          0   __rtentry.o
        12          0          0          0          0          0   __rtentry2.o
         6          0          0          0          0          0   __rtentry4.o
        52          8          0          0          0          0   __scatter.o
        28          0          0          0          0          0   __scatter_zi.o
        22          0          0          0          0        100   _rserrno.o
        18          0          0          0          0         80   exit.o
         6          0          0          0          0        152   heapauxi.o
         0          0          0          0          0          0   indicate_semi.o
         2          0          0          0          0          0   libinit.o
         6          0          0          0          0          0   libinit2.o
         2          0          0          0          0          0   libshutdown.o
         2          0          0          0          0          0   libshutdown2.o
         8          4          0          0         96         68   libspace.o
       238          0          0          0          0        100   lludivv7m.o
         8          4          0          0          0         68   rt_errno_addr_intlibspace.o
        78          0          0          0          0         80   rt_memclr_w.o
       100          0          0          0          0         80   rt_memcpy_w.o
         2          0          0          0          0          0   rtexit.o
        10          0          0          0          0          0   rtexit2.o
        12          4          0          0          0         68   sys_exit.o
        74          0          0          0          0         80   sys_stackheap_outer.o
         2          0          0          0          0         68   use_no_semi.o
        82          4          0          0          0        160   fcmp4.o
        24          0          0          0          0        116   fcmpi.o
       140          4          0          0          0        132   fnaninf.o
        10          0          0          0          0        116   fpinit.o
         0          0          0          0          0          0   usenofp.o
        72          0          0          0          0        148   fmaxf.o
        72          0          0          0          0        148   fminf.o
        58          0          0          0          0        136   sqrtf.o

    ----------------------------------------------------------------------
      1250         28          0          0         96       1968   Library Totals
         6          0          0          0          0          0   (incl. Padding)

    ----------------------------------------------------------------------

      Code (inc. data)   RO Data    RW Data    ZI Data      Debug   Library Name

       786         20          0          0         96       1012   c_w.l
       256          8          0          0          0        524   fz_wm.l
       202          0          0          0          0        432   m_wm.l

    ----------------------------------------------------------------------
      1250         28          0          0         96       1968   Library Totals

    ----------------------------------------------------------------------

==============================================================================


      Code (inc. data)   RO Data    RW Data    ZI Data      Debug   

     21160       1480       2576        684       3428     963914   Grand Totals
     21160       1480       2576         36       3428     963914   ELF Image Totals (compressed)
     21160       1480       2576         36          0          0   ROM Totals

==============================================================================

    Total RO  Size (Code + RO Data)                23736 (  23.18kB)
    Total RW  Size (RW Data + ZI Data)              4112 (   4.02kB)
    Total ROM Size (Code + RO Data + RW Data)      23772 (  23.21kB)

==============================================================================

