*** Using Compiler 'V5.06 update 5 (build 528)', folder: 'D:\Keil5\ARM\ARMCC\Bin'
Rebuild target 'Hobbyking_Cheetah_Compact_DRV8323'
compiling FastPWM_KSDK.cpp...
compiling FastPWM_LPC11XX.cpp...
compiling math_ops.cpp...
math_ops.cpp(104): warning:  #1-D: last line of file ends without a newline
  		
math_ops.cpp: 1 warning, 0 errors
compiling FastMath.cpp...
compiling FastPWM_KLXX_K20D50M.cpp...
compiling FastPWM_LPC1768.cpp...
compiling FlashWriter.cpp...
compiling analogout_device.c...
compiling CallChain.cpp...
compiling analogin_api.c...
compiling Ethernet.cpp...
compiling stm32f4xx_flash.c...
compiling BusOut.cpp...
compiling BusIn.cpp...
compiling can_api.c...
compiling analogout_api.c...
compiling AnalogIn.cpp...
compiling BusInOut.cpp...
compiling CAN.cpp...
compiling CAN_com.cpp...
compiling FastPWM_common.cpp...
compiling ATCmdParser.cpp...
compiling hw_setup.cpp...
compiling FastPWM_STM_TIM.cpp...
compiling FastPWM_STM_TIM_PinOut.cpp...
compiling DRV.cpp...
compiling foc.cpp...
Config\motor_config.h(31): warning:  #1-D: last line of file ends without a newline
  #endif
Config\current_controller_config.h(24): warning:  #1-D: last line of file ends without a newline
  #endif
FOC/foc.cpp(160): warning:  #177-D: variable "v_d_ff"  was declared but never referenced
         float v_d_ff = SQRT3*(1.0f*controller->i_d_ref*R_PHASE  - controller->dtheta_elec*L_Q*controller->i_q);   //feed-forward voltages		
FOC/foc.cpp(161): warning:  #177-D: variable "v_q_ff"  was declared but never referenced
         float v_q_ff =  SQRT3*(1.0f*controller->i_q_ref*R_PHASE +  controller->dtheta_elec*(L_D*controller->i_d + 1.0f*WB));
FOC/foc.cpp: 4 warnings, 0 errors
compiling calibration.cpp...
Config\motor_config.h(31): warning:  #1-D: last line of file ends without a newline
  #endif
Config\current_controller_config.h(24): warning:  #1-D: last line of file ends without a newline
  #endif
Calibration/calibration.cpp(97): warning:  #550-D: variable "cogging_current"  was set but never used
      float cogging_current[window] = {0};
Calibration/calibration.cpp: 3 warnings, 0 errors
compiling main.cpp...
Config\motor_config.h(31): warning:  #1-D: last line of file ends without a newline
  #endif
Config\current_controller_config.h(24): warning:  #1-D: last line of file ends without a newline
  #endif
main.cpp(256): warning:  #177-D: variable "i"  was declared but never referenced
  											int i=1;
main.cpp: 3 warnings, 0 errors
compiling mbed_alloc_wrappers.cpp...
compiling gpio_api.c...
compiling FlashIAP.cpp...
compiling hal_init_pre.c...
compiling gpio_irq_device.c...
compiling FileHandle.cpp...
compiling hal_tick_16b.c...
compiling hal_tick_32b.c...
compiling gpio_irq_api.c...
compiling flash_api.c...
compiling FilePath.cpp...
compiling FileBase.cpp...
compiling mbed_assert.c...
compiling lp_ticker.c...
compiling InterruptManager.cpp...
compiling mbed_application.c...
compiling mbed_mktime.c...
compiling mbed_mem_trace.c...
compiling LocalFileSystem.cpp...
compiling I2C.cpp...
compiling mbed_critical.c...
compiling mbed_board.c...
compiling I2CSlave.cpp...
compiling i2c_api.c...
compiling InterruptIn.cpp...
compiling mbed_wait_api_rtos.cpp...
compiling mbed_stats.c...
compiling FileSystemHandle.cpp...
compiling PeripheralPins.c...
compiling mbed_ticker_api.c...
compiling mbed_error.c...
compiling mbed_semihost_api.c...
compiling mbed_gpio.c...
compiling mbed_interface.c...
compiling mbed_lp_ticker_api.c...
compiling mbed_overrides.c...
compiling mbed_wait_api_no_rtos.c...
compiling mbed_pinmap_common.c...
compiling mbed_rtc_time.cpp...
compiling pinmap.c...
compiling mbed_sdk_boot.c...
compiling mbed_sleep_manager.c...
compiling port_api.c...
compiling mbed_flash_api.c...
compiling mbed_us_ticker_api.c...
compiling pwmout_api.c...
compiling pwmout_device.c...
compiling mbed_poll.cpp...
compiling rtc_api.c...
compiling RawSerial.cpp...
assembling startup_stm32f446xx.s...
compiling mbed_retarget.cpp...
"no source": Warning:  #541-D: allowing all exceptions is incompatible with previous function "operator new(std::size_t)"  (declared at line 78 of "D:\Keil5\ARM\ARMCC\Bin\..\include\new")
"no source": Warning:  #541-D: allowing all exceptions is incompatible with previous function "operator new[](std::size_t)"  (declared at line 97 of "D:\Keil5\ARM\ARMCC\Bin\..\include\new")
"no source": Warning:  #541-D: allowing all exceptions is incompatible with previous function "operator new(std::size_t, const std::nothrow_t &)"  (declared at line 84 of "D:\Keil5\ARM\ARMCC\Bin\..\include\new")
"no source": Warning:  #541-D: allowing all exceptions is incompatible with previous function "operator new[](std::size_t, const std::nothrow_t &)"  (declared at line 109 of "D:\Keil5\ARM\ARMCC\Bin\..\include\new")
"no source": Warning:  #541-D: allowing all exceptions is incompatible with previous function "operator delete(void *)"  (declared at line 81 of "D:\Keil5\ARM\ARMCC\Bin\..\include\new")
"no source": Warning:  #541-D: allowing all exceptions is incompatible with previous function "operator delete[](void *)"  (declared at line 100 of "D:\Keil5\ARM\ARMCC\Bin\..\include\new")
mbed-dev/platform/mbed_retarget.cpp: 6 warnings, 0 errors
compiling stm32f4xx_hal_dac_ex.c...
compiling stm32f4xx_hal_cryp_ex.c...
compiling stm32f4xx_hal_dcmi_ex.c...
compiling stm32f4xx_hal_dfsdm.c...
compiling stm32f4xx_hal_cortex.c...
compiling stm32f4xx_hal_crc.c...
compiling stm32f4xx_hal_dac.c...
compiling serial_api.c...
compiling stm32f4xx_hal_dcmi.c...
compiling stm32f4xx_hal_cryp.c...
compiling stm32f4xx_hal_cec.c...
compiling stm32f4xx_hal_adc_ex.c...
compiling stm32f4xx_hal_dma.c...
compiling spi_api.c...
compiling SPISlave.cpp...
compiling stm32f4xx_hal.c...
compiling stm32f4xx_hal_can.c...
compiling Serial.cpp...
compiling serial_device.c...
compiling stm32f4xx_hal_adc.c...
compiling sleep.c...
compiling SerialBase.cpp...
compiling SPI.cpp...
compiling stm32f4xx_hal_i2s_ex.c...
compiling stm32f4xx_hal_fmpi2c_ex.c...
compiling stm32f4xx_hal_hash_ex.c...
compiling stm32f4xx_hal_hash.c...
compiling stm32f4xx_hal_dsi.c...
compiling stm32f4xx_hal_i2c_ex.c...
compiling stm32f4xx_hal_iwdg.c...
compiling stm32f4xx_hal_eth.c...
compiling stm32f4xx_hal_flash_ramfunc.c...
compiling stm32f4xx_hal_ltdc.c...
compiling stm32f4xx_hal_flash_ex.c...
compiling stm32f4xx_hal_lptim.c...
compiling stm32f4xx_hal_flash.c...
compiling stm32f4xx_hal_hcd.c...
compiling stm32f4xx_hal_dma_ex.c...
compiling stm32f4xx_hal_irda.c...
compiling stm32f4xx_hal_dma2d.c...
compiling stm32f4xx_hal_ltdc_ex.c...
compiling stm32f4xx_hal_i2s.c...
compiling stm32f4xx_hal_gpio.c...
compiling stm32f4xx_hal_fmpi2c.c...
compiling stm32f4xx_hal_mmc.c...
compiling stm32f4xx_hal_i2c.c...
compiling stm32f4xx_hal_pccard.c...
compiling stm32f4xx_hal_nor.c...
compiling stm32f4xx_hal_sai.c...
compiling stm32f4xx_hal_qspi.c...
compiling stm32f4xx_hal_rng.c...
compiling stm32f4xx_hal_spdifrx.c...
compiling stm32f4xx_hal_msp_template.c...
compiling stm32f4xx_hal_pcd_ex.c...
compiling stm32f4xx_hal_pwr.c...
compiling stm32f4xx_hal_sai_ex.c...
compiling stm32f4xx_hal_sram.c...
compiling stm32f4xx_hal_rtc.c...
compiling stm32f4xx_hal_sdram.c...
compiling stm32f4xx_hal_smartcard.c...
compiling stm32f4xx_hal_pcd.c...
compiling stm32f4xx_hal_pwr_ex.c...
compiling stm32f4xx_hal_nand.c...
compiling stm32f4xx_hal_rtc_ex.c...
compiling stm32f4xx_hal_sd.c...
compiling stm32f4xx_hal_rcc.c...
compiling stm32f4xx_hal_spi.c...
compiling stm32f4xx_ll_adc.c...
compiling stm32f4xx_ll_crc.c...
compiling stm32f4xx_ll_dac.c...
compiling stm32f4xx_ll_dma.c...
compiling stm32f4xx_hal_rcc_ex.c...
compiling stm32f4xx_ll_dma2d.c...
compiling stm32f4xx_hal_tim.c...
compiling stm32f4xx_ll_exti.c...
compiling stm32f4xx_ll_lptim.c...
compiling stm32f4xx_ll_gpio.c...
compiling stm32f4xx_ll_rcc.c...
compiling stm32f4xx_ll_rng.c...
compiling stm32f4xx_ll_spi.c...
compiling stm32f4xx_ll_tim.c...
compiling stm32f4xx_ll_usart.c...
compiling stm32f4xx_ll_rtc.c...
compiling stm32f4xx_ll_i2c.c...
compiling stm32f4xx_ll_pwr.c...
compiling trng_api.c...
compiling stm32f4xx_hal_wwdg.c...
compiling stm32f4xx_ll_fsmc.c...
compiling stm32f4xx_hal_uart.c...
compiling stm32f4xx_hal_usart.c...
compiling stm32f4xx_hal_tim_ex.c...
compiling system_clock.c...
compiling system_stm32f4xx.c...
compiling stm32f4xx_ll_sdmmc.c...
compiling TimerEvent.cpp...
compiling Ticker.cpp...
compiling Timer.cpp...
compiling stm32f4xx_ll_usb.c...
compiling stm32f4xx_ll_fmc.c...
compiling Timeout.cpp...
compiling Stream.cpp...
compiling us_ticker_32b.c...
compiling stm_spi_api.c...
compiling us_ticker_16b.c...
compiling UARTSerial.cpp...
compiling PrefrenceWriter.cpp...
compiling stm32f4xx_ll_utils.c...
compiling PositionSensor.cpp...
PositionSensor/../Config/motor_config.h(31): warning:  #1-D: last line of file ends without a newline
  #endif
PositionSensor/PositionSensor.cpp(327): warning:  #1361-D: function "mbed::InterruptIn::rise(T *, M) [with T=PositionSensorEncoder, M=void (PositionSensorEncoder::*)()]"  (declared at line 102 of "mbed-dev\drivers/InterruptIn.h") was declared "deprecated"
      ZPulse->rise(this, &PositionSensorEncoder::ZeroEncoderCount);
PositionSensor/PositionSensor.cpp: 2 warnings, 0 errors
linking...
.\BUILD\Hobbyking_Cheetah_Compact_DRV8323.axf: Warning: L6320W: Ignoring --keep command. Cannot find argument 'os_cb_sections'.
Program Size: Code=84244 RO-data=8540 RW-data=456 ZI-data=12732  
Finished: 0 information, 1 warning and 0 error messages.
".\BUILD\Hobbyking_Cheetah_Compact_DRV8323.axf" - 0 Error(s), 20 Warning(s).
Build Time Elapsed:  00:00:35
