<!doctype html public "-//w3c//dtd html 4.0 transitional//en">
<html><head>
<title>Static Call Graph - [.\BUILD\Hobbyking_Cheetah_Compact_DRV8323.axf]</title></head>
<body><HR>
<H1>Static Call Graph for image .\BUILD\Hobbyking_Cheetah_Compact_DRV8323.axf</H1><HR>
<BR><P>#&#060CALLGRAPH&#062# ARM Linker, 5060528: Last Updated: Fri Aug 28 02:26:13 2026
<BR><P>
<H3>Maximum Stack Usage =       1576 bytes + Unknown(Cycles, Untraceable Function Pointers)</H3><H3>
Call chain for Maximum Stack Depth:</H3>
std::basic_filebuf&lang;char, std::char_traits&lang;char&rang;&rang;::sync() &rArr; const T1& std::use_facet&lang;std::codecvt&lang;char, char, std::__mbstate_t&rang;&rang;(const std::locale&) &rArr; std::locale::_C_use_facet(const std::locale::id&, bool, int, __rw::__rw_facet_base*(*)(int, const char*, unsigned)) const &rArr; std::locale::_C_make_facet(const std::locale::id&, bool, int, __rw::__rw_facet_base*(*)(int, const char*, unsigned)) const &rArr; std::locale::locale(__rw::__rw_locale_imp*) &rArr; std::locale::_C_init() &rArr; __rw::__rw_locale_imp::__rw_locale_imp(const char*, unsigned, unsigned) &rArr; std::basic_string&lang;char, std::char_traits&lang;char&rang;, std::allocator&lang;char&rang;&rang;::operator =(const std::basic_string&lang;char, std::char_traits&lang;char&rang;, std::allocator&lang;char&rang;&rang;&) &rArr; std::basic_string&lang;char, std::char_traits&lang;char&rang;, std::allocator&lang;char&rang;&rang;::replace(unsigned, unsigned, const char*, unsigned) &rArr; std::basic_string&lang;char, std::char_traits&lang;char&rang;, std::allocator&lang;char&rang;&rang;::replace(unsigned, unsigned, const char*, unsigned, unsigned, unsigned) &rArr; std::basic_string&lang;char, std::char_traits&lang;char&rang;, std::allocator&lang;char&rang;&rang;::_C_getRep(unsigned, unsigned) &rArr; __rw::__rw_allocate(unsigned, int) &rArr; __rw::__rw_throw(int, ...) &rArr; std::__rw_exception::_C_vformat(int, std::__va_list) &rArr; [local to rwstdexcept_cpp]::__rw::__rw_vfmatstr(char*, unsigned, int, std::__va_list) &rArr; [local to rwstdexcept_cpp]::__rw::__rw_vfmatstr(char*, unsigned, const char*, std::__va_list) &rArr; operator new[] (unsigned) &rArr; error &rArr; exit &rArr; mbed_die &rArr; gpio_init_out &rArr; gpio_init_out_ex &rArr; _gpio_init_out &rArr; gpio_mode &rArr; pin_mode &rArr; mbed_assert_internal &rArr;  mbed_die (Cycle)
<P>
<H3>
Mutually Recursive functions
</H3> <LI><a href="#[1f]">NMI_Handler</a>&nbsp;&nbsp;&nbsp;&rArr;&nbsp;&nbsp;&nbsp;<a href="#[1f]">NMI_Handler</a><BR>
 <LI><a href="#[20]">HardFault_Handler</a>&nbsp;&nbsp;&nbsp;&rArr;&nbsp;&nbsp;&nbsp;<a href="#[20]">HardFault_Handler</a><BR>
 <LI><a href="#[21]">MemManage_Handler</a>&nbsp;&nbsp;&nbsp;&rArr;&nbsp;&nbsp;&nbsp;<a href="#[21]">MemManage_Handler</a><BR>
 <LI><a href="#[22]">BusFault_Handler</a>&nbsp;&nbsp;&nbsp;&rArr;&nbsp;&nbsp;&nbsp;<a href="#[22]">BusFault_Handler</a><BR>
 <LI><a href="#[23]">UsageFault_Handler</a>&nbsp;&nbsp;&nbsp;&rArr;&nbsp;&nbsp;&nbsp;<a href="#[23]">UsageFault_Handler</a><BR>
 <LI><a href="#[24]">SVC_Handler</a>&nbsp;&nbsp;&nbsp;&rArr;&nbsp;&nbsp;&nbsp;<a href="#[24]">SVC_Handler</a><BR>
 <LI><a href="#[25]">DebugMon_Handler</a>&nbsp;&nbsp;&nbsp;&rArr;&nbsp;&nbsp;&nbsp;<a href="#[25]">DebugMon_Handler</a><BR>
 <LI><a href="#[26]">PendSV_Handler</a>&nbsp;&nbsp;&nbsp;&rArr;&nbsp;&nbsp;&nbsp;<a href="#[26]">PendSV_Handler</a><BR>
 <LI><a href="#[27]">SysTick_Handler</a>&nbsp;&nbsp;&nbsp;&rArr;&nbsp;&nbsp;&nbsp;<a href="#[27]">SysTick_Handler</a><BR>
 <LI><a href="#[3a]">ADC_IRQHandler</a>&nbsp;&nbsp;&nbsp;&rArr;&nbsp;&nbsp;&nbsp;<a href="#[3a]">ADC_IRQHandler</a><BR>
 <LI><a href="#[2bb]">core_util_critical_section_enter</a>&nbsp;&nbsp;&nbsp;&rArr;&nbsp;&nbsp;&nbsp;<a href="#[2b4]">mbed_assert_internal</a><BR>
 <LI><a href="#[2bf]">core_util_critical_section_exit</a>&nbsp;&nbsp;&nbsp;&rArr;&nbsp;&nbsp;&nbsp;<a href="#[2b4]">mbed_assert_internal</a><BR>
 <LI><a href="#[36c]">pinmap_pinout</a>&nbsp;&nbsp;&nbsp;&rArr;&nbsp;&nbsp;&nbsp;<a href="#[236]">error</a><BR>
 <LI><a href="#[378]">pin_function</a>&nbsp;&nbsp;&nbsp;&rArr;&nbsp;&nbsp;&nbsp;<a href="#[2b4]">mbed_assert_internal</a><BR>
 <LI><a href="#[235]">Set_GPIO_Clock</a>&nbsp;&nbsp;&nbsp;&rArr;&nbsp;&nbsp;&nbsp;<a href="#[236]">error</a><BR>
 <LI><a href="#[36a]">pinmap_peripheral</a>&nbsp;&nbsp;&nbsp;&rArr;&nbsp;&nbsp;&nbsp;<a href="#[236]">error</a><BR>
 <LI><a href="#[250]">serial_init</a>&nbsp;&nbsp;&nbsp;&rArr;&nbsp;&nbsp;&nbsp;<a href="#[2b4]">mbed_assert_internal</a><BR>
 <LI><a href="#[36b]">pinmap_merge</a>&nbsp;&nbsp;&nbsp;&rArr;&nbsp;&nbsp;&nbsp;<a href="#[236]">error</a><BR>
 <LI><a href="#[37a]">init_uart</a>&nbsp;&nbsp;&nbsp;&rArr;&nbsp;&nbsp;&nbsp;<a href="#[236]">error</a><BR>
 <LI><a href="#[2b4]">mbed_assert_internal</a>&nbsp;&nbsp;&nbsp;&rArr;&nbsp;&nbsp;&nbsp;<a href="#[373]">mbed_die</a><BR>
 <LI><a href="#[3b0]">std::basic_string&lang;char, std::char_traits&lang;char&rang;, std::allocator&lang;char&rang;&rang;::_C_allocate(unsigned, unsigned, unsigned)</a>&nbsp;&nbsp;&nbsp;&rArr;&nbsp;&nbsp;&nbsp;<a href="#[3b2]">std::basic_string&lang;char, std::char_traits&lang;char&rang;, std::allocator&lang;char&rang;&rang;::_C_getRep(unsigned, unsigned)</a><BR>
 <LI><a href="#[299]">std::basic_string&lang;char, std::char_traits&lang;char&rang;, std::allocator&lang;char&rang;&rang;::basic_string(const std::basic_string&lang;char, std::char_traits&lang;char&rang;, std::allocator&lang;char&rang;&rang;&)</a>&nbsp;&nbsp;&nbsp;&rArr;&nbsp;&nbsp;&nbsp;<a href="#[3b2]">std::basic_string&lang;char, std::char_traits&lang;char&rang;, std::allocator&lang;char&rang;&rang;::_C_getRep(unsigned, unsigned)</a><BR>
 <LI><a href="#[29a]">std::locale::locale()</a>&nbsp;&nbsp;&nbsp;&rArr;&nbsp;&nbsp;&nbsp;<a href="#[334]">std::locale::_C_init()</a><BR>
</UL>
<P>
<H3>
Function Pointers
</H3><UL>
 <LI><a href="#[9d]">&lang;Func2&rang;</a> from .\build\can.o(i.<Func2>) referenced from .\build\can.o(i._ZN4mbed3CANC1E7PinNameS1_i)
 <LI><a href="#[9a]">&lang;Func4&rang;</a> from .\build\serialbase.o(i.<Func4>) referenced from .\build\serialbase.o(i._ZN4mbed10SerialBaseC1E7PinNameS1_i)
 <LI><a href="#[99]">&lang;Func5&rang;</a> from D:\Keil5\ARM\ARMCC\Bin\..\lib\cpplib\cpp_ws.l(locale.o)(i.<Func5>) referenced from D:\Keil5\ARM\ARMCC\Bin\..\lib\cpplib\cpp_ws.l(locale.o)(i._ZN4__rw15__rw_locale_impC1EPKcjj)
 <LI><a href="#[3a]">ADC_IRQHandler</a> from .\build\startup_stm32f446xx.o(.text) referenced from .\build\startup_stm32f446xx.o(RESET)
 <LI><a href="#[22]">BusFault_Handler</a> from .\build\startup_stm32f446xx.o(.text) referenced from .\build\startup_stm32f446xx.o(RESET)
 <LI><a href="#[3c]">CAN1_RX0_IRQHandler</a> from .\build\can_api.o(i.CAN1_RX0_IRQHandler) referenced from .\build\startup_stm32f446xx.o(RESET)
 <LI><a href="#[3c]">CAN1_RX0_IRQHandler</a> from .\build\can_api.o(i.CAN1_RX0_IRQHandler) referenced from .\build\can_api.o(i.can_irq_set)
 <LI><a href="#[3d]">CAN1_RX1_IRQHandler</a> from .\build\startup_stm32f446xx.o(.text) referenced from .\build\startup_stm32f446xx.o(RESET)
 <LI><a href="#[3e]">CAN1_SCE_IRQHandler</a> from .\build\can_api.o(i.CAN1_SCE_IRQHandler) referenced from .\build\startup_stm32f446xx.o(RESET)
 <LI><a href="#[3e]">CAN1_SCE_IRQHandler</a> from .\build\can_api.o(i.CAN1_SCE_IRQHandler) referenced from .\build\can_api.o(i.can_irq_set)
 <LI><a href="#[3b]">CAN1_TX_IRQHandler</a> from .\build\can_api.o(i.CAN1_TX_IRQHandler) referenced from .\build\startup_stm32f446xx.o(RESET)
 <LI><a href="#[3b]">CAN1_TX_IRQHandler</a> from .\build\can_api.o(i.CAN1_TX_IRQHandler) referenced from .\build\can_api.o(i.can_irq_set)
 <LI><a href="#[66]">CAN2_RX0_IRQHandler</a> from .\build\can_api.o(i.CAN2_RX0_IRQHandler) referenced from .\build\startup_stm32f446xx.o(RESET)
 <LI><a href="#[66]">CAN2_RX0_IRQHandler</a> from .\build\can_api.o(i.CAN2_RX0_IRQHandler) referenced from .\build\can_api.o(i.can_irq_set)
 <LI><a href="#[67]">CAN2_RX1_IRQHandler</a> from .\build\startup_stm32f446xx.o(.text) referenced from .\build\startup_stm32f446xx.o(RESET)
 <LI><a href="#[68]">CAN2_SCE_IRQHandler</a> from .\build\can_api.o(i.CAN2_SCE_IRQHandler) referenced from .\build\startup_stm32f446xx.o(RESET)
 <LI><a href="#[68]">CAN2_SCE_IRQHandler</a> from .\build\can_api.o(i.CAN2_SCE_IRQHandler) referenced from .\build\can_api.o(i.can_irq_set)
 <LI><a href="#[65]">CAN2_TX_IRQHandler</a> from .\build\can_api.o(i.CAN2_TX_IRQHandler) referenced from .\build\startup_stm32f446xx.o(RESET)
 <LI><a href="#[65]">CAN2_TX_IRQHandler</a> from .\build\can_api.o(i.CAN2_TX_IRQHandler) referenced from .\build\can_api.o(i.can_irq_set)
 <LI><a href="#[7a]">CEC_IRQHandler</a> from .\build\startup_stm32f446xx.o(.text) referenced from .\build\startup_stm32f446xx.o(RESET)
 <LI><a href="#[74]">DCMI_IRQHandler</a> from .\build\startup_stm32f446xx.o(.text) referenced from .\build\startup_stm32f446xx.o(RESET)
 <LI><a href="#[33]">DMA1_Stream0_IRQHandler</a> from .\build\startup_stm32f446xx.o(.text) referenced from .\build\startup_stm32f446xx.o(RESET)
 <LI><a href="#[34]">DMA1_Stream1_IRQHandler</a> from .\build\startup_stm32f446xx.o(.text) referenced from .\build\startup_stm32f446xx.o(RESET)
 <LI><a href="#[35]">DMA1_Stream2_IRQHandler</a> from .\build\startup_stm32f446xx.o(.text) referenced from .\build\startup_stm32f446xx.o(RESET)
 <LI><a href="#[36]">DMA1_Stream3_IRQHandler</a> from .\build\startup_stm32f446xx.o(.text) referenced from .\build\startup_stm32f446xx.o(RESET)
 <LI><a href="#[37]">DMA1_Stream4_IRQHandler</a> from .\build\startup_stm32f446xx.o(.text) referenced from .\build\startup_stm32f446xx.o(RESET)
 <LI><a href="#[38]">DMA1_Stream5_IRQHandler</a> from .\build\startup_stm32f446xx.o(.text) referenced from .\build\startup_stm32f446xx.o(RESET)
 <LI><a href="#[39]">DMA1_Stream6_IRQHandler</a> from .\build\startup_stm32f446xx.o(.text) referenced from .\build\startup_stm32f446xx.o(RESET)
 <LI><a href="#[57]">DMA1_Stream7_IRQHandler</a> from .\build\startup_stm32f446xx.o(.text) referenced from .\build\startup_stm32f446xx.o(RESET)
 <LI><a href="#[60]">DMA2_Stream0_IRQHandler</a> from .\build\startup_stm32f446xx.o(.text) referenced from .\build\startup_stm32f446xx.o(RESET)
 <LI><a href="#[61]">DMA2_Stream1_IRQHandler</a> from .\build\startup_stm32f446xx.o(.text) referenced from .\build\startup_stm32f446xx.o(RESET)
 <LI><a href="#[62]">DMA2_Stream2_IRQHandler</a> from .\build\startup_stm32f446xx.o(.text) referenced from .\build\startup_stm32f446xx.o(RESET)
 <LI><a href="#[63]">DMA2_Stream3_IRQHandler</a> from .\build\startup_stm32f446xx.o(.text) referenced from .\build\startup_stm32f446xx.o(RESET)
 <LI><a href="#[64]">DMA2_Stream4_IRQHandler</a> from .\build\startup_stm32f446xx.o(.text) referenced from .\build\startup_stm32f446xx.o(RESET)
 <LI><a href="#[6a]">DMA2_Stream5_IRQHandler</a> from .\build\startup_stm32f446xx.o(.text) referenced from .\build\startup_stm32f446xx.o(RESET)
 <LI><a href="#[6b]">DMA2_Stream6_IRQHandler</a> from .\build\startup_stm32f446xx.o(.text) referenced from .\build\startup_stm32f446xx.o(RESET)
 <LI><a href="#[6c]">DMA2_Stream7_IRQHandler</a> from .\build\startup_stm32f446xx.o(.text) referenced from .\build\startup_stm32f446xx.o(RESET)
 <LI><a href="#[25]">DebugMon_Handler</a> from .\build\startup_stm32f446xx.o(.text) referenced from .\build\startup_stm32f446xx.o(RESET)
 <LI><a href="#[2e]">EXTI0_IRQHandler</a> from .\build\startup_stm32f446xx.o(.text) referenced from .\build\startup_stm32f446xx.o(RESET)
 <LI><a href="#[50]">EXTI15_10_IRQHandler</a> from .\build\startup_stm32f446xx.o(.text) referenced from .\build\startup_stm32f446xx.o(RESET)
 <LI><a href="#[2f]">EXTI1_IRQHandler</a> from .\build\startup_stm32f446xx.o(.text) referenced from .\build\startup_stm32f446xx.o(RESET)
 <LI><a href="#[30]">EXTI2_IRQHandler</a> from .\build\startup_stm32f446xx.o(.text) referenced from .\build\startup_stm32f446xx.o(RESET)
 <LI><a href="#[31]">EXTI3_IRQHandler</a> from .\build\startup_stm32f446xx.o(.text) referenced from .\build\startup_stm32f446xx.o(RESET)
 <LI><a href="#[32]">EXTI4_IRQHandler</a> from .\build\startup_stm32f446xx.o(.text) referenced from .\build\startup_stm32f446xx.o(RESET)
 <LI><a href="#[3f]">EXTI9_5_IRQHandler</a> from .\build\startup_stm32f446xx.o(.text) referenced from .\build\startup_stm32f446xx.o(RESET)
 <LI><a href="#[2c]">FLASH_IRQHandler</a> from .\build\startup_stm32f446xx.o(.text) referenced from .\build\startup_stm32f446xx.o(RESET)
 <LI><a href="#[58]">FMC_IRQHandler</a> from .\build\startup_stm32f446xx.o(.text) referenced from .\build\startup_stm32f446xx.o(RESET)
 <LI><a href="#[75]">FPU_IRQHandler</a> from .\build\startup_stm32f446xx.o(.text) referenced from .\build\startup_stm32f446xx.o(RESET)
 <LI><a href="#[20]">HardFault_Handler</a> from .\build\startup_stm32f446xx.o(.text) referenced from .\build\startup_stm32f446xx.o(RESET)
 <LI><a href="#[48]">I2C1_ER_IRQHandler</a> from .\build\startup_stm32f446xx.o(.text) referenced from .\build\startup_stm32f446xx.o(RESET)
 <LI><a href="#[47]">I2C1_EV_IRQHandler</a> from .\build\startup_stm32f446xx.o(.text) referenced from .\build\startup_stm32f446xx.o(RESET)
 <LI><a href="#[4a]">I2C2_ER_IRQHandler</a> from .\build\startup_stm32f446xx.o(.text) referenced from .\build\startup_stm32f446xx.o(RESET)
 <LI><a href="#[49]">I2C2_EV_IRQHandler</a> from .\build\startup_stm32f446xx.o(.text) referenced from .\build\startup_stm32f446xx.o(RESET)
 <LI><a href="#[6f]">I2C3_ER_IRQHandler</a> from .\build\startup_stm32f446xx.o(.text) referenced from .\build\startup_stm32f446xx.o(RESET)
 <LI><a href="#[6e]">I2C3_EV_IRQHandler</a> from .\build\startup_stm32f446xx.o(.text) referenced from .\build\startup_stm32f446xx.o(RESET)
 <LI><a href="#[7d]">I2C4_Error_IRQHandler</a> from .\build\startup_stm32f446xx.o(.text) referenced from .\build\startup_stm32f446xx.o(RESET)
 <LI><a href="#[7c]">I2C4_Event_IRQHandler</a> from .\build\startup_stm32f446xx.o(.text) referenced from .\build\startup_stm32f446xx.o(RESET)
 <LI><a href="#[21]">MemManage_Handler</a> from .\build\startup_stm32f446xx.o(.text) referenced from .\build\startup_stm32f446xx.o(RESET)
 <LI><a href="#[1f]">NMI_Handler</a> from .\build\startup_stm32f446xx.o(.text) referenced from .\build\startup_stm32f446xx.o(RESET)
 <LI><a href="#[69]">OTG_FS_IRQHandler</a> from .\build\startup_stm32f446xx.o(.text) referenced from .\build\startup_stm32f446xx.o(RESET)
 <LI><a href="#[52]">OTG_FS_WKUP_IRQHandler</a> from .\build\startup_stm32f446xx.o(.text) referenced from .\build\startup_stm32f446xx.o(RESET)
 <LI><a href="#[71]">OTG_HS_EP1_IN_IRQHandler</a> from .\build\startup_stm32f446xx.o(.text) referenced from .\build\startup_stm32f446xx.o(RESET)
 <LI><a href="#[70]">OTG_HS_EP1_OUT_IRQHandler</a> from .\build\startup_stm32f446xx.o(.text) referenced from .\build\startup_stm32f446xx.o(RESET)
 <LI><a href="#[73]">OTG_HS_IRQHandler</a> from .\build\startup_stm32f446xx.o(.text) referenced from .\build\startup_stm32f446xx.o(RESET)
 <LI><a href="#[72]">OTG_HS_WKUP_IRQHandler</a> from .\build\startup_stm32f446xx.o(.text) referenced from .\build\startup_stm32f446xx.o(RESET)
 <LI><a href="#[29]">PVD_IRQHandler</a> from .\build\startup_stm32f446xx.o(.text) referenced from .\build\startup_stm32f446xx.o(RESET)
 <LI><a href="#[26]">PendSV_Handler</a> from .\build\startup_stm32f446xx.o(.text) referenced from .\build\startup_stm32f446xx.o(RESET)
 <LI><a href="#[79]">QuadSPI_IRQHandler</a> from .\build\startup_stm32f446xx.o(.text) referenced from .\build\startup_stm32f446xx.o(RESET)
 <LI><a href="#[2d]">RCC_IRQHandler</a> from .\build\startup_stm32f446xx.o(.text) referenced from .\build\startup_stm32f446xx.o(RESET)
 <LI><a href="#[51]">RTC_Alarm_IRQHandler</a> from .\build\startup_stm32f446xx.o(.text) referenced from .\build\startup_stm32f446xx.o(RESET)
 <LI><a href="#[2b]">RTC_WKUP_IRQHandler</a> from .\build\startup_stm32f446xx.o(.text) referenced from .\build\startup_stm32f446xx.o(RESET)
 <LI><a href="#[1e]">Reset_Handler</a> from .\build\startup_stm32f446xx.o(.text) referenced from .\build\startup_stm32f446xx.o(RESET)
 <LI><a href="#[77]">SAI1_IRQHandler</a> from .\build\startup_stm32f446xx.o(.text) referenced from .\build\startup_stm32f446xx.o(RESET)
 <LI><a href="#[78]">SAI2_IRQHandler</a> from .\build\startup_stm32f446xx.o(.text) referenced from .\build\startup_stm32f446xx.o(RESET)
 <LI><a href="#[59]">SDIO_IRQHandler</a> from .\build\startup_stm32f446xx.o(.text) referenced from .\build\startup_stm32f446xx.o(RESET)
 <LI><a href="#[7b]">SPDIF_RX_IRQHandler</a> from .\build\startup_stm32f446xx.o(.text) referenced from .\build\startup_stm32f446xx.o(RESET)
 <LI><a href="#[4b]">SPI1_IRQHandler</a> from .\build\startup_stm32f446xx.o(.text) referenced from .\build\startup_stm32f446xx.o(RESET)
 <LI><a href="#[4c]">SPI2_IRQHandler</a> from .\build\startup_stm32f446xx.o(.text) referenced from .\build\startup_stm32f446xx.o(RESET)
 <LI><a href="#[5b]">SPI3_IRQHandler</a> from .\build\startup_stm32f446xx.o(.text) referenced from .\build\startup_stm32f446xx.o(RESET)
 <LI><a href="#[76]">SPI4_IRQHandler</a> from .\build\startup_stm32f446xx.o(.text) referenced from .\build\startup_stm32f446xx.o(RESET)
 <LI><a href="#[8d]">SPI_2linesRxISR_16BIT</a> from .\build\stm32f4xx_hal_spi.o(i.SPI_2linesRxISR_16BIT) referenced from .\build\stm32f4xx_hal_spi.o(i.HAL_SPI_TransmitReceive_IT)
 <LI><a href="#[94]">SPI_2linesRxISR_16BITCRC</a> from .\build\stm32f4xx_hal_spi.o(i.SPI_2linesRxISR_16BITCRC) referenced from .\build\stm32f4xx_hal_spi.o(i.SPI_2linesRxISR_16BIT)
 <LI><a href="#[8f]">SPI_2linesRxISR_8BIT</a> from .\build\stm32f4xx_hal_spi.o(i.SPI_2linesRxISR_8BIT) referenced from .\build\stm32f4xx_hal_spi.o(i.HAL_SPI_TransmitReceive_IT)
 <LI><a href="#[95]">SPI_2linesRxISR_8BITCRC</a> from .\build\stm32f4xx_hal_spi.o(i.SPI_2linesRxISR_8BITCRC) referenced from .\build\stm32f4xx_hal_spi.o(i.SPI_2linesRxISR_8BIT)
 <LI><a href="#[8e]">SPI_2linesTxISR_16BIT</a> from .\build\stm32f4xx_hal_spi.o(i.SPI_2linesTxISR_16BIT) referenced from .\build\stm32f4xx_hal_spi.o(i.HAL_SPI_TransmitReceive_IT)
 <LI><a href="#[90]">SPI_2linesTxISR_8BIT</a> from .\build\stm32f4xx_hal_spi.o(i.SPI_2linesTxISR_8BIT) referenced from .\build\stm32f4xx_hal_spi.o(i.HAL_SPI_TransmitReceive_IT)
 <LI><a href="#[8a]">SPI_DMAAbortOnError</a> from .\build\stm32f4xx_hal_spi.o(i.SPI_DMAAbortOnError) referenced from .\build\stm32f4xx_hal_spi.o(i.HAL_SPI_IRQHandler)
 <LI><a href="#[8b]">SPI_RxISR_16BIT</a> from .\build\stm32f4xx_hal_spi.o(i.SPI_RxISR_16BIT) referenced from .\build\stm32f4xx_hal_spi.o(i.HAL_SPI_Receive_IT)
 <LI><a href="#[96]">SPI_RxISR_16BITCRC</a> from .\build\stm32f4xx_hal_spi.o(i.SPI_RxISR_16BITCRC) referenced from .\build\stm32f4xx_hal_spi.o(i.SPI_RxISR_16BIT)
 <LI><a href="#[8c]">SPI_RxISR_8BIT</a> from .\build\stm32f4xx_hal_spi.o(i.SPI_RxISR_8BIT) referenced from .\build\stm32f4xx_hal_spi.o(i.HAL_SPI_Receive_IT)
 <LI><a href="#[97]">SPI_RxISR_8BITCRC</a> from .\build\stm32f4xx_hal_spi.o(i.SPI_RxISR_8BITCRC) referenced from .\build\stm32f4xx_hal_spi.o(i.SPI_RxISR_8BIT)
 <LI><a href="#[91]">SPI_TxISR_16BIT</a> from .\build\stm32f4xx_hal_spi.o(i.SPI_TxISR_16BIT) referenced from .\build\stm32f4xx_hal_spi.o(i.HAL_SPI_Transmit_IT)
 <LI><a href="#[92]">SPI_TxISR_8BIT</a> from .\build\stm32f4xx_hal_spi.o(i.SPI_TxISR_8BIT) referenced from .\build\stm32f4xx_hal_spi.o(i.HAL_SPI_Transmit_IT)
 <LI><a href="#[24]">SVC_Handler</a> from .\build\startup_stm32f446xx.o(.text) referenced from .\build\startup_stm32f446xx.o(RESET)
 <LI><a href="#[27]">SysTick_Handler</a> from .\build\startup_stm32f446xx.o(.text) referenced from .\build\startup_stm32f446xx.o(RESET)
 <LI><a href="#[7e]">SystemInit</a> from .\build\system_clock.o(i.SystemInit) referenced from .\build\startup_stm32f446xx.o(.text)
 <LI><a href="#[2a]">TAMP_STAMP_IRQHandler</a> from .\build\startup_stm32f446xx.o(.text) referenced from .\build\startup_stm32f446xx.o(RESET)
 <LI><a href="#[40]">TIM1_BRK_TIM9_IRQHandler</a> from .\build\startup_stm32f446xx.o(.text) referenced from .\build\startup_stm32f446xx.o(RESET)
 <LI><a href="#[43]">TIM1_CC_IRQHandler</a> from .\build\startup_stm32f446xx.o(.text) referenced from .\build\startup_stm32f446xx.o(RESET)
 <LI><a href="#[42]">TIM1_TRG_COM_TIM11_IRQHandler</a> from .\build\startup_stm32f446xx.o(.text) referenced from .\build\startup_stm32f446xx.o(RESET)
 <LI><a href="#[41]">TIM1_UP_TIM10_IRQHandler</a> from .\build\main.o(i.TIM1_UP_TIM10_IRQHandler) referenced from .\build\startup_stm32f446xx.o(RESET)
 <LI><a href="#[44]">TIM2_IRQHandler</a> from .\build\startup_stm32f446xx.o(.text) referenced from .\build\startup_stm32f446xx.o(RESET)
 <LI><a href="#[45]">TIM3_IRQHandler</a> from .\build\startup_stm32f446xx.o(.text) referenced from .\build\startup_stm32f446xx.o(RESET)
 <LI><a href="#[46]">TIM4_IRQHandler</a> from .\build\startup_stm32f446xx.o(.text) referenced from .\build\startup_stm32f446xx.o(RESET)
 <LI><a href="#[5a]">TIM5_IRQHandler</a> from .\build\startup_stm32f446xx.o(.text) referenced from .\build\startup_stm32f446xx.o(RESET)
 <LI><a href="#[5e]">TIM6_DAC_IRQHandler</a> from .\build\startup_stm32f446xx.o(.text) referenced from .\build\startup_stm32f446xx.o(RESET)
 <LI><a href="#[5f]">TIM7_IRQHandler</a> from .\build\startup_stm32f446xx.o(.text) referenced from .\build\startup_stm32f446xx.o(RESET)
 <LI><a href="#[53]">TIM8_BRK_TIM12_IRQHandler</a> from .\build\startup_stm32f446xx.o(.text) referenced from .\build\startup_stm32f446xx.o(RESET)
 <LI><a href="#[56]">TIM8_CC_IRQHandler</a> from .\build\startup_stm32f446xx.o(.text) referenced from .\build\startup_stm32f446xx.o(RESET)
 <LI><a href="#[55]">TIM8_TRG_COM_TIM14_IRQHandler</a> from .\build\startup_stm32f446xx.o(.text) referenced from .\build\startup_stm32f446xx.o(RESET)
 <LI><a href="#[54]">TIM8_UP_TIM13_IRQHandler</a> from .\build\startup_stm32f446xx.o(.text) referenced from .\build\startup_stm32f446xx.o(RESET)
 <LI><a href="#[5c]">UART4_IRQHandler</a> from .\build\startup_stm32f446xx.o(.text) referenced from .\build\startup_stm32f446xx.o(RESET)
 <LI><a href="#[5d]">UART5_IRQHandler</a> from .\build\startup_stm32f446xx.o(.text) referenced from .\build\startup_stm32f446xx.o(RESET)
 <LI><a href="#[93]">UART_DMAAbortOnError</a> from .\build\stm32f4xx_hal_uart.o(i.UART_DMAAbortOnError) referenced from .\build\stm32f4xx_hal_uart.o(i.HAL_UART_IRQHandler)
 <LI><a href="#[4d]">USART1_IRQHandler</a> from .\build\startup_stm32f446xx.o(.text) referenced from .\build\startup_stm32f446xx.o(RESET)
 <LI><a href="#[4e]">USART2_IRQHandler</a> from .\build\startup_stm32f446xx.o(.text) referenced from .\build\startup_stm32f446xx.o(RESET)
 <LI><a href="#[4f]">USART3_IRQHandler</a> from .\build\startup_stm32f446xx.o(.text) referenced from .\build\startup_stm32f446xx.o(RESET)
 <LI><a href="#[6d]">USART6_IRQHandler</a> from .\build\startup_stm32f446xx.o(.text) referenced from .\build\startup_stm32f446xx.o(RESET)
 <LI><a href="#[23]">UsageFault_Handler</a> from .\build\startup_stm32f446xx.o(.text) referenced from .\build\startup_stm32f446xx.o(RESET)
 <LI><a href="#[28]">WWDG_IRQHandler</a> from .\build\startup_stm32f446xx.o(.text) referenced from .\build\startup_stm32f446xx.o(RESET)
 <LI><a href="#[a9]">onMsgReceived()</a> from .\build\main.o(i._Z13onMsgReceivedv) referenced from .\build\main.o(i.main)
 <LI><a href="#[aa]">serial_interrupt()</a> from .\build\main.o(i._Z16serial_interruptv) referenced from .\build\main.o(i.main)
 <LI><a href="#[c3]">PositionSensor::GetMechPositionFixed()</a> from .\build\positionsensor.o(i._ZN14PositionSensor20GetMechPositionFixedEv) referenced from .\build\positionsensor.o(.constdata__ZTV14PositionSensor)
 <LI><a href="#[cd]">PositionSensorAM5147::DualEncoder()</a> from .\build\positionsensor.o(i._ZN20PositionSensorAM514711DualEncoderEv) referenced from .\build\positionsensor.o(.constdata__ZTV20PositionSensorAM5147)
 <LI><a href="#[d0]">PositionSensorAM5147::SetRAWOffset(int)</a> from .\build\positionsensor.o(i._ZN20PositionSensorAM514712SetRAWOffsetEi) referenced from .\build\positionsensor.o(.constdata__ZTV20PositionSensorAM5147)
 <LI><a href="#[ca]">PositionSensorAM5147::SetElecOffset(float)</a> from .\build\positionsensor.o(i._ZN20PositionSensorAM514713SetElecOffsetEf) referenced from .\build\positionsensor.o(.constdata__ZTV20PositionSensorAM5147)
 <LI><a href="#[d4]">PositionSensorAM5147::SetMechOffset(float)</a> from .\build\positionsensor.o(i._ZN20PositionSensorAM514713SetMechOffsetEf) referenced from .\build\positionsensor.o(.constdata__ZTV20PositionSensorAM5147)
 <LI><a href="#[d1]">PositionSensorAM5147::SetRAW2Offset(int)</a> from .\build\positionsensor.o(i._ZN20PositionSensorAM514713SetRAW2OffsetEi) referenced from .\build\positionsensor.o(.constdata__ZTV20PositionSensorAM5147)
 <LI><a href="#[c9]">PositionSensorAM5147::GetRawPosition()</a> from .\build\positionsensor.o(i._ZN20PositionSensorAM514714GetRawPositionEv) referenced from .\build\positionsensor.o(.constdata__ZTV20PositionSensorAM5147)
 <LI><a href="#[c6]">PositionSensorAM5147::GetElecPosition()</a> from .\build\positionsensor.o(i._ZN20PositionSensorAM514715GetElecPositionEv) referenced from .\build\positionsensor.o(.constdata__ZTV20PositionSensorAM5147)
 <LI><a href="#[c8]">PositionSensorAM5147::GetElecVelocity()</a> from .\build\positionsensor.o(i._ZN20PositionSensorAM514715GetElecVelocityEv) referenced from .\build\positionsensor.o(.constdata__ZTV20PositionSensorAM5147)
 <LI><a href="#[c7]">PositionSensorAM5147::GetMechVelocity()</a> from .\build\positionsensor.o(i._ZN20PositionSensorAM514715GetMechVelocityEv) referenced from .\build\positionsensor.o(.constdata__ZTV20PositionSensorAM5147)
 <LI><a href="#[cf]">PositionSensorAM5147::GetRaw2Position()</a> from .\build\positionsensor.o(i._ZN20PositionSensorAM514715GetRaw2PositionEv) referenced from .\build\positionsensor.o(.constdata__ZTV20PositionSensorAM5147)
 <LI><a href="#[ce]">PositionSensorAM5147::GetMechPosition_GR()</a> from .\build\positionsensor.o(i._ZN20PositionSensorAM514718GetMechPosition_GREv) referenced from .\build\positionsensor.o(.constdata__ZTV20PositionSensorAM5147)
 <LI><a href="#[d3]">PositionSensorAM5147::ResetRotationState()</a> from .\build\positionsensor.o(i._ZN20PositionSensorAM514718ResetRotationStateEv) referenced from .\build\positionsensor.o(.constdata__ZTV20PositionSensorAM5147)
 <LI><a href="#[d2]">PositionSensorAM5147::DualEncoderRotations()</a> from .\build\positionsensor.o(i._ZN20PositionSensorAM514720DualEncoderRotationsEv) referenced from .\build\positionsensor.o(.constdata__ZTV20PositionSensorAM5147)
 <LI><a href="#[c5]">PositionSensorAM5147::GetMechPositionFixed()</a> from .\build\positionsensor.o(i._ZN20PositionSensorAM514720GetMechPositionFixedEv) referenced from .\build\positionsensor.o(.constdata__ZTV20PositionSensorAM5147)
 <LI><a href="#[cb]">PositionSensorAM5147::GetCPR()</a> from .\build\positionsensor.o(i._ZN20PositionSensorAM51476GetCPREv) referenced from .\build\positionsensor.o(.constdata__ZTV20PositionSensorAM5147)
 <LI><a href="#[c4]">PositionSensorAM5147::Sample(float)</a> from .\build\positionsensor.o(i._ZN20PositionSensorAM51476SampleEf) referenced from .\build\positionsensor.o(.constdata__ZTV20PositionSensorAM5147)
 <LI><a href="#[cc]">PositionSensorAM5147::WriteLUT(int*)</a> from .\build\positionsensor.o(i._ZN20PositionSensorAM51478WriteLUTEPi) referenced from .\build\positionsensor.o(.constdata__ZTV20PositionSensorAM5147)
 <LI><a href="#[88]">[local to arm_exceptions_c]::__default_terminate_handler()</a> from D:\Keil5\ARM\ARMCC\Bin\..\lib\cpplib\cpprt_w.l(arm_exceptions_globs.o)(.text) referenced from D:\Keil5\ARM\ARMCC\Bin\..\lib\cpplib\cpprt_w.l(arm_exceptions_globs.o)(.text)
 <LI><a href="#[f3]">__rw::__rw_facet_base::_C_initfacet(const std::locale&)</a> from D:\Keil5\ARM\ARMCC\Bin\..\lib\cpplib\cpp_ws.l(ios.o)(i._ZN4__rw15__rw_facet_base12_C_initfacetERKSt6locale) referenced from D:\Keil5\ARM\ARMCC\Bin\..\lib\cpplib\cpp_ws.l(ios.o)(.constdata__ZTVNSt6locale5facetE)
 <LI><a href="#[f3]">__rw::__rw_facet_base::_C_initfacet(const std::locale&)</a> from D:\Keil5\ARM\ARMCC\Bin\..\lib\cpplib\cpp_ws.l(ios.o)(i._ZN4__rw15__rw_facet_base12_C_initfacetERKSt6locale) referenced from D:\Keil5\ARM\ARMCC\Bin\..\lib\cpplib\cpp_ws.l(ios.o)(.constdata__ZTVSt5ctypeIwE)
 <LI><a href="#[f3]">__rw::__rw_facet_base::_C_initfacet(const std::locale&)</a> from D:\Keil5\ARM\ARMCC\Bin\..\lib\cpplib\cpp_ws.l(ios.o)(i._ZN4__rw15__rw_facet_base12_C_initfacetERKSt6locale) referenced from D:\Keil5\ARM\ARMCC\Bin\..\lib\cpplib\cpp_ws.l(ios.o)(.constdata__ZTVSt7codecvtIccSt11__mbstate_tE)
 <LI><a href="#[f3]">__rw::__rw_facet_base::_C_initfacet(const std::locale&)</a> from D:\Keil5\ARM\ARMCC\Bin\..\lib\cpplib\cpp_ws.l(ios.o)(i._ZN4__rw15__rw_facet_base12_C_initfacetERKSt6locale) referenced from D:\Keil5\ARM\ARMCC\Bin\..\lib\cpplib\cpp_ws.l(ios.o)(.constdata__ZTVSt7codecvtIwcSt11__mbstate_tE)
 <LI><a href="#[f3]">__rw::__rw_facet_base::_C_initfacet(const std::locale&)</a> from D:\Keil5\ARM\ARMCC\Bin\..\lib\cpplib\cpp_ws.l(ios.o)(i._ZN4__rw15__rw_facet_base12_C_initfacetERKSt6locale) referenced from D:\Keil5\ARM\ARMCC\Bin\..\lib\cpplib\cpp_ws.l(rwstdexcept.o)(.constdata__ZTVSt8messagesIcE)
 <LI><a href="#[b6]">__rw::__rw_facet_maker&lang;std::ctype&lang;char&rang;&rang;::_C_maker_func(int, const char*, unsigned)</a> from D:\Keil5\ARM\ARMCC\Bin\..\lib\cpplib\cpp_ws.l(ios.o)(t._ZN4__rw16__rw_facet_makerISt5ctypeIcEE13_C_maker_funcEiPKcj) referenced from D:\Keil5\ARM\ARMCC\Bin\..\lib\cpplib\cpp_ws.l(rwstdexcept.o)(t._ZNKSt8messagesIcE6do_getEiiiRKSs)
 <LI><a href="#[b6]">__rw::__rw_facet_maker&lang;std::ctype&lang;char&rang;&rang;::_C_maker_func(int, const char*, unsigned)</a> from D:\Keil5\ARM\ARMCC\Bin\..\lib\cpplib\cpp_ws.l(ios.o)(t._ZN4__rw16__rw_facet_makerISt5ctypeIcEE13_C_maker_funcEiPKcj) referenced from D:\Keil5\ARM\ARMCC\Bin\..\lib\cpplib\cpp_ws.l(ios.o)(t._ZNSt9basic_iosIcSt11char_traitsIcEE4initEPSt15basic_streambufIcS1_E)
 <LI><a href="#[b7]">__rw::__rw_facet_maker&lang;std::ctype&lang;wchar_t&rang;&rang;::_C_maker_func(int, const char*, unsigned)</a> from D:\Keil5\ARM\ARMCC\Bin\..\lib\cpplib\cpp_ws.l(ios.o)(t._ZN4__rw16__rw_facet_makerISt5ctypeIwEE13_C_maker_funcEiPKcj) referenced from D:\Keil5\ARM\ARMCC\Bin\..\lib\cpplib\cpp_ws.l(ios.o)(t._ZNSt9basic_iosIwSt11char_traitsIwEE4initEPSt15basic_streambufIwS1_E)
 <LI><a href="#[b8]">__rw::__rw_facet_maker&lang;std::codecvt&lang;char, char, std::__mbstate_t&rang;&rang;::_C_maker_func(int, const char*, unsigned)</a> from D:\Keil5\ARM\ARMCC\Bin\..\lib\cpplib\cpp_ws.l(ios.o)(t._ZN4__rw16__rw_facet_makerISt7codecvtIccSt11__mbstate_tEE13_C_maker_funcEiPKcj) referenced from D:\Keil5\ARM\ARMCC\Bin\..\lib\cpplib\cpp_ws.l(ios.o)(t._ZSt9use_facetISt7codecvtIccSt11__mbstate_tEERKT_RKSt6locale)
 <LI><a href="#[b9]">__rw::__rw_facet_maker&lang;std::codecvt&lang;wchar_t, char, std::__mbstate_t&rang;&rang;::_C_maker_func(int, const char*, unsigned)</a> from D:\Keil5\ARM\ARMCC\Bin\..\lib\cpplib\cpp_ws.l(ios.o)(t._ZN4__rw16__rw_facet_makerISt7codecvtIwcSt11__mbstate_tEE13_C_maker_funcEiPKcj) referenced from D:\Keil5\ARM\ARMCC\Bin\..\lib\cpplib\cpp_ws.l(ios.o)(t._ZSt9use_facetISt7codecvtIwcSt11__mbstate_tEERKT_RKSt6locale)
 <LI><a href="#[a2]">__rw::__rw_locale_vector&lang;__rw::__rw_cat*&rang;::~__rw_locale_vector()</a> from D:\Keil5\ARM\ARMCC\Bin\..\lib\cpplib\cpp_ws.l(rwcats.o)(t._ZN4__rw18__rw_locale_vectorIPNS_8__rw_catEED1Ev) referenced from D:\Keil5\ARM\ARMCC\Bin\..\lib\cpplib\cpp_ws.l(rwcats.o)(i.__sti___10_rwcats_cpp_64e8068e)
 <LI><a href="#[a0]">__rw::__rw_locale_vector&lang;std::__rw_open_cat_data&rang;::~__rw_locale_vector()</a> from D:\Keil5\ARM\ARMCC\Bin\..\lib\cpplib\cpp_ws.l(messages.o)(t._ZN4__rw18__rw_locale_vectorISt18__rw_open_cat_dataED1Ev) referenced from D:\Keil5\ARM\ARMCC\Bin\..\lib\cpplib\cpp_ws.l(messages.o)(i._ZSt13__rw_get_catsv)
 <LI><a href="#[1d]">__rw::__rw_throw_exception_noex(int, char*)</a> from D:\Keil5\ARM\ARMCC\Bin\..\lib\cpplib\cpp_ws.l(rwthrowproc_impl_noex.o)(i._ZN4__rw25__rw_throw_exception_noexEiPc) referenced 2 times from D:\Keil5\ARM\ARMCC\Bin\..\lib\cpplib\cpp_ws.l(rwthrowproc_noex.o)(.data)
 <LI><a href="#[d6]">mbed::FileHandle::size()</a> from .\build\filehandle.o(i._ZN4mbed10FileHandle4sizeEv) referenced from .\build\filehandle.o(.constdata__ZTVN4mbed10FileHandleE)
 <LI><a href="#[d6]">mbed::FileHandle::size()</a> from .\build\filehandle.o(i._ZN4mbed10FileHandle4sizeEv) referenced from .\build\stream.o(.constdata__ZTVN4mbed8FileLikeE)
 <LI><a href="#[d5]">mbed::FileHandle::isatty()</a> from .\build\filehandle.o(i._ZN4mbed10FileHandle6isattyEv) referenced from .\build\filehandle.o(.constdata__ZTVN4mbed10FileHandleE)
 <LI><a href="#[d5]">mbed::FileHandle::isatty()</a> from .\build\filehandle.o(i._ZN4mbed10FileHandle6isattyEv) referenced from .\build\stream.o(.constdata__ZTVN4mbed8FileLikeE)
 <LI><a href="#[9b]">mbed::SerialBase::_irq_handler(unsigned, SerialIrq)</a> from .\build\serialbase.o(i._ZN4mbed10SerialBase12_irq_handlerEj9SerialIrq) referenced from .\build\serialbase.o(i._ZN4mbed10SerialBaseC1E7PinNameS1_i)
 <LI><a href="#[c0]">mbed::SerialBase::interrupt_handler_asynch()</a> from .\build\serialbase.o(i._ZN4mbed10SerialBase24interrupt_handler_asynchEv) referenced from .\build\serialbase.o(.constdata)
 <LI><a href="#[d7]">mbed::SerialBase::lock()</a> from .\build\serialbase.o(i._ZN4mbed10SerialBase4lockEv) referenced from .\build\serialbase.o(.constdata__ZTVN4mbed10SerialBaseE)
 <LI><a href="#[d8]">mbed::SerialBase::unlock()</a> from .\build\serialbase.o(i._ZN4mbed10SerialBase6unlockEv) referenced from .\build\serialbase.o(.constdata__ZTVN4mbed10SerialBaseE)
 <LI><a href="#[d9]">mbed::SerialBase::~SerialBase()</a> from .\build\serialbase.o(i._ZN4mbed10SerialBaseD1Ev) referenced from .\build\serialbase.o(.constdata__ZTVN4mbed10SerialBaseE)
 <LI><a href="#[a4]">mbed::Transaction&lang;mbed::SPI&rang;::Transaction()</a> from .\build\spi.o(t._ZN4mbed11TransactionINS_3SPIEEC1Ev) referenced from .\build\spi.o(i.__sti___7_SPI_cpp_ab1f1164)
 <LI><a href="#[b3]">mbed::Transaction&lang;mbed::SPI&rang;::~Transaction()</a> from .\build\spi.o(t._ZN4mbed11TransactionINS_3SPIEED1Ev) referenced from .\build\spi.o(t._ZN4mbed14CircularBufferINS_11TransactionINS_3SPIEEELj2EjED1Ev)
 <LI><a href="#[a5]">mbed::CircularBuffer&lang;mbed::Transaction&lang;mbed::SPI&rang;, (unsigned)2, unsigned&rang;::~CircularBuffer()</a> from .\build\spi.o(t._ZN4mbed14CircularBufferINS_11TransactionINS_3SPIEEELj2EjED1Ev) referenced from .\build\spi.o(i.__sti___7_SPI_cpp_ab1f1164)
 <LI><a href="#[9e]">mbed::CAN::_irq_handler(unsigned, CanIrqType)</a> from .\build\can.o(i._ZN4mbed3CAN12_irq_handlerEj10CanIrqType) referenced from .\build\can.o(i._ZN4mbed3CANC1E7PinNameS1_i)
 <LI><a href="#[da]">mbed::CAN::lock()</a> from .\build\can.o(i._ZN4mbed3CAN4lockEv) referenced from .\build\can.o(.constdata__ZTVN4mbed3CANE)
 <LI><a href="#[db]">mbed::CAN::unlock()</a> from .\build\can.o(i._ZN4mbed3CAN6unlockEv) referenced from .\build\can.o(.constdata__ZTVN4mbed3CANE)
 <LI><a href="#[a7]">mbed::CAN::~CAN()</a> from .\build\can.o(i._ZN4mbed3CAND1Ev) referenced from .\build\can.o(.constdata__ZTVN4mbed3CANE)
 <LI><a href="#[a7]">mbed::CAN::~CAN()</a> from .\build\can.o(i._ZN4mbed3CAND1Ev) referenced from .\build\main.o(i.__sti___8_main_cpp_prefs)
 <LI><a href="#[c1]">mbed::SPI::irq_handler_asynch()</a> from .\build\spi.o(i._ZN4mbed3SPI18irq_handler_asynchEv) referenced from .\build\spi.o(.constdata)
 <LI><a href="#[dd]">mbed::SPI::lock()</a> from .\build\spi.o(i._ZN4mbed3SPI4lockEv) referenced from .\build\spi.o(.constdata__ZTVN4mbed3SPIE)
 <LI><a href="#[dc]">mbed::SPI::write(int)</a> from .\build\spi.o(i._ZN4mbed3SPI5writeEi) referenced from .\build\spi.o(.constdata__ZTVN4mbed3SPIE)
 <LI><a href="#[de]">mbed::SPI::unlock()</a> from .\build\spi.o(i._ZN4mbed3SPI6unlockEv) referenced from .\build\spi.o(.constdata__ZTVN4mbed3SPIE)
 <LI><a href="#[a8]">mbed::SPI::~SPI()</a> from .\build\spi.o(i._ZN4mbed3SPID1Ev) referenced from .\build\spi.o(.constdata__ZTVN4mbed3SPIE)
 <LI><a href="#[a8]">mbed::SPI::~SPI()</a> from .\build\spi.o(i._ZN4mbed3SPID1Ev) referenced from .\build\main.o(i.__sti___8_main_cpp_prefs)
 <LI><a href="#[df]">mbed::Serial::lock()</a> from .\build\serial.o(i._ZN4mbed6Serial4lockEv) referenced from .\build\serial.o(.constdata__ZTVN4mbed6SerialE)
 <LI><a href="#[e1]">mbed::Serial::_getc()</a> from .\build\serial.o(i._ZN4mbed6Serial5_getcEv) referenced from .\build\serial.o(.constdata__ZTVN4mbed6SerialE)
 <LI><a href="#[e2]">mbed::Serial::_putc(int)</a> from .\build\serial.o(i._ZN4mbed6Serial5_putcEi) referenced from .\build\serial.o(.constdata__ZTVN4mbed6SerialE)
 <LI><a href="#[e0]">mbed::Serial::unlock()</a> from .\build\serial.o(i._ZN4mbed6Serial6unlockEv) referenced from .\build\serial.o(.constdata__ZTVN4mbed6SerialE)
 <LI><a href="#[a6]">mbed::Serial::~Serial()</a> from .\build\main.o(i._ZN4mbed6SerialD1Ev) referenced from .\build\serial.o(.constdata__ZTVN4mbed6SerialE)
 <LI><a href="#[a6]">mbed::Serial::~Serial()</a> from .\build\main.o(i._ZN4mbed6SerialD1Ev) referenced from .\build\main.o(i.__sti___8_main_cpp_prefs)
 <LI><a href="#[ee]">mbed::Stream::lock()</a> from .\build\stream.o(i._ZN4mbed6Stream4lockEv) referenced from .\build\stream.o(.constdata__ZTVN4mbed6StreamE)
 <LI><a href="#[e3]">mbed::Stream::read(void*, unsigned)</a> from .\build\stream.o(i._ZN4mbed6Stream4readEPvj) referenced from .\build\serial.o(.constdata__ZTVN4mbed6SerialE)
 <LI><a href="#[e3]">mbed::Stream::read(void*, unsigned)</a> from .\build\stream.o(i._ZN4mbed6Stream4readEPvj) referenced from .\build\stream.o(.constdata__ZTVN4mbed6StreamE)
 <LI><a href="#[e5]">mbed::Stream::seek(long, int)</a> from .\build\stream.o(i._ZN4mbed6Stream4seekEli) referenced from .\build\serial.o(.constdata__ZTVN4mbed6SerialE)
 <LI><a href="#[e5]">mbed::Stream::seek(long, int)</a> from .\build\stream.o(i._ZN4mbed6Stream4seekEli) referenced from .\build\stream.o(.constdata__ZTVN4mbed6StreamE)
 <LI><a href="#[e8]">mbed::Stream::size()</a> from .\build\stream.o(i._ZN4mbed6Stream4sizeEv) referenced from .\build\serial.o(.constdata__ZTVN4mbed6SerialE)
 <LI><a href="#[e8]">mbed::Stream::size()</a> from .\build\stream.o(i._ZN4mbed6Stream4sizeEv) referenced from .\build\stream.o(.constdata__ZTVN4mbed6StreamE)
 <LI><a href="#[e6]">mbed::Stream::close()</a> from .\build\stream.o(i._ZN4mbed6Stream5closeEv) referenced from .\build\serial.o(.constdata__ZTVN4mbed6SerialE)
 <LI><a href="#[e6]">mbed::Stream::close()</a> from .\build\stream.o(i._ZN4mbed6Stream5closeEv) referenced from .\build\stream.o(.constdata__ZTVN4mbed6StreamE)
 <LI><a href="#[e4]">mbed::Stream::write(const void*, unsigned)</a> from .\build\stream.o(i._ZN4mbed6Stream5writeEPKvj) referenced from .\build\serial.o(.constdata__ZTVN4mbed6SerialE)
 <LI><a href="#[e4]">mbed::Stream::write(const void*, unsigned)</a> from .\build\stream.o(i._ZN4mbed6Stream5writeEPKvj) referenced from .\build\stream.o(.constdata__ZTVN4mbed6StreamE)
 <LI><a href="#[e7]">mbed::Stream::isatty()</a> from .\build\stream.o(i._ZN4mbed6Stream6isattyEv) referenced from .\build\serial.o(.constdata__ZTVN4mbed6SerialE)
 <LI><a href="#[e7]">mbed::Stream::isatty()</a> from .\build\stream.o(i._ZN4mbed6Stream6isattyEv) referenced from .\build\stream.o(.constdata__ZTVN4mbed6StreamE)
 <LI><a href="#[ef]">mbed::Stream::unlock()</a> from .\build\stream.o(i._ZN4mbed6Stream6unlockEv) referenced from .\build\stream.o(.constdata__ZTVN4mbed6StreamE)
 <LI><a href="#[ed]">mbed::Stream::~Stream__sub_object()</a> from .\build\stream.o(i._ZN4mbed6StreamD2Ev) referenced from .\build\stream.o(.constdata__ZTVN4mbed6StreamE)
 <LI><a href="#[117]">void mbed::Callback&lang;void(int)&rang;::function_call&lang;void(*)(int)&rang;(const void*, int)</a> from .\build\i2c.o(t._ZN4mbed8CallbackIFviEE13function_callIPS1_EEvPKvi) referenced from .\build\i2c.o(.constdata__ZZN4mbed8CallbackIFviEE8generateIPS1_EEvRKT_E3ops)
 <LI><a href="#[119]">void mbed::Callback&lang;void(int)&rang;::function_dtor&lang;void(*)(int)&rang;(void*)</a> from .\build\i2c.o(t._ZN4mbed8CallbackIFviEE13function_dtorIPS1_EEvPv) referenced from .\build\i2c.o(.constdata__ZZN4mbed8CallbackIFviEE8generateIPS1_EEvRKT_E3ops)
 <LI><a href="#[118]">void mbed::Callback&lang;void(int)&rang;::function_move&lang;void(*)(int)&rang;(void*, const void*)</a> from .\build\i2c.o(t._ZN4mbed8CallbackIFviEE13function_moveIPS1_EEvPvPKv) referenced from .\build\i2c.o(.constdata__ZZN4mbed8CallbackIFviEE8generateIPS1_EEvRKT_E3ops)
 <LI><a href="#[11a]">void mbed::Callback&lang;void()&rang;::function_call&lang;void(*)()&rang;(const void*)</a> from .\build\main.o(t._ZN4mbed8CallbackIFvvEE13function_callIPS1_EEvPKv) referenced from .\build\main.o(.constdata__ZZN4mbed8CallbackIFvvEE8generateIPS1_EEvRKT_E3ops)
 <LI><a href="#[11c]">void mbed::Callback&lang;void()&rang;::function_dtor&lang;void(*)()&rang;(void*)</a> from .\build\main.o(t._ZN4mbed8CallbackIFvvEE13function_dtorIPS1_EEvPv) referenced from .\build\main.o(.constdata__ZZN4mbed8CallbackIFvvEE8generateIPS1_EEvRKT_E3ops)
 <LI><a href="#[11b]">void mbed::Callback&lang;void()&rang;::function_move&lang;void(*)()&rang;(void*, const void*)</a> from .\build\main.o(t._ZN4mbed8CallbackIFvvEE13function_moveIPS1_EEvPvPKv) referenced from .\build\main.o(.constdata__ZZN4mbed8CallbackIFvvEE8generateIPS1_EEvRKT_E3ops)
 <LI><a href="#[9c]">mbed::Callback&lang;void()&rang;::~Callback()</a> from .\build\main.o(t._ZN4mbed8CallbackIFvvEED1Ev) referenced from .\build\serialbase.o(i._ZN4mbed10SerialBaseD1Ev)
 <LI><a href="#[9c]">mbed::Callback&lang;void()&rang;::~Callback()</a> from .\build\main.o(t._ZN4mbed8CallbackIFvvEED1Ev) referenced from .\build\can.o(i._ZN4mbed3CAND1Ev)
 <LI><a href="#[f0]">mbed::FileBase::~FileBase()</a> from .\build\filebase.o(i._ZN4mbed8FileBaseD1Ev) referenced from .\build\filebase.o(.constdata__ZTVN4mbed8FileBaseE)
 <LI><a href="#[f1]">mbed::FileLike::~FileLike__sub_object()</a> from .\build\stream.o(i._ZN4mbed8FileLikeD2Ev) referenced from .\build\stream.o(.constdata__ZTVN4mbed8FileLikeE)
 <LI><a href="#[b4]">CThunk&lang;mbed::SerialBase&rang;::trampoline(mbed::SerialBase*, void*, void(mbed::SerialBase::**)(void*))</a> from .\build\serialbase.o(t._ZN6CThunkIN4mbed10SerialBaseEE10trampolineEPS1_PvPMS1_FvS4_E) referenced from .\build\serialbase.o(t._ZN6CThunkIN4mbed10SerialBaseEE4initEPS1_MS1_FvPvES4_)
 <LI><a href="#[b5]">CThunk&lang;mbed::SPI&rang;::trampoline(mbed::SPI*, void*, void(mbed::SPI::**)(void*))</a> from .\build\spi.o(t._ZN6CThunkIN4mbed3SPIEE10trampolineEPS1_PvPMS1_FvS4_E) referenced from .\build\spi.o(t._ZN6CThunkIN4mbed3SPIEE4initEPS1_MS1_FvPvES4_)
 <LI><a href="#[ff]">std::__rw_exception::what() const</a> from D:\Keil5\ARM\ARMCC\Bin\..\lib\cpplib\cpp_ws.l(rwstdexcept.o)(i._ZNKSt14__rw_exception4whatEv) referenced from D:\Keil5\ARM\ARMCC\Bin\..\lib\cpplib\cpp_ws.l(rwstdexcept.o)(.constdata__ZTVSt14__rw_exception)
 <LI><a href="#[f7]">std::ctype&lang;char&rang;::do_widen(char) const</a> from D:\Keil5\ARM\ARMCC\Bin\..\lib\cpplib\cpp_ws.l(char.o)(i._ZNKSt5ctypeIcE8do_widenEc) referenced from D:\Keil5\ARM\ARMCC\Bin\..\lib\cpplib\cpp_ws.l(char.o)(.constdata__ZTVSt12ctype_bynameIcE)
 <LI><a href="#[f7]">std::ctype&lang;char&rang;::do_widen(char) const</a> from D:\Keil5\ARM\ARMCC\Bin\..\lib\cpplib\cpp_ws.l(char.o)(i._ZNKSt5ctypeIcE8do_widenEc) referenced from D:\Keil5\ARM\ARMCC\Bin\..\lib\cpplib\cpp_ws.l(char.o)(.constdata__ZTVSt5ctypeIcE)
 <LI><a href="#[108]">std::ctype&lang;wchar_t&rang;::do_widen(char) const</a> from D:\Keil5\ARM\ARMCC\Bin\..\lib\cpplib\cpp_ws.l(ios.o)(i._ZNKSt5ctypeIwE8do_widenEc) referenced from D:\Keil5\ARM\ARMCC\Bin\..\lib\cpplib\cpp_ws.l(ios.o)(.constdata__ZTVSt5ctypeIwE)
 <LI><a href="#[10c]">std::codecvt&lang;char, char, std::__mbstate_t&rang;::do_encoding() const</a> from D:\Keil5\ARM\ARMCC\Bin\..\lib\cpplib\cpp_ws.l(ios.o)(i._ZNKSt7codecvtIccSt11__mbstate_tE11do_encodingEv) referenced from D:\Keil5\ARM\ARMCC\Bin\..\lib\cpplib\cpp_ws.l(ios.o)(.constdata__ZTVSt7codecvtIccSt11__mbstate_tE)
 <LI><a href="#[10d]">std::codecvt&lang;char, char, std::__mbstate_t&rang;::do_always_noconv() const</a> from D:\Keil5\ARM\ARMCC\Bin\..\lib\cpplib\cpp_ws.l(ios.o)(i._ZNKSt7codecvtIccSt11__mbstate_tE16do_always_noconvEv) referenced from D:\Keil5\ARM\ARMCC\Bin\..\lib\cpplib\cpp_ws.l(ios.o)(.constdata__ZTVSt7codecvtIccSt11__mbstate_tE)
 <LI><a href="#[10b]">std::codecvt&lang;char, char, std::__mbstate_t&rang;::do_out(std::__mbstate_t&, const char*, const char*, const char*&, char*, char*, char*&) const</a> from D:\Keil5\ARM\ARMCC\Bin\..\lib\cpplib\cpp_ws.l(ios.o)(i._ZNKSt7codecvtIccSt11__mbstate_tE6do_outERS0_PKcS4_RS4_PcS6_RS6_) referenced from D:\Keil5\ARM\ARMCC\Bin\..\lib\cpplib\cpp_ws.l(ios.o)(.constdata__ZTVSt7codecvtIccSt11__mbstate_tE)
 <LI><a href="#[112]">std::codecvt&lang;wchar_t, char, std::__mbstate_t&rang;::do_encoding() const</a> from D:\Keil5\ARM\ARMCC\Bin\..\lib\cpplib\cpp_ws.l(ios.o)(i._ZNKSt7codecvtIwcSt11__mbstate_tE11do_encodingEv) referenced from D:\Keil5\ARM\ARMCC\Bin\..\lib\cpplib\cpp_ws.l(ios.o)(.constdata__ZTVSt7codecvtIwcSt11__mbstate_tE)
 <LI><a href="#[111]">std::codecvt&lang;wchar_t, char, std::__mbstate_t&rang;::do_always_noconv() const</a> from D:\Keil5\ARM\ARMCC\Bin\..\lib\cpplib\cpp_ws.l(ios.o)(i._ZNKSt7codecvtIwcSt11__mbstate_tE16do_always_noconvEv) referenced from D:\Keil5\ARM\ARMCC\Bin\..\lib\cpplib\cpp_ws.l(ios.o)(.constdata__ZTVSt7codecvtIwcSt11__mbstate_tE)
 <LI><a href="#[110]">std::codecvt&lang;wchar_t, char, std::__mbstate_t&rang;::do_out(std::__mbstate_t&, const wchar_t*, const wchar_t*, const wchar_t*&, char*, char*, char*&) const</a> from D:\Keil5\ARM\ARMCC\Bin\..\lib\cpplib\cpp_ws.l(ios.o)(i._ZNKSt7codecvtIwcSt11__mbstate_tE6do_outERS0_PKwS4_RS4_PcS6_RS6_) referenced from D:\Keil5\ARM\ARMCC\Bin\..\lib\cpplib\cpp_ws.l(ios.o)(.constdata__ZTVSt7codecvtIwcSt11__mbstate_tE)
 <LI><a href="#[116]">std::messages&lang;char&rang;::do_get(int, int, int, const std::basic_string&lang;char, std::char_traits&lang;char&rang;, std::allocator&lang;char&rang;&rang;&) const</a> from D:\Keil5\ARM\ARMCC\Bin\..\lib\cpplib\cpp_ws.l(rwstdexcept.o)(t._ZNKSt8messagesIcE6do_getEiiiRKSs) referenced from D:\Keil5\ARM\ARMCC\Bin\..\lib\cpplib\cpp_ws.l(rwstdexcept.o)(.constdata__ZTVSt8messagesIcE)
 <LI><a href="#[115]">std::messages&lang;char&rang;::do_open(const std::basic_string&lang;char, std::char_traits&lang;char&rang;, std::allocator&lang;char&rang;&rang;&, const std::locale&) const</a> from D:\Keil5\ARM\ARMCC\Bin\..\lib\cpplib\cpp_ws.l(rwstdexcept.o)(t._ZNKSt8messagesIcE7do_openERKSsRKSt6locale) referenced from D:\Keil5\ARM\ARMCC\Bin\..\lib\cpplib\cpp_ws.l(rwstdexcept.o)(.constdata__ZTVSt8messagesIcE)
 <LI><a href="#[98]">std::basic_string&lang;char, std::char_traits&lang;char&rang;, std::allocator&lang;char&rang;&rang;::~basic_string()</a> from D:\Keil5\ARM\ARMCC\Bin\..\lib\cpplib\cpp_ws.l(ios.o)(t._ZNSsD1Ev) referenced from D:\Keil5\ARM\ARMCC\Bin\..\lib\cpplib\cpp_ws.l(locale.o)(i._ZN4__rw15__rw_locale_impC1EPKcjj)
 <LI><a href="#[98]">std::basic_string&lang;char, std::char_traits&lang;char&rang;, std::allocator&lang;char&rang;&rang;::~basic_string()</a> from D:\Keil5\ARM\ARMCC\Bin\..\lib\cpplib\cpp_ws.l(ios.o)(t._ZNSsD1Ev) referenced from D:\Keil5\ARM\ARMCC\Bin\..\lib\cpplib\cpp_ws.l(ios.o)(t._ZN4__rw18__rw_locale_vectorISsED1Ev)
 <LI><a href="#[f5]">std::ctype_byname&lang;char&rang;::~ctype_byname__deallocating()</a> from D:\Keil5\ARM\ARMCC\Bin\..\lib\cpplib\cpp_ws.l(char.o)(i._ZNSt12ctype_bynameIcED0Ev) referenced from D:\Keil5\ARM\ARMCC\Bin\..\lib\cpplib\cpp_ws.l(char.o)(.constdata__ZTVSt12ctype_bynameIcE)
 <LI><a href="#[f4]">std::ctype_byname&lang;char&rang;::~ctype_byname()</a> from D:\Keil5\ARM\ARMCC\Bin\..\lib\cpplib\cpp_ws.l(char.o)(i._ZNSt12ctype_bynameIcED1Ev) referenced from D:\Keil5\ARM\ARMCC\Bin\..\lib\cpplib\cpp_ws.l(char.o)(.constdata__ZTVSt12ctype_bynameIcE)
 <LI><a href="#[fa]">std::basic_filebuf&lang;char, std::char_traits&lang;char&rang;&rang;::sync()</a> from D:\Keil5\ARM\ARMCC\Bin\..\lib\cpplib\cpp_ws.l(ios.o)(t._ZNSt13basic_filebufIcSt11char_traitsIcEE4syncEv) referenced from D:\Keil5\ARM\ARMCC\Bin\..\lib\cpplib\cpp_ws.l(ios.o)(.constdata__ZTVSt13basic_filebufIcSt11char_traitsIcEE)
 <LI><a href="#[f8]">std::basic_filebuf&lang;char, std::char_traits&lang;char&rang;&rang;::setbuf(char*, long)</a> from D:\Keil5\ARM\ARMCC\Bin\..\lib\cpplib\cpp_ws.l(ios.o)(t._ZNSt13basic_filebufIcSt11char_traitsIcEE6setbufEPcl) referenced from D:\Keil5\ARM\ARMCC\Bin\..\lib\cpplib\cpp_ws.l(ios.o)(.constdata__ZTVSt13basic_filebufIcSt11char_traitsIcEE)
 <LI><a href="#[f9]">std::basic_filebuf&lang;char, std::char_traits&lang;char&rang;&rang;::overflow(int)</a> from D:\Keil5\ARM\ARMCC\Bin\..\lib\cpplib\cpp_ws.l(ios.o)(t._ZNSt13basic_filebufIcSt11char_traitsIcEE8overflowEi) referenced from D:\Keil5\ARM\ARMCC\Bin\..\lib\cpplib\cpp_ws.l(ios.o)(.constdata__ZTVSt13basic_filebufIcSt11char_traitsIcEE)
 <LI><a href="#[fd]">std::basic_filebuf&lang;wchar_t, std::char_traits&lang;wchar_t&rang;&rang;::sync()</a> from D:\Keil5\ARM\ARMCC\Bin\..\lib\cpplib\cpp_ws.l(ios.o)(t._ZNSt13basic_filebufIwSt11char_traitsIwEE4syncEv) referenced from D:\Keil5\ARM\ARMCC\Bin\..\lib\cpplib\cpp_ws.l(ios.o)(.constdata__ZTVSt13basic_filebufIwSt11char_traitsIwEE)
 <LI><a href="#[fb]">std::basic_filebuf&lang;wchar_t, std::char_traits&lang;wchar_t&rang;&rang;::setbuf(wchar_t*, long)</a> from D:\Keil5\ARM\ARMCC\Bin\..\lib\cpplib\cpp_ws.l(ios.o)(t._ZNSt13basic_filebufIwSt11char_traitsIwEE6setbufEPwl) referenced from D:\Keil5\ARM\ARMCC\Bin\..\lib\cpplib\cpp_ws.l(ios.o)(.constdata__ZTVSt13basic_filebufIwSt11char_traitsIwEE)
 <LI><a href="#[fc]">std::basic_filebuf&lang;wchar_t, std::char_traits&lang;wchar_t&rang;&rang;::overflow(int)</a> from D:\Keil5\ARM\ARMCC\Bin\..\lib\cpplib\cpp_ws.l(ios.o)(t._ZNSt13basic_filebufIwSt11char_traitsIwEE8overflowEi) referenced from D:\Keil5\ARM\ARMCC\Bin\..\lib\cpplib\cpp_ws.l(ios.o)(.constdata__ZTVSt13basic_filebufIwSt11char_traitsIwEE)
 <LI><a href="#[fe]">std::__rw_exception::~__rw_exception()</a> from D:\Keil5\ARM\ARMCC\Bin\..\lib\cpplib\cpp_ws.l(rwstdexcept.o)(i._ZNSt14__rw_exceptionD1Ev) referenced from D:\Keil5\ARM\ARMCC\Bin\..\lib\cpplib\cpp_ws.l(rwstdexcept.o)(.constdata__ZTVSt14__rw_exception)
 <LI><a href="#[100]">std::basic_streambuf&lang;char, std::char_traits&lang;char&rang;&rang;::setbuf(char*, long)</a> from D:\Keil5\ARM\ARMCC\Bin\..\lib\cpplib\cpp_ws.l(ios.o)(t._ZNSt15basic_streambufIcSt11char_traitsIcEE6setbufEPcl) referenced from D:\Keil5\ARM\ARMCC\Bin\..\lib\cpplib\cpp_ws.l(ios.o)(.constdata__ZTVSt15basic_streambufIcSt11char_traitsIcEE)
 <LI><a href="#[101]">std::basic_streambuf&lang;char, std::char_traits&lang;char&rang;&rang;::overflow(int)</a> from D:\Keil5\ARM\ARMCC\Bin\..\lib\cpplib\cpp_ws.l(ios.o)(t._ZNSt15basic_streambufIcSt11char_traitsIcEE8overflowEi) referenced from D:\Keil5\ARM\ARMCC\Bin\..\lib\cpplib\cpp_ws.l(ios.o)(.constdata__ZTVSt15basic_streambufIcSt11char_traitsIcEE)
 <LI><a href="#[102]">std::basic_streambuf&lang;wchar_t, std::char_traits&lang;wchar_t&rang;&rang;::setbuf(wchar_t*, long)</a> from D:\Keil5\ARM\ARMCC\Bin\..\lib\cpplib\cpp_ws.l(ios.o)(t._ZNSt15basic_streambufIwSt11char_traitsIwEE6setbufEPwl) referenced from D:\Keil5\ARM\ARMCC\Bin\..\lib\cpplib\cpp_ws.l(ios.o)(.constdata__ZTVSt15basic_streambufIwSt11char_traitsIwEE)
 <LI><a href="#[103]">std::basic_streambuf&lang;wchar_t, std::char_traits&lang;wchar_t&rang;&rang;::overflow(int)</a> from D:\Keil5\ARM\ARMCC\Bin\..\lib\cpplib\cpp_ws.l(ios.o)(t._ZNSt15basic_streambufIwSt11char_traitsIwEE8overflowEi) referenced from D:\Keil5\ARM\ARMCC\Bin\..\lib\cpplib\cpp_ws.l(ios.o)(.constdata__ZTVSt15basic_streambufIwSt11char_traitsIwEE)
 <LI><a href="#[b2]">std::__rw_open_cat_data::__rw_open_cat_data()</a> from D:\Keil5\ARM\ARMCC\Bin\..\lib\cpplib\cpp_ws.l(messages.o)(i._ZNSt18__rw_open_cat_dataC1Ev) referenced from D:\Keil5\ARM\ARMCC\Bin\..\lib\cpplib\cpp_ws.l(messages.o)(t._ZN4__rw18__rw_locale_vectorISt18__rw_open_cat_dataE6resizeEj)
 <LI><a href="#[b1]">std::__rw_open_cat_data::~__rw_open_cat_data()</a> from D:\Keil5\ARM\ARMCC\Bin\..\lib\cpplib\cpp_ws.l(messages.o)(i._ZNSt18__rw_open_cat_dataD1Ev) referenced from D:\Keil5\ARM\ARMCC\Bin\..\lib\cpplib\cpp_ws.l(messages.o)(t._ZN4__rw18__rw_locale_vectorISt18__rw_open_cat_dataE6resizeEj)
 <LI><a href="#[b1]">std::__rw_open_cat_data::~__rw_open_cat_data()</a> from D:\Keil5\ARM\ARMCC\Bin\..\lib\cpplib\cpp_ws.l(messages.o)(i._ZNSt18__rw_open_cat_dataD1Ev) referenced from D:\Keil5\ARM\ARMCC\Bin\..\lib\cpplib\cpp_ws.l(messages.o)(t._ZN4__rw18__rw_locale_vectorISt18__rw_open_cat_dataED1Ev)
 <LI><a href="#[f6]">std::ctype&lang;char&rang;::_C_initfacet(const std::locale&)</a> from D:\Keil5\ARM\ARMCC\Bin\..\lib\cpplib\cpp_ws.l(char.o)(i._ZNSt5ctypeIcE12_C_initfacetERKSt6locale) referenced from D:\Keil5\ARM\ARMCC\Bin\..\lib\cpplib\cpp_ws.l(char.o)(.constdata__ZTVSt12ctype_bynameIcE)
 <LI><a href="#[f6]">std::ctype&lang;char&rang;::_C_initfacet(const std::locale&)</a> from D:\Keil5\ARM\ARMCC\Bin\..\lib\cpplib\cpp_ws.l(char.o)(i._ZNSt5ctypeIcE12_C_initfacetERKSt6locale) referenced from D:\Keil5\ARM\ARMCC\Bin\..\lib\cpplib\cpp_ws.l(char.o)(.constdata__ZTVSt5ctypeIcE)
 <LI><a href="#[105]">std::ctype&lang;char&rang;::~ctype__deallocating()</a> from D:\Keil5\ARM\ARMCC\Bin\..\lib\cpplib\cpp_ws.l(char.o)(i._ZNSt5ctypeIcED0Ev) referenced from D:\Keil5\ARM\ARMCC\Bin\..\lib\cpplib\cpp_ws.l(char.o)(.constdata__ZTVSt5ctypeIcE)
 <LI><a href="#[104]">std::ctype&lang;char&rang;::~ctype()</a> from D:\Keil5\ARM\ARMCC\Bin\..\lib\cpplib\cpp_ws.l(char.o)(i._ZNSt5ctypeIcED1Ev) referenced from D:\Keil5\ARM\ARMCC\Bin\..\lib\cpplib\cpp_ws.l(char.o)(.constdata__ZTVSt5ctypeIcE)
 <LI><a href="#[107]">std::ctype&lang;wchar_t&rang;::~ctype__deallocating()</a> from D:\Keil5\ARM\ARMCC\Bin\..\lib\cpplib\cpp_ws.l(ios.o)(i._ZNSt5ctypeIwED0Ev) referenced from D:\Keil5\ARM\ARMCC\Bin\..\lib\cpplib\cpp_ws.l(ios.o)(.constdata__ZTVSt5ctypeIwE)
 <LI><a href="#[106]">std::ctype&lang;wchar_t&rang;::~ctype()</a> from D:\Keil5\ARM\ARMCC\Bin\..\lib\cpplib\cpp_ws.l(ios.o)(i._ZNSt5ctypeIwED1Ev) referenced from D:\Keil5\ARM\ARMCC\Bin\..\lib\cpplib\cpp_ws.l(ios.o)(.constdata__ZTVSt5ctypeIwE)
 <LI><a href="#[f2]">std::locale::facet::~facet__deallocating()</a> from D:\Keil5\ARM\ARMCC\Bin\..\lib\cpplib\cpp_ws.l(ios.o)(i._ZNSt6locale5facetD0Ev) referenced from D:\Keil5\ARM\ARMCC\Bin\..\lib\cpplib\cpp_ws.l(ios.o)(.constdata__ZTVNSt6locale5facetE)
 <LI><a href="#[9f]">std::locale::~locale()</a> from D:\Keil5\ARM\ARMCC\Bin\..\lib\cpplib\cpp_ws.l(ios.o)(i._ZNSt6localeD1Ev) referenced from D:\Keil5\ARM\ARMCC\Bin\..\lib\cpplib\cpp_ws.l(locale.o)(i._ZNSt6locale7classicEv)
 <LI><a href="#[10a]">std::codecvt&lang;char, char, std::__mbstate_t&rang;::~codecvt__deallocating()</a> from D:\Keil5\ARM\ARMCC\Bin\..\lib\cpplib\cpp_ws.l(ios.o)(i._ZNSt7codecvtIccSt11__mbstate_tED0Ev) referenced from D:\Keil5\ARM\ARMCC\Bin\..\lib\cpplib\cpp_ws.l(ios.o)(.constdata__ZTVSt7codecvtIccSt11__mbstate_tE)
 <LI><a href="#[109]">std::codecvt&lang;char, char, std::__mbstate_t&rang;::~codecvt()</a> from D:\Keil5\ARM\ARMCC\Bin\..\lib\cpplib\cpp_ws.l(ios.o)(i._ZNSt7codecvtIccSt11__mbstate_tED1Ev) referenced from D:\Keil5\ARM\ARMCC\Bin\..\lib\cpplib\cpp_ws.l(ios.o)(.constdata__ZTVSt7codecvtIccSt11__mbstate_tE)
 <LI><a href="#[10f]">std::codecvt&lang;wchar_t, char, std::__mbstate_t&rang;::~codecvt__deallocating()</a> from D:\Keil5\ARM\ARMCC\Bin\..\lib\cpplib\cpp_ws.l(ios.o)(i._ZNSt7codecvtIwcSt11__mbstate_tED0Ev) referenced from D:\Keil5\ARM\ARMCC\Bin\..\lib\cpplib\cpp_ws.l(ios.o)(.constdata__ZTVSt7codecvtIwcSt11__mbstate_tE)
 <LI><a href="#[10e]">std::codecvt&lang;wchar_t, char, std::__mbstate_t&rang;::~codecvt()</a> from D:\Keil5\ARM\ARMCC\Bin\..\lib\cpplib\cpp_ws.l(ios.o)(i._ZNSt7codecvtIwcSt11__mbstate_tED1Ev) referenced from D:\Keil5\ARM\ARMCC\Bin\..\lib\cpplib\cpp_ws.l(ios.o)(.constdata__ZTVSt7codecvtIwcSt11__mbstate_tE)
 <LI><a href="#[a3]">std::ios_base::Init::~Init()</a> from D:\Keil5\ARM\ARMCC\Bin\..\lib\cpplib\cpp_ws.l(ios.o)(i._ZNSt8ios_base4InitD1Ev) referenced from .\build\positionsensor.o(i.__sti___18_PositionSensor_cpp_a48976ac)
 <LI><a href="#[114]">std::messages&lang;char&rang;::~messages__deallocating()</a> from D:\Keil5\ARM\ARMCC\Bin\..\lib\cpplib\cpp_ws.l(rwstdexcept.o)(i._ZNSt8messagesIcED0Ev) referenced from D:\Keil5\ARM\ARMCC\Bin\..\lib\cpplib\cpp_ws.l(rwstdexcept.o)(.constdata__ZTVSt8messagesIcE)
 <LI><a href="#[113]">std::messages&lang;char&rang;::~messages()</a> from D:\Keil5\ARM\ARMCC\Bin\..\lib\cpplib\cpp_ws.l(rwstdexcept.o)(i._ZNSt8messagesIcED1Ev) referenced from D:\Keil5\ARM\ARMCC\Bin\..\lib\cpplib\cpp_ws.l(rwstdexcept.o)(.constdata__ZTVSt8messagesIcE)
 <LI><a href="#[eb]">thunk{-188} to mbed::Serial::lock()</a> from .\build\serial.o(i._ZThn188_N4mbed6Serial4lockEv) referenced from .\build\serial.o(.constdata__ZTVN4mbed6SerialE)
 <LI><a href="#[ea]">thunk{-188} to mbed::Serial::_getc()</a> from .\build\serial.o(i._ZThn188_N4mbed6Serial5_getcEv) referenced from .\build\serial.o(.constdata__ZTVN4mbed6SerialE)
 <LI><a href="#[e9]">thunk{-188} to mbed::Serial::_putc(int)</a> from .\build\serial.o(i._ZThn188_N4mbed6Serial5_putcEi) referenced from .\build\serial.o(.constdata__ZTVN4mbed6SerialE)
 <LI><a href="#[ec]">thunk{-188} to mbed::Serial::unlock()</a> from .\build\serial.o(i._ZThn188_N4mbed6Serial6unlockEv) referenced from .\build\serial.o(.constdata__ZTVN4mbed6SerialE)
 <LI><a href="#[a1]">operator delete[] (void*)</a> from .\build\mbed_retarget.o(i._ZdaPv) referenced from D:\Keil5\ARM\ARMCC\Bin\..\lib\cpplib\cpprt_w.l(cxa_vec_new.o)(i.__cxa_vec_new)
 <LI><a href="#[c2]">__cxa_pure_virtual</a> from D:\Keil5\ARM\ARMCC\Bin\..\lib\cpplib\cpprt_w.l(pure_virt.o)(i.__cxa_pure_virtual) referenced 6 times from .\build\positionsensor.o(.constdata__ZTV14PositionSensor)
 <LI><a href="#[c2]">__cxa_pure_virtual</a> from D:\Keil5\ARM\ARMCC\Bin\..\lib\cpplib\cpprt_w.l(pure_virt.o)(i.__cxa_pure_virtual) referenced 4 times from .\build\filehandle.o(.constdata__ZTVN4mbed10FileHandleE)
 <LI><a href="#[c2]">__cxa_pure_virtual</a> from D:\Keil5\ARM\ARMCC\Bin\..\lib\cpplib\cpprt_w.l(pure_virt.o)(i.__cxa_pure_virtual) referenced 2 times from .\build\stream.o(.constdata__ZTVN4mbed6StreamE)
 <LI><a href="#[c2]">__cxa_pure_virtual</a> from D:\Keil5\ARM\ARMCC\Bin\..\lib\cpplib\cpprt_w.l(pure_virt.o)(i.__cxa_pure_virtual) referenced 4 times from .\build\stream.o(.constdata__ZTVN4mbed8FileLikeE)
 <LI><a href="#[123]">__main</a> from D:\Keil5\ARM\ARMCC\Bin\..\lib\armlib\c_w.l(__main.o)(!!!main) referenced from .\build\startup_stm32f446xx.o(.text)
 <LI><a href="#[121]">__sti___10_locale_cpp_ff99fc7b</a> from D:\Keil5\ARM\ARMCC\Bin\..\lib\cpplib\cpp_ws.l(locale.o)(i.__sti___10_locale_cpp_ff99fc7b) referenced from D:\Keil5\ARM\ARMCC\Bin\..\lib\cpplib\cpp_ws.l(locale.o)(.init_array)
 <LI><a href="#[122]">__sti___10_rwcats_cpp_64e8068e</a> from D:\Keil5\ARM\ARMCC\Bin\..\lib\cpplib\cpp_ws.l(rwcats.o)(i.__sti___10_rwcats_cpp_64e8068e) referenced from D:\Keil5\ARM\ARMCC\Bin\..\lib\cpplib\cpp_ws.l(rwcats.o)(.init_array)
 <LI><a href="#[11f]">__sti___18_PositionSensor_cpp_a48976ac</a> from .\build\positionsensor.o(i.__sti___18_PositionSensor_cpp_a48976ac) referenced from .\build\positionsensor.o(.init_array)
 <LI><a href="#[11e]">__sti___7_SPI_cpp_ab1f1164</a> from .\build\spi.o(i.__sti___7_SPI_cpp_ab1f1164) referenced from .\build\spi.o(.init_array)
 <LI><a href="#[120]">__sti___8_char_cpp_a3dc957a</a> from D:\Keil5\ARM\ARMCC\Bin\..\lib\cpplib\cpp_ws.l(char.o)(i.__sti___8_char_cpp_a3dc957a) referenced from D:\Keil5\ARM\ARMCC\Bin\..\lib\cpplib\cpp_ws.l(char.o)(.init_array)
 <LI><a href="#[11d]">__sti___8_main_cpp_prefs</a> from .\build\main.o(i.__sti___8_main_cpp_prefs) referenced from .\build\main.o(.init_array)
 <LI><a href="#[87]">_get_lc_ctype</a> from D:\Keil5\ARM\ARMCC\Bin\..\lib\armlib\c_w.l(lc_ctype_c.o)(locale$$code) referenced from D:\Keil5\ARM\ARMCC\Bin\..\lib\armlib\c_w.l(rt_ctype_table.o)(.text)
 <LI><a href="#[83]">_printf_input_char</a> from D:\Keil5\ARM\ARMCC\Bin\..\lib\armlib\c_w.l(_printf_char_common.o)(.text) referenced from D:\Keil5\ARM\ARMCC\Bin\..\lib\armlib\c_w.l(_printf_char_common.o)(.text)
 <LI><a href="#[82]">_sbackspace</a> from D:\Keil5\ARM\ARMCC\Bin\..\lib\armlib\c_w.l(_sgetc.o)(.text) referenced 2 times from D:\Keil5\ARM\ARMCC\Bin\..\lib\armlib\c_w.l(sscanf.o)(.text)
 <LI><a href="#[85]">_scanf_char_input</a> from D:\Keil5\ARM\ARMCC\Bin\..\lib\armlib\c_w.l(scanf_char.o)(.text) referenced from D:\Keil5\ARM\ARMCC\Bin\..\lib\armlib\c_w.l(scanf_char.o)(.text)
 <LI><a href="#[81]">_sgetc</a> from D:\Keil5\ARM\ARMCC\Bin\..\lib\armlib\c_w.l(_sgetc.o)(.text) referenced 2 times from D:\Keil5\ARM\ARMCC\Bin\..\lib\armlib\c_w.l(sscanf.o)(.text)
 <LI><a href="#[80]">_snputc</a> from D:\Keil5\ARM\ARMCC\Bin\..\lib\armlib\c_w.l(_snputc.o)(.text) referenced from D:\Keil5\ARM\ARMCC\Bin\..\lib\armlib\c_w.l(vsnprintf.o)(.text)
 <LI><a href="#[84]">fputc</a> from D:\Keil5\ARM\ARMCC\Bin\..\lib\armlib\c_w.l(fputc.o)(i.fputc) referenced from D:\Keil5\ARM\ARMCC\Bin\..\lib\armlib\c_w.l(_printf_char_file.o)(.text)
 <LI><a href="#[86]">isspace</a> from D:\Keil5\ARM\ARMCC\Bin\..\lib\armlib\c_w.l(isspace.o)(.text) referenced 2 times from D:\Keil5\ARM\ARMCC\Bin\..\lib\armlib\c_w.l(scanf_char.o)(.text)
 <LI><a href="#[89]">timer_irq_handler</a> from .\build\hal_tick_32b.o(i.timer_irq_handler) referenced from .\build\hal_tick_32b.o(i.HAL_InitTick)
 <LI><a href="#[ab]">uart1_irq</a> from .\build\serial_device.o(i.uart1_irq) referenced from .\build\serial_device.o(i.serial_irq_set)
 <LI><a href="#[ac]">uart2_irq</a> from .\build\serial_device.o(i.uart2_irq) referenced from .\build\serial_device.o(i.serial_irq_set)
 <LI><a href="#[ad]">uart3_irq</a> from .\build\serial_device.o(i.uart3_irq) referenced from .\build\serial_device.o(i.serial_irq_set)
 <LI><a href="#[ae]">uart4_irq</a> from .\build\serial_device.o(i.uart4_irq) referenced from .\build\serial_device.o(i.serial_irq_set)
 <LI><a href="#[af]">uart5_irq</a> from .\build\serial_device.o(i.uart5_irq) referenced from .\build\serial_device.o(i.serial_irq_set)
 <LI><a href="#[b0]">uart6_irq</a> from .\build\serial_device.o(i.uart6_irq) referenced from .\build\serial_device.o(i.serial_irq_set)
 <LI><a href="#[bd]">us_ticker_clear_interrupt</a> from .\build\us_ticker_32b.o(i.us_ticker_clear_interrupt) referenced from .\build\mbed_us_ticker_api.o(.constdata)
 <LI><a href="#[bc]">us_ticker_disable_interrupt</a> from .\build\us_ticker_32b.o(i.us_ticker_disable_interrupt) referenced from .\build\mbed_us_ticker_api.o(.constdata)
 <LI><a href="#[bf]">us_ticker_fire_interrupt</a> from .\build\us_ticker_32b.o(i.us_ticker_fire_interrupt) referenced from .\build\mbed_us_ticker_api.o(.constdata)
 <LI><a href="#[ba]">us_ticker_init</a> from .\build\us_ticker_32b.o(i.us_ticker_init) referenced from .\build\mbed_us_ticker_api.o(.constdata)
 <LI><a href="#[bb]">us_ticker_read</a> from .\build\us_ticker_32b.o(i.us_ticker_read) referenced from .\build\mbed_us_ticker_api.o(.constdata)
 <LI><a href="#[be]">us_ticker_set_interrupt</a> from .\build\us_ticker_32b.o(i.us_ticker_set_interrupt) referenced from .\build\mbed_us_ticker_api.o(.constdata)
</UL>
<P>
<H3>
Global Symbols
</H3>
<P><STRONG><a name="[123]"></a>__main</STRONG> (Thumb, 8 bytes, Stack size 0 bytes, D:\Keil5\ARM\ARMCC\Bin\..\lib\armlib\c_w.l(__main.o)(!!!main))
<BR><BR>[Calls]<UL><LI><a href="#[125]">&gt;&gt;</a>&nbsp;&nbsp;&nbsp;__scatterload
<LI><a href="#[126]">&gt;&gt;</a>&nbsp;&nbsp;&nbsp;__rt_entry
</UL>

<P><STRONG><a name="[125]"></a>__scatterload</STRONG> (Thumb, 0 bytes, Stack size unknown bytes, D:\Keil5\ARM\ARMCC\Bin\..\lib\armlib\c_w.l(__scatter.o)(!!!scatter))
<BR><BR>[Called By]<UL><LI><a href="#[123]">&gt;&gt;</a>&nbsp;&nbsp;&nbsp;__main
</UL>

<P><STRONG><a name="[127]"></a>__scatterload_rt2</STRONG> (Thumb, 44 bytes, Stack size unknown bytes, D:\Keil5\ARM\ARMCC\Bin\..\lib\armlib\c_w.l(__scatter.o)(!!!scatter), UNUSED)
<BR><BR>[Calls]<UL><LI><a href="#[126]">&gt;&gt;</a>&nbsp;&nbsp;&nbsp;__rt_entry
</UL>

<P><STRONG><a name="[3e6]"></a>__scatterload_rt2_thumb_only</STRONG> (Thumb, 0 bytes, Stack size unknown bytes, D:\Keil5\ARM\ARMCC\Bin\..\lib\armlib\c_w.l(__scatter.o)(!!!scatter), UNUSED)

<P><STRONG><a name="[3e7]"></a>__scatterload_null</STRONG> (Thumb, 0 bytes, Stack size unknown bytes, D:\Keil5\ARM\ARMCC\Bin\..\lib\armlib\c_w.l(__scatter.o)(!!!scatter), UNUSED)

<P><STRONG><a name="[3e8]"></a>__decompress</STRONG> (Thumb, 90 bytes, Stack size unknown bytes, D:\Keil5\ARM\ARMCC\Bin\..\lib\armlib\c_w.l(__dczerorl2.o)(!!dczerorl2), UNUSED)

<P><STRONG><a name="[3e9]"></a>__decompress1</STRONG> (Thumb, 0 bytes, Stack size unknown bytes, D:\Keil5\ARM\ARMCC\Bin\..\lib\armlib\c_w.l(__dczerorl2.o)(!!dczerorl2), UNUSED)

<P><STRONG><a name="[3ea]"></a>__scatterload_zeroinit</STRONG> (Thumb, 28 bytes, Stack size unknown bytes, D:\Keil5\ARM\ARMCC\Bin\..\lib\armlib\c_w.l(__scatter_zi.o)(!!handler_zi), UNUSED)

<P><STRONG><a name="[128]"></a>_printf_n</STRONG> (Thumb, 0 bytes, Stack size unknown bytes, D:\Keil5\ARM\ARMCC\Bin\..\lib\armlib\c_w.l(_printf_n.o)(.ARM.Collect$$_printf_percent$$00000001))
<BR><BR>[Calls]<UL><LI><a href="#[129]">&gt;&gt;</a>&nbsp;&nbsp;&nbsp;_printf_charcount
</UL>

<P><STRONG><a name="[172]"></a>_printf_percent</STRONG> (Thumb, 0 bytes, Stack size unknown bytes, D:\Keil5\ARM\ARMCC\Bin\..\lib\armlib\c_w.l(_printf_percent.o)(.ARM.Collect$$_printf_percent$$00000000))
<BR><BR>[Called By]<UL><LI><a href="#[170]">&gt;&gt;</a>&nbsp;&nbsp;&nbsp;__printf
</UL>

<P><STRONG><a name="[12a]"></a>_printf_p</STRONG> (Thumb, 0 bytes, Stack size unknown bytes, D:\Keil5\ARM\ARMCC\Bin\..\lib\armlib\c_w.l(_printf_p.o)(.ARM.Collect$$_printf_percent$$00000002))
<BR><BR>[Stack]<UL><LI>Max Depth = 64 + Unknown Stack Size
<LI>Call Chain = _printf_p &rArr; _printf_hex_ptr &rArr; _printf_longlong_hex &rArr; _printf_int_common &rArr; _printf_post_padding
</UL>
<BR>[Calls]<UL><LI><a href="#[12b]">&gt;&gt;</a>&nbsp;&nbsp;&nbsp;_printf_hex_ptr
</UL>

<P><STRONG><a name="[12c]"></a>_printf_f</STRONG> (Thumb, 0 bytes, Stack size unknown bytes, D:\Keil5\ARM\ARMCC\Bin\..\lib\armlib\c_w.l(_printf_f.o)(.ARM.Collect$$_printf_percent$$00000003))
<BR><BR>[Stack]<UL><LI>Max Depth = 324 + Unknown Stack Size
<LI>Call Chain = _printf_f &rArr; _printf_fp_dec &rArr; _printf_fp_dec_real &rArr; _fp_digits &rArr; _btod_etento &rArr; _btod_emul &rArr; _e2e
</UL>
<BR>[Calls]<UL><LI><a href="#[12d]">&gt;&gt;</a>&nbsp;&nbsp;&nbsp;_printf_fp_dec
</UL>

<P><STRONG><a name="[12e]"></a>_printf_e</STRONG> (Thumb, 0 bytes, Stack size unknown bytes, D:\Keil5\ARM\ARMCC\Bin\..\lib\armlib\c_w.l(_printf_e.o)(.ARM.Collect$$_printf_percent$$00000004))
<BR><BR>[Stack]<UL><LI>Max Depth = 324 + Unknown Stack Size
<LI>Call Chain = _printf_e &rArr; _printf_fp_dec &rArr; _printf_fp_dec_real &rArr; _fp_digits &rArr; _btod_etento &rArr; _btod_emul &rArr; _e2e
</UL>
<BR>[Calls]<UL><LI><a href="#[12d]">&gt;&gt;</a>&nbsp;&nbsp;&nbsp;_printf_fp_dec
</UL>

<P><STRONG><a name="[12f]"></a>_printf_g</STRONG> (Thumb, 0 bytes, Stack size unknown bytes, D:\Keil5\ARM\ARMCC\Bin\..\lib\armlib\c_w.l(_printf_g.o)(.ARM.Collect$$_printf_percent$$00000005))
<BR><BR>[Stack]<UL><LI>Max Depth = 324 + Unknown Stack Size
<LI>Call Chain = _printf_g &rArr; _printf_fp_dec &rArr; _printf_fp_dec_real &rArr; _fp_digits &rArr; _btod_etento &rArr; _btod_emul &rArr; _e2e
</UL>
<BR>[Calls]<UL><LI><a href="#[12d]">&gt;&gt;</a>&nbsp;&nbsp;&nbsp;_printf_fp_dec
</UL>

<P><STRONG><a name="[130]"></a>_printf_a</STRONG> (Thumb, 0 bytes, Stack size unknown bytes, D:\Keil5\ARM\ARMCC\Bin\..\lib\armlib\c_w.l(_printf_a.o)(.ARM.Collect$$_printf_percent$$00000006))
<BR><BR>[Stack]<UL><LI>Max Depth = 112 + Unknown Stack Size
<LI>Call Chain = _printf_a &rArr; _printf_fp_hex &rArr; _printf_fp_hex_real &rArr; _printf_fp_infnan &rArr; _printf_post_padding
</UL>
<BR>[Calls]<UL><LI><a href="#[131]">&gt;&gt;</a>&nbsp;&nbsp;&nbsp;_printf_fp_hex
</UL>

<P><STRONG><a name="[3eb]"></a>_printf_ll</STRONG> (Thumb, 0 bytes, Stack size unknown bytes, D:\Keil5\ARM\ARMCC\Bin\..\lib\armlib\c_w.l(_printf_ll.o)(.ARM.Collect$$_printf_percent$$00000007))

<P><STRONG><a name="[132]"></a>_printf_i</STRONG> (Thumb, 0 bytes, Stack size unknown bytes, D:\Keil5\ARM\ARMCC\Bin\..\lib\armlib\c_w.l(_printf_i.o)(.ARM.Collect$$_printf_percent$$00000008))
<BR><BR>[Stack]<UL><LI>Max Depth = 72 + Unknown Stack Size
<LI>Call Chain = _printf_i &rArr; _printf_int_dec &rArr; _printf_int_common &rArr; _printf_post_padding
</UL>
<BR>[Calls]<UL><LI><a href="#[133]">&gt;&gt;</a>&nbsp;&nbsp;&nbsp;_printf_int_dec
</UL>

<P><STRONG><a name="[134]"></a>_printf_d</STRONG> (Thumb, 0 bytes, Stack size unknown bytes, D:\Keil5\ARM\ARMCC\Bin\..\lib\armlib\c_w.l(_printf_d.o)(.ARM.Collect$$_printf_percent$$00000009))
<BR><BR>[Stack]<UL><LI>Max Depth = 72 + Unknown Stack Size
<LI>Call Chain = _printf_d &rArr; _printf_int_dec &rArr; _printf_int_common &rArr; _printf_post_padding
</UL>
<BR>[Calls]<UL><LI><a href="#[133]">&gt;&gt;</a>&nbsp;&nbsp;&nbsp;_printf_int_dec
</UL>

<P><STRONG><a name="[135]"></a>_printf_u</STRONG> (Thumb, 0 bytes, Stack size unknown bytes, D:\Keil5\ARM\ARMCC\Bin\..\lib\armlib\c_w.l(_printf_u.o)(.ARM.Collect$$_printf_percent$$0000000A))
<BR><BR>[Stack]<UL><LI>Max Depth = 72 + Unknown Stack Size
<LI>Call Chain = _printf_u &rArr; _printf_int_dec &rArr; _printf_int_common &rArr; _printf_post_padding
</UL>
<BR>[Calls]<UL><LI><a href="#[133]">&gt;&gt;</a>&nbsp;&nbsp;&nbsp;_printf_int_dec
</UL>

<P><STRONG><a name="[136]"></a>_printf_o</STRONG> (Thumb, 0 bytes, Stack size unknown bytes, D:\Keil5\ARM\ARMCC\Bin\..\lib\armlib\c_w.l(_printf_o.o)(.ARM.Collect$$_printf_percent$$0000000B))
<BR><BR>[Stack]<UL><LI>Max Depth = 64 + Unknown Stack Size
<LI>Call Chain = _printf_o &rArr; _printf_int_oct &rArr; _printf_longlong_oct &rArr; _printf_int_common &rArr; _printf_post_padding
</UL>
<BR>[Calls]<UL><LI><a href="#[137]">&gt;&gt;</a>&nbsp;&nbsp;&nbsp;_printf_int_oct
</UL>

<P><STRONG><a name="[138]"></a>_printf_x</STRONG> (Thumb, 0 bytes, Stack size unknown bytes, D:\Keil5\ARM\ARMCC\Bin\..\lib\armlib\c_w.l(_printf_x.o)(.ARM.Collect$$_printf_percent$$0000000C))
<BR><BR>[Stack]<UL><LI>Max Depth = 80 + Unknown Stack Size
<LI>Call Chain = _printf_x &rArr; _printf_int_hex &rArr; _printf_longlong_hex &rArr; _printf_int_common &rArr; _printf_post_padding
</UL>
<BR>[Calls]<UL><LI><a href="#[139]">&gt;&gt;</a>&nbsp;&nbsp;&nbsp;_printf_int_hex
</UL>

<P><STRONG><a name="[13a]"></a>_printf_lli</STRONG> (Thumb, 0 bytes, Stack size unknown bytes, D:\Keil5\ARM\ARMCC\Bin\..\lib\armlib\c_w.l(_printf_lli.o)(.ARM.Collect$$_printf_percent$$0000000D))
<BR><BR>[Stack]<UL><LI>Max Depth = 72 + Unknown Stack Size
<LI>Call Chain = _printf_lli &rArr; _printf_longlong_dec &rArr; _printf_int_common &rArr; _printf_post_padding
</UL>
<BR>[Calls]<UL><LI><a href="#[13b]">&gt;&gt;</a>&nbsp;&nbsp;&nbsp;_printf_longlong_dec
</UL>

<P><STRONG><a name="[13c]"></a>_printf_lld</STRONG> (Thumb, 0 bytes, Stack size unknown bytes, D:\Keil5\ARM\ARMCC\Bin\..\lib\armlib\c_w.l(_printf_lld.o)(.ARM.Collect$$_printf_percent$$0000000E))
<BR><BR>[Stack]<UL><LI>Max Depth = 72 + Unknown Stack Size
<LI>Call Chain = _printf_lld &rArr; _printf_longlong_dec &rArr; _printf_int_common &rArr; _printf_post_padding
</UL>
<BR>[Calls]<UL><LI><a href="#[13b]">&gt;&gt;</a>&nbsp;&nbsp;&nbsp;_printf_longlong_dec
</UL>

<P><STRONG><a name="[13d]"></a>_printf_llu</STRONG> (Thumb, 0 bytes, Stack size unknown bytes, D:\Keil5\ARM\ARMCC\Bin\..\lib\armlib\c_w.l(_printf_llu.o)(.ARM.Collect$$_printf_percent$$0000000F))
<BR><BR>[Stack]<UL><LI>Max Depth = 72 + Unknown Stack Size
<LI>Call Chain = _printf_llu &rArr; _printf_longlong_dec &rArr; _printf_int_common &rArr; _printf_post_padding
</UL>
<BR>[Calls]<UL><LI><a href="#[13b]">&gt;&gt;</a>&nbsp;&nbsp;&nbsp;_printf_longlong_dec
</UL>

<P><STRONG><a name="[13e]"></a>_printf_llo</STRONG> (Thumb, 0 bytes, Stack size unknown bytes, D:\Keil5\ARM\ARMCC\Bin\..\lib\armlib\c_w.l(_printf_llo.o)(.ARM.Collect$$_printf_percent$$00000010))
<BR><BR>[Stack]<UL><LI>Max Depth = 56 + Unknown Stack Size
<LI>Call Chain = _printf_llo &rArr; _printf_ll_oct &rArr; _printf_longlong_oct &rArr; _printf_int_common &rArr; _printf_post_padding
</UL>
<BR>[Calls]<UL><LI><a href="#[13f]">&gt;&gt;</a>&nbsp;&nbsp;&nbsp;_printf_ll_oct
</UL>

<P><STRONG><a name="[140]"></a>_printf_llx</STRONG> (Thumb, 0 bytes, Stack size unknown bytes, D:\Keil5\ARM\ARMCC\Bin\..\lib\armlib\c_w.l(_printf_llx.o)(.ARM.Collect$$_printf_percent$$00000011))
<BR><BR>[Stack]<UL><LI>Max Depth = 64 + Unknown Stack Size
<LI>Call Chain = _printf_llx &rArr; _printf_ll_hex &rArr; _printf_longlong_hex &rArr; _printf_int_common &rArr; _printf_post_padding
</UL>
<BR>[Calls]<UL><LI><a href="#[141]">&gt;&gt;</a>&nbsp;&nbsp;&nbsp;_printf_ll_hex
</UL>

<P><STRONG><a name="[3ec]"></a>_printf_l</STRONG> (Thumb, 0 bytes, Stack size unknown bytes, D:\Keil5\ARM\ARMCC\Bin\..\lib\armlib\c_w.l(_printf_l.o)(.ARM.Collect$$_printf_percent$$00000012))

<P><STRONG><a name="[142]"></a>_printf_c</STRONG> (Thumb, 0 bytes, Stack size unknown bytes, D:\Keil5\ARM\ARMCC\Bin\..\lib\armlib\c_w.l(_printf_c.o)(.ARM.Collect$$_printf_percent$$00000013))
<BR><BR>[Stack]<UL><LI>Max Depth = 40 + Unknown Stack Size
<LI>Call Chain = _printf_c &rArr; _printf_char &rArr; _printf_cs_common &rArr; _printf_str &rArr; _printf_post_padding
</UL>
<BR>[Calls]<UL><LI><a href="#[143]">&gt;&gt;</a>&nbsp;&nbsp;&nbsp;_printf_char
</UL>

<P><STRONG><a name="[144]"></a>_printf_s</STRONG> (Thumb, 0 bytes, Stack size unknown bytes, D:\Keil5\ARM\ARMCC\Bin\..\lib\armlib\c_w.l(_printf_s.o)(.ARM.Collect$$_printf_percent$$00000014))
<BR><BR>[Stack]<UL><LI>Max Depth = 40 + Unknown Stack Size
<LI>Call Chain = _printf_s &rArr; _printf_string &rArr; _printf_cs_common &rArr; _printf_str &rArr; _printf_post_padding
</UL>
<BR>[Calls]<UL><LI><a href="#[145]">&gt;&gt;</a>&nbsp;&nbsp;&nbsp;_printf_string
</UL>

<P><STRONG><a name="[146]"></a>_printf_lc</STRONG> (Thumb, 0 bytes, Stack size unknown bytes, D:\Keil5\ARM\ARMCC\Bin\..\lib\armlib\c_w.l(_printf_lc.o)(.ARM.Collect$$_printf_percent$$00000015))
<BR><BR>[Stack]<UL><LI>Max Depth = 88 + Unknown Stack Size
<LI>Call Chain = _printf_lc &rArr; _printf_wchar &rArr; _printf_lcs_common &rArr; _printf_wctomb &rArr; _wcrtomb &rArr; __rt_ctype_table
</UL>
<BR>[Calls]<UL><LI><a href="#[147]">&gt;&gt;</a>&nbsp;&nbsp;&nbsp;_printf_wchar
</UL>

<P><STRONG><a name="[148]"></a>_printf_ls</STRONG> (Thumb, 0 bytes, Stack size unknown bytes, D:\Keil5\ARM\ARMCC\Bin\..\lib\armlib\c_w.l(_printf_ls.o)(.ARM.Collect$$_printf_percent$$00000016))
<BR><BR>[Stack]<UL><LI>Max Depth = 88 + Unknown Stack Size
<LI>Call Chain = _printf_ls &rArr; _printf_wstring &rArr; _printf_lcs_common &rArr; _printf_wctomb &rArr; _wcrtomb &rArr; __rt_ctype_table
</UL>
<BR>[Calls]<UL><LI><a href="#[149]">&gt;&gt;</a>&nbsp;&nbsp;&nbsp;_printf_wstring
</UL>

<P><STRONG><a name="[3ed]"></a>_printf_percent_end</STRONG> (Thumb, 0 bytes, Stack size unknown bytes, D:\Keil5\ARM\ARMCC\Bin\..\lib\armlib\c_w.l(_printf_percent_end.o)(.ARM.Collect$$_printf_percent$$00000017))

<P><STRONG><a name="[15b]"></a>__rt_lib_init</STRONG> (Thumb, 0 bytes, Stack size unknown bytes, D:\Keil5\ARM\ARMCC\Bin\..\lib\armlib\c_w.l(libinit.o)(.ARM.Collect$$libinit$$00000000))
<BR><BR>[Called By]<UL><LI><a href="#[15a]">&gt;&gt;</a>&nbsp;&nbsp;&nbsp;__rt_entry_li
</UL>

<P><STRONG><a name="[14a]"></a>__rt_lib_init_fp_1</STRONG> (Thumb, 0 bytes, Stack size unknown bytes, D:\Keil5\ARM\ARMCC\Bin\..\lib\armlib\c_w.l(libinit2.o)(.ARM.Collect$$libinit$$00000001))
<BR><BR>[Calls]<UL><LI><a href="#[14b]">&gt;&gt;</a>&nbsp;&nbsp;&nbsp;_fp_init
</UL>

<P><STRONG><a name="[14c]"></a>__rt_lib_init_heap_2</STRONG> (Thumb, 0 bytes, Stack size unknown bytes, D:\Keil5\ARM\ARMCC\Bin\..\lib\armlib\c_w.l(libinit2.o)(.ARM.Collect$$libinit$$00000005))
<BR><BR>[Stack]<UL><LI>Max Depth = 64 + Unknown Stack Size
<LI>Call Chain = __rt_lib_init_heap_2 &rArr; _init_alloc &rArr; __rt_SIGRTMEM &rArr; __rt_SIGRTMEM_inner &rArr; __default_signal_display &rArr; _ttywrch
</UL>
<BR>[Calls]<UL><LI><a href="#[14d]">&gt;&gt;</a>&nbsp;&nbsp;&nbsp;_init_alloc
</UL>

<P><STRONG><a name="[3ee]"></a>__rt_lib_init_preinit_1</STRONG> (Thumb, 0 bytes, Stack size unknown bytes, D:\Keil5\ARM\ARMCC\Bin\..\lib\armlib\c_w.l(libinit2.o)(.ARM.Collect$$libinit$$00000004))

<P><STRONG><a name="[3ef]"></a>__rt_lib_init_heap_1</STRONG> (Thumb, 0 bytes, Stack size unknown bytes, D:\Keil5\ARM\ARMCC\Bin\..\lib\armlib\c_w.l(libinit2.o)(.ARM.Collect$$libinit$$0000000A))

<P><STRONG><a name="[14e]"></a>__rt_lib_init_lc_common</STRONG> (Thumb, 0 bytes, Stack size unknown bytes, D:\Keil5\ARM\ARMCC\Bin\..\lib\armlib\c_w.l(libinit2.o)(.ARM.Collect$$libinit$$0000000F))
<BR><BR>[Calls]<UL><LI><a href="#[14f]">&gt;&gt;</a>&nbsp;&nbsp;&nbsp;__rt_locale
</UL>

<P><STRONG><a name="[3f0]"></a>__rt_lib_init_rand_1</STRONG> (Thumb, 0 bytes, Stack size unknown bytes, D:\Keil5\ARM\ARMCC\Bin\..\lib\armlib\c_w.l(libinit2.o)(.ARM.Collect$$libinit$$0000000E))

<P><STRONG><a name="[3f1]"></a>__rt_lib_init_user_alloc_1</STRONG> (Thumb, 0 bytes, Stack size unknown bytes, D:\Keil5\ARM\ARMCC\Bin\..\lib\armlib\c_w.l(libinit2.o)(.ARM.Collect$$libinit$$0000000C))

<P><STRONG><a name="[3f2]"></a>__rt_lib_init_lc_collate_1</STRONG> (Thumb, 0 bytes, Stack size unknown bytes, D:\Keil5\ARM\ARMCC\Bin\..\lib\armlib\c_w.l(libinit2.o)(.ARM.Collect$$libinit$$00000011))

<P><STRONG><a name="[150]"></a>__rt_lib_init_lc_ctype_2</STRONG> (Thumb, 0 bytes, Stack size unknown bytes, D:\Keil5\ARM\ARMCC\Bin\..\lib\armlib\c_w.l(libinit2.o)(.ARM.Collect$$libinit$$00000012))
<BR><BR>[Stack]<UL><LI>Max Depth = 8 + Unknown Stack Size
<LI>Call Chain = __rt_lib_init_lc_ctype_2 &rArr; _get_lc_ctype
</UL>
<BR>[Calls]<UL><LI><a href="#[87]">&gt;&gt;</a>&nbsp;&nbsp;&nbsp;_get_lc_ctype
</UL>

<P><STRONG><a name="[3f3]"></a>__rt_lib_init_lc_ctype_1</STRONG> (Thumb, 0 bytes, Stack size unknown bytes, D:\Keil5\ARM\ARMCC\Bin\..\lib\armlib\c_w.l(libinit2.o)(.ARM.Collect$$libinit$$00000013))

<P><STRONG><a name="[3f4]"></a>__rt_lib_init_lc_monetary_1</STRONG> (Thumb, 0 bytes, Stack size unknown bytes, D:\Keil5\ARM\ARMCC\Bin\..\lib\armlib\c_w.l(libinit2.o)(.ARM.Collect$$libinit$$00000015))

<P><STRONG><a name="[151]"></a>__rt_lib_init_lc_numeric_2</STRONG> (Thumb, 0 bytes, Stack size unknown bytes, D:\Keil5\ARM\ARMCC\Bin\..\lib\armlib\c_w.l(libinit2.o)(.ARM.Collect$$libinit$$00000016))
<BR><BR>[Stack]<UL><LI>Max Depth = 8 + Unknown Stack Size
<LI>Call Chain = __rt_lib_init_lc_numeric_2 &rArr; _get_lc_numeric
</UL>
<BR>[Calls]<UL><LI><a href="#[152]">&gt;&gt;</a>&nbsp;&nbsp;&nbsp;_get_lc_numeric
</UL>

<P><STRONG><a name="[3f5]"></a>__rt_lib_init_atexit_1</STRONG> (Thumb, 0 bytes, Stack size unknown bytes, D:\Keil5\ARM\ARMCC\Bin\..\lib\armlib\c_w.l(libinit2.o)(.ARM.Collect$$libinit$$0000001B))

<P><STRONG><a name="[3f6]"></a>__rt_lib_init_clock_1</STRONG> (Thumb, 0 bytes, Stack size unknown bytes, D:\Keil5\ARM\ARMCC\Bin\..\lib\armlib\c_w.l(libinit2.o)(.ARM.Collect$$libinit$$00000021))

<P><STRONG><a name="[3f7]"></a>__rt_lib_init_fp_trap_1</STRONG> (Thumb, 0 bytes, Stack size unknown bytes, D:\Keil5\ARM\ARMCC\Bin\..\lib\armlib\c_w.l(libinit2.o)(.ARM.Collect$$libinit$$0000001F))

<P><STRONG><a name="[3f8]"></a>__rt_lib_init_getenv_1</STRONG> (Thumb, 0 bytes, Stack size unknown bytes, D:\Keil5\ARM\ARMCC\Bin\..\lib\armlib\c_w.l(libinit2.o)(.ARM.Collect$$libinit$$00000023))

[...]
</UL>
<BR>[Address Reference Count : 1]<UL><LI> stm32f4xx_hal_spi.o(i.HAL_SPI_Transmit_IT)
</UL>
<P><STRONG><a name="[22d]"></a>SPI_WaitFlagStateUntilTimeout</STRONG> (Thumb, 160 bytes, Stack size 24 bytes, .\build\stm32f4xx_hal_spi.o(i.SPI_WaitFlagStateUntilTimeout))
<BR><BR>[Stack]<UL><LI>Max Depth = 24<LI>Call Chain = SPI_WaitFlagStateUntilTimeout
</UL>
<BR>[Calls]<UL><LI><a href="#[1fd]">&gt;&gt;</a>&nbsp;&nbsp;&nbsp;HAL_GetTick
</UL>
<BR>[Called By]<UL><LI><a href="#[215]">&gt;&gt;</a>&nbsp;&nbsp;&nbsp;SPI_CheckFlag_BSY
</UL>

<P><STRONG><a name="[214]"></a>SPI_WaitTXEFlagStateUntilTimeout</STRONG> (Thumb, 150 bytes, Stack size 16 bytes, .\build\stm32f4xx_hal_spi.o(i.SPI_WaitTXEFlagStateUntilTimeout))
<BR><BR>[Stack]<UL><LI>Max Depth = 16<LI>Call Chain = SPI_WaitTXEFlagStateUntilTimeout
</UL>
<BR>[Calls]<UL><LI><a href="#[1fd]">&gt;&gt;</a>&nbsp;&nbsp;&nbsp;HAL_GetTick
</UL>
<BR>[Called By]<UL><LI><a href="#[213]">&gt;&gt;</a>&nbsp;&nbsp;&nbsp;HAL_SPI_Transmit
</UL>

<P><STRONG><a name="[21c]"></a>TIM_OC1_SetConfig</STRONG> (Thumb, 102 bytes, Stack size 12 bytes, .\build\stm32f4xx_hal_tim.o(i.TIM_OC1_SetConfig))
<BR><BR>[Stack]<UL><LI>Max Depth = 12<LI>Call Chain = TIM_OC1_SetConfig
</UL>
<BR>[Called By]<UL><LI><a href="#[21b]">&gt;&gt;</a>&nbsp;&nbsp;&nbsp;HAL_TIM_PWM_ConfigChannel
</UL>

<P><STRONG><a name="[21e]"></a>TIM_OC3_SetConfig</STRONG> (Thumb, 110 bytes, Stack size 12 bytes, .\build\stm32f4xx_hal_tim.o(i.TIM_OC3_SetConfig))
<BR><BR>[Stack]<UL><LI>Max Depth = 12<LI>Call Chain = TIM_OC3_SetConfig
</UL>
<BR>[Called By]<UL><LI><a href="#[21b]">&gt;&gt;</a>&nbsp;&nbsp;&nbsp;HAL_TIM_PWM_ConfigChannel
</UL>

<P><STRONG><a name="[21f]"></a>TIM_OC4_SetConfig</STRONG> (Thumb, 88 bytes, Stack size 12 bytes, .\build\stm32f4xx_hal_tim.o(i.TIM_OC4_SetConfig))
<BR><BR>[Stack]<UL><LI>Max Depth = 12<LI>Call Chain = TIM_OC4_SetConfig
</UL>
<BR>[Called By]<UL><LI><a href="#[21b]">&gt;&gt;</a>&nbsp;&nbsp;&nbsp;HAL_TIM_PWM_ConfigChannel
</UL>

<P><STRONG><a name="[217]"></a>TIM_CCxNChannelCmd</STRONG> (Thumb, 28 bytes, Stack size 12 bytes, .\build\stm32f4xx_hal_tim_ex.o(i.TIM_CCxNChannelCmd))
<BR><BR>[Stack]<UL><LI>Max Depth = 12<LI>Call Chain = TIM_CCxNChannelCmd
</UL>
<BR>[Called By]<UL><LI><a href="#[216]">&gt;&gt;</a>&nbsp;&nbsp;&nbsp;HAL_TIMEx_PWMN_Start
</UL>

<P><STRONG><a name="[93]"></a>UART_DMAAbortOnError</STRONG> (Thumb, 20 bytes, Stack size 16 bytes, .\build\stm32f4xx_hal_uart.o(i.UART_DMAAbortOnError))
<BR><BR>[Stack]<UL><LI>Max Depth = 24<LI>Call Chain = UART_DMAAbortOnError &rArr; HAL_UART_ErrorCallback
</UL>
<BR>[Calls]<UL><LI><a href="#[226]">&gt;&gt;</a>&nbsp;&nbsp;&nbsp;HAL_UART_ErrorCallback
</UL>
<BR>[Address Reference Count : 1]<UL><LI> stm32f4xx_hal_uart.o(i.HAL_UART_IRQHandler)
</UL>
<P><STRONG><a name="[225]"></a>UART_EndRxTransfer</STRONG> (Thumb, 32 bytes, Stack size 0 bytes, .\build\stm32f4xx_hal_uart.o(i.UART_EndRxTransfer))
<BR><BR>[Called By]<UL><LI><a href="#[223]">&gt;&gt;</a>&nbsp;&nbsp;&nbsp;HAL_UART_IRQHandler
</UL>

<P><STRONG><a name="[228]"></a>UART_EndTransmit_IT</STRONG> (Thumb, 32 bytes, Stack size 8 bytes, .\build\stm32f4xx_hal_uart.o(i.UART_EndTransmit_IT))
<BR><BR>[Stack]<UL><LI>Max Depth = 8<LI>Call Chain = UART_EndTransmit_IT
</UL>
<BR>[Calls]<UL><LI><a href="#[23f]">&gt;&gt;</a>&nbsp;&nbsp;&nbsp;HAL_UART_TxCpltCallback
</UL>
<BR>[Called By]<UL><LI><a href="#[223]">&gt;&gt;</a>&nbsp;&nbsp;&nbsp;HAL_UART_IRQHandler
</UL>

<P><STRONG><a name="[224]"></a>UART_Receive_IT</STRONG> (Thumb, 154 bytes, Stack size 16 bytes, .\build\stm32f4xx_hal_uart.o(i.UART_Receive_IT))
<BR><BR>[Stack]<UL><LI>Max Depth = 16<LI>Call Chain = UART_Receive_IT
</UL>
<BR>[Calls]<UL><LI><a href="#[240]">&gt;&gt;</a>&nbsp;&nbsp;&nbsp;HAL_UART_RxCpltCallback
</UL>
<BR>[Called By]<UL><LI><a href="#[223]">&gt;&gt;</a>&nbsp;&nbsp;&nbsp;HAL_UART_IRQHandler
</UL>

<P><STRONG><a name="[22b]"></a>UART_SetConfig</STRONG> (Thumb, 864 bytes, Stack size 24 bytes, .\build\stm32f4xx_hal_uart.o(i.UART_SetConfig))
<BR><BR>[Stack]<UL><LI>Max Depth = 28<LI>Call Chain = UART_SetConfig &rArr; HAL_RCC_GetPCLK1Freq
</UL>
<BR>[Calls]<UL><LI><a href="#[202]">&gt;&gt;</a>&nbsp;&nbsp;&nbsp;HAL_RCC_GetPCLK1Freq
<LI><a href="#[20a]">&gt;&gt;</a>&nbsp;&nbsp;&nbsp;HAL_RCC_GetPCLK2Freq
</UL>
<BR>[Called By]<UL><LI><a href="#[229]">&gt;&gt;</a>&nbsp;&nbsp;&nbsp;HAL_UART_Init
</UL>

<P><STRONG><a name="[227]"></a>UART_Transmit_IT</STRONG> (Thumb, 104 bytes, Stack size 0 bytes, .\build\stm32f4xx_hal_uart.o(i.UART_Transmit_IT))
<BR><BR>[Called By]<UL><LI><a href="#[223]">&gt;&gt;</a>&nbsp;&nbsp;&nbsp;HAL_UART_IRQHandler
</UL>

<P><STRONG><a name="[398]"></a>LL_SPI_ReceiveData16</STRONG> (Thumb, 8 bytes, Stack size 0 bytes, .\build\stm_spi_api.o(i.LL_SPI_ReceiveData16))
<BR><BR>[Called By]<UL><LI><a href="#[2e2]">&gt;&gt;</a>&nbsp;&nbsp;&nbsp;spi_master_write
</UL>

<P><STRONG><a name="[399]"></a>LL_SPI_ReceiveData8</STRONG> (Thumb, 8 bytes, Stack size 0 bytes, .\build\stm_spi_api.o(i.LL_SPI_ReceiveData8))
<BR><BR>[Called By]<UL><LI><a href="#[2e2]">&gt;&gt;</a>&nbsp;&nbsp;&nbsp;spi_master_write
</UL>

<P><STRONG><a name="[395]"></a>__NVIC_ClearPendingIRQ</STRONG> (Thumb, 22 bytes, Stack size 0 bytes, .\build\stm_spi_api.o(i.__NVIC_ClearPendingIRQ))
<BR><BR>[Called By]<UL><LI><a href="#[2df]">&gt;&gt;</a>&nbsp;&nbsp;&nbsp;spi_irq_handler_asynch
<LI><a href="#[396]">&gt;&gt;</a>&nbsp;&nbsp;&nbsp;spi_master_start_asynch_transfer
</UL>

<P><STRONG><a name="[394]"></a>__NVIC_DisableIRQ</STRONG> (Thumb, 54 bytes, Stack size 0 bytes, .\build\stm_spi_api.o(i.__NVIC_DisableIRQ))
<BR><BR>[Called By]<UL><LI><a href="#[2df]">&gt;&gt;</a>&nbsp;&nbsp;&nbsp;spi_irq_handler_asynch
<LI><a href="#[396]">&gt;&gt;</a>&nbsp;&nbsp;&nbsp;spi_master_start_asynch_transfer
</UL>

<P><STRONG><a name="[396]"></a>spi_master_start_asynch_transfer</STRONG> (Thumb, 238 bytes, Stack size 48 bytes, .\build\stm_spi_api.o(i.spi_master_start_asynch_transfer))
<BR><BR>[Stack]<UL><LI>Max Depth = 88 + Unknown Stack Size
<LI>Call Chain = spi_master_start_asynch_transfer &rArr; HAL_SPI_Receive_IT &rArr; HAL_SPI_TransmitReceive_IT
</UL>
<BR>[Calls]<UL><LI><a href="#[397]">&gt;&gt;</a>&nbsp;&nbsp;&nbsp;HAL_SPI_Transmit_IT
<LI><a href="#[212]">&gt;&gt;</a>&nbsp;&nbsp;&nbsp;HAL_SPI_TransmitReceive_IT
<LI><a href="#[211]">&gt;&gt;</a>&nbsp;&nbsp;&nbsp;HAL_SPI_Receive_IT
<LI><a href="#[394]">&gt;&gt;</a>&nbsp;&nbsp;&nbsp;__NVIC_DisableIRQ
<LI><a href="#[395]">&gt;&gt;</a>&nbsp;&nbsp;&nbsp;__NVIC_ClearPendingIRQ
<LI><a href="#[189]">&gt;&gt;</a>&nbsp;&nbsp;&nbsp;__aeabi_memset
</UL>
<BR>[Called By]<UL><LI><a href="#[2dd]">&gt;&gt;</a>&nbsp;&nbsp;&nbsp;spi_master_transfer
</UL>

<P><STRONG><a name="[11f]"></a>__sti___18_PositionSensor_cpp_a48976ac</STRONG> (Thumb, 20 bytes, Stack size 8 bytes, .\build\positionsensor.o(i.__sti___18_PositionSensor_cpp_a48976ac))
<BR><BR>[Stack]<UL><LI>Max Depth = 1032 + Unknown Stack Size
<LI>Call Chain = __sti___18_PositionSensor_cpp_a48976ac &rArr; std::ios_base::Init::Init() &rArr; std::basic_ostream&lang;wchar_t, std::char_traits&lang;wchar_t&rang;&rang;::basic_ostream(std::basic_streambuf&lang;wchar_t, std::char_traits&lang;wchar_t&rang;&rang;*) &rArr; std::basic_ios&lang;wchar_t, std::char_traits&lang;wchar_t&rang;&rang;::init(std::basic_streambuf&lang;wchar_t, std::char_traits&lang;wchar_t&rang;&rang;*) &rArr; std::locale::_C_use_facet(const std::locale::id&, bool, int, __rw::__rw_facet_base*(*)(int, const char*, unsigned)) const &rArr; std::locale::_C_make_facet(const std::locale::id&, bool, int, __rw::__rw_facet_base*(*)(int, const char*, unsigned)) const &rArr; std::locale::locale(__rw::__rw_locale_imp*) &rArr; std::locale::_C_init() &rArr; __rw::__rw_locale_imp::__rw_locale_imp(const char*, unsigned, unsigned) &rArr; std::basic_string&lang;char, std::char_traits&lang;char&rang;, std::allocator&lang;char&rang;&rang;::operator =(const std::basic_string&lang;char, std::char_traits&lang;char&rang;, std::allocator&lang;char&rang;&rang;&) &rArr; std::basic_string&lang;char, std::char_traits&lang;char&rang;, std::allocator&lang;char&rang;&rang;::replace(unsigned, unsigned, const char*, unsigned) &rArr; std::basic_string&lang;char, std::char_traits&lang;char&rang;, std::allocator&lang;char&rang;&rang;::replace(unsigned, unsigned, const char*, unsigned, unsigned, unsigned) &rArr; std::basic_string&lang;char, std::char_traits&lang;char&rang;, std::allocator&lang;char&rang;&rang;::_C_getRep(unsigned, unsigned) &rArr; __rw::__rw_allocate(unsigned, int) &rArr; __rw::__rw_throw(int, ...) &rArr; std::__rw_exception::_C_vformat(int, std::__va_list) &rArr; [local to rwstdexcept_cpp]::__rw::__rw_vfmatstr(char*, unsigned, int, std::__va_list) &rArr; [local to rwstdexcept_cpp]::__rw::__rw_vfmatstr(char*, unsigned, const char*, std::__va_list) &rArr; operator new[] (unsigned) &rArr; error &rArr; exit &rArr; mbed_die &rArr; gpio_init_out &rArr; gpio_init_out_ex &rArr; _gpio_init_out &rArr; gpio_mode &rArr; pin_mode &rArr; mbed_assert_internal &rArr;  mbed_die (Cycle)
</UL>
<BR>[Calls]<UL><LI><a href="#[337]">&gt;&gt;</a>&nbsp;&nbsp;&nbsp;__aeabi_atexit
<LI><a href="#[33a]">&gt;&gt;</a>&nbsp;&nbsp;&nbsp;std::ios_base::Init::Init()
</UL>
<BR>[Address Reference Count : 1]<UL><LI> positionsensor.o(.init_array)
</UL>
<P><STRONG><a name="[295]"></a>[local to rwstdexcept_cpp]::__rw::__rw_vfmatstr(char*, unsigned, const char*, std::__va_list)</STRONG> (Thumb, 88 bytes, Stack size 24 bytes, D:\Keil5\ARM\ARMCC\Bin\..\lib\cpplib\cpp_ws.l(rwstdexcept.o)(i._ZN37_INTERNAL_15_rwstdexcept_cpp_8697b68a4__rw13__rw_vfmatstrEPcjPKcSt9__va_list))
<BR><BR>[Stack]<UL><LI>Max Depth = 520 + Unknown Stack Size
<LI>Call Chain = [local to rwstdexcept_cpp]::__rw::__rw_vfmatstr(char*, unsigned, const char*, std::__va_list) &rArr; operator new[] (unsigned) &rArr; error &rArr; exit &rArr; mbed_die &rArr; gpio_init_out &rArr; gpio_init_out_ex &rArr; _gpio_init_out &rArr; gpio_mode &rArr; pin_mode &rArr; mbed_assert_internal &rArr;  mbed_die (Cycle)
</UL>
<BR>[Calls]<UL><LI><a href="#[27d]">&gt;&gt;</a>&nbsp;&nbsp;&nbsp;operator new[] (unsigned)
<LI><a href="#[a1]">&gt;&gt;</a>&nbsp;&nbsp;&nbsp;operator delete[] (void*)
<LI><a href="#[163]">&gt;&gt;</a>&nbsp;&nbsp;&nbsp;vsnprintf
</UL>
<BR>[Called By]<UL><LI><a href="#[29d]">&gt;&gt;</a>&nbsp;&nbsp;&nbsp;std::__rw_exception::_C_vformat(int, std::__va_list)
<LI><a href="#[296]">&gt;&gt;</a>&nbsp;&nbsp;&nbsp;[local to rwstdexcept_cpp]::__rw::__rw_vfmatstr(char*, unsigned, int, std::__va_list)
</UL>

<P><STRONG><a name="[296]"></a>[local to rwstdexcept_cpp]::__rw::__rw_vfmatstr(char*, unsigned, int, std::__va_list)</STRONG> (Thumb, 296 bytes, Stack size 88 bytes, D:\Keil5\ARM\ARMCC\Bin\..\lib\cpplib\cpp_ws.l(rwstdexcept.o)(i._ZN37_INTERNAL_15_rwstdexcept_cpp_8697b68a4__rw13__rw_vfmatstrEPcjiSt9__va_list))
<BR><BR>[Stack]<UL><LI>Max Depth = 608 + Unknown Stack Size
<LI>Call Chain = [local to rwstdexcept_cpp]::__rw::__rw_vfmatstr(char*, unsigned, int, std::__va_list) &rArr; [local to rwstdexcept_cpp]::__rw::__rw_vfmatstr(char*, unsigned, const char*, std::__va_list) &rArr; operator new[] (unsigned) &rArr; error &rArr; exit &rArr; mbed_die &rArr; gpio_init_out &rArr; gpio_init_out_ex &rArr; _gpio_init_out &rArr; gpio_mode &rArr; pin_mode &rArr; mbed_assert_internal &rArr;  mbed_die (Cycle)
</UL>
<BR>[Calls]<UL><LI><a href="#[298]">&gt;&gt;</a>&nbsp;&nbsp;&nbsp;std::basic_string&lang;char, std::char_traits&lang;char&rang;, std::allocator&lang;char&rang;&rang;::basic_string(const char*, const std::allocator&lang;char&rang;&)
<LI><a href="#[297]">&gt;&gt;</a>&nbsp;&nbsp;&nbsp;strrchr
<LI><a href="#[295]">&gt;&gt;</a>&nbsp;&nbsp;&nbsp;[local to rwstdexcept_cpp]::__rw::__rw_vfmatstr(char*, unsigned, const char*, std::__va_list)
<LI><a href="#[98]">&gt;&gt;</a>&nbsp;&nbsp;&nbsp;std::basic_string&lang;char, std::char_traits&lang;char&rang;, std::allocator&lang;char&rang;&rang;::~basic_string()
<LI><a href="#[299]">&gt;&gt;</a>&nbsp;&nbsp;&nbsp;std::basic_string&lang;char, std::char_traits&lang;char&rang;, std::allocator&lang;char&rang;&rang;::basic_string(const std::basic_string&lang;char, std::char_traits&lang;char&rang;, std::allocator&lang;char&rang;&rang;&)
<LI><a href="#[9f]">&gt;&gt;</a>&nbsp;&nbsp;&nbsp;std::locale::~locale()
<LI><a href="#[29a]">&gt;&gt;</a>&nbsp;&nbsp;&nbsp;std::locale::locale()
<LI><a href="#[173]">&gt;&gt;</a>&nbsp;&nbsp;&nbsp;sscanf
</UL>
<BR>[Called By]<UL><LI><a href="#[29d]">&gt;&gt;</a>&nbsp;&nbsp;&nbsp;std::__rw_exception::_C_vformat(int, std::__va_list)
</UL>

<P><STRONG><a name="[3df]"></a>_dadd1</STRONG> (Thumb, 0 bytes, Stack size unknown bytes, D:\Keil5\ARM\ARMCC\Bin\..\lib\armlib\fz_wm.l(daddsub_clz.o)(x$fpl$dadd), UNUSED)
<BR><BR>[Called By]<UL><LI><a href="#[3e0]">&gt;&gt;</a>&nbsp;&nbsp;&nbsp;_dsub
<LI><a href="#[3de]">&gt;&gt;</a>&nbsp;&nbsp;&nbsp;_drsb
</UL>

<P><STRONG><a name="[3d1]"></a>_dsub1</STRONG> (Thumb, 0 bytes, Stack size unknown bytes, D:\Keil5\ARM\ARMCC\Bin\..\lib\armlib\fz_wm.l(daddsub_clz.o)(x$fpl$dsub), UNUSED)
<BR><BR>[Called By]<UL><LI><a href="#[3de]">&gt;&gt;</a>&nbsp;&nbsp;&nbsp;_drsb
<LI><a href="#[3d0]">&gt;&gt;</a>&nbsp;&nbsp;&nbsp;_dadd
</UL>

<P><STRONG><a name="[194]"></a>_fp_digits</STRONG> (Thumb, 432 bytes, Stack size 96 bytes, D:\Keil5\ARM\ARMCC\Bin\..\lib\armlib\c_w.l(_printf_fp_dec.o)(.text))
<BR><BR>[Stack]<UL><LI>Max Depth = 220<LI>Call Chain = _fp_digits &rArr; _btod_etento &rArr; _btod_emul &rArr; _e2e
</UL>
<BR>[Calls]<UL><LI><a href="#[198]">&gt;&gt;</a>&nbsp;&nbsp;&nbsp;_btod_emul
<LI><a href="#[197]">&gt;&gt;</a>&nbsp;&nbsp;&nbsp;_btod_ediv
<LI><a href="#[196]">&gt;&gt;</a>&nbsp;&nbsp;&nbsp;_btod_d2e
<LI><a href="#[195]">&gt;&gt;</a>&nbsp;&nbsp;&nbsp;_btod_etento
<LI><a href="#[199]">&gt;&gt;</a>&nbsp;&nbsp;&nbsp;_ll_udiv10
</UL>
<BR>[Called By]<UL><LI><a href="#[19a]">&gt;&gt;</a>&nbsp;&nbsp;&nbsp;_printf_fp_dec_real
</UL>

<P><STRONG><a name="[83]"></a>_printf_input_char</STRONG> (Thumb, 10 bytes, Stack size 0 bytes, D:\Keil5\ARM\ARMCC\Bin\..\lib\armlib\c_w.l(_printf_char_common.o)(.text))
<BR>[Address Reference Count : 1]<UL><LI> _printf_char_common.o(.text)
</UL>
<P><STRONG><a name="[85]"></a>_scanf_char_input</STRONG> (Thumb, 12 bytes, Stack size 0 bytes, D:\Keil5\ARM\ARMCC\Bin\..\lib\armlib\c_w.l(scanf_char.o)(.text))
<BR>[Address Reference Count : 1]<UL><LI> scanf_char.o(.text)
</UL>
<P><STRONG><a name="[1a6]"></a>_local_sscanf</STRONG> (Thumb, 60 bytes, Stack size 56 bytes, D:\Keil5\ARM\ARMCC\Bin\..\lib\armlib\c_w.l(strtod.o)(.text))
<BR><BR>[Stack]<UL><LI>Max Depth = 396<LI>Call Chain = _local_sscanf &rArr; _scanf_real &rArr; _scanf_really_real &rArr; _fp_value &rArr; _btod_etento &rArr; _btod_emul &rArr; _e2e
</UL>
<BR>[Calls]<UL><LI><a href="#[1a7]">&gt;&gt;</a>&nbsp;&nbsp;&nbsp;_scanf_real
</UL>
<BR>[Called By]<UL><LI><a href="#[1a8]">&gt;&gt;</a>&nbsp;&nbsp;&nbsp;__strtod_int
</UL>

<P><STRONG><a name="[120]"></a>__sti___8_char_cpp_a3dc957a</STRONG> (Thumb, 12 bytes, Stack size 0 bytes, D:\Keil5\ARM\ARMCC\Bin\..\lib\cpplib\cpp_ws.l(char.o)(i.__sti___8_char_cpp_a3dc957a))
<BR>[Address Reference Count : 1]<UL><LI> char.o(.init_array)
</UL>
<P><STRONG><a name="[99]"></a>&lang;Func5&rang;</STRONG> (Thumb, 20 bytes, Stack size 16 bytes, D:\Keil5\ARM\ARMCC\Bin\..\lib\cpplib\cpp_ws.l(locale.o)(i.<Func5>))
<BR><BR>[Stack]<UL><LI>Max Depth = 24<LI>Call Chain = &lang;Func5&rang; &rArr; std::basic_string&lang;char, std::char_traits&lang;char&rang;, std::allocator&lang;char&rang;&rang;::basic_string(const std::allocator&lang;char&rang;&)
</UL>
<BR>[Calls]<UL><LI><a href="#[1f5]">&gt;&gt;</a>&nbsp;&nbsp;&nbsp;std::basic_string&lang;char, std::char_traits&lang;char&rang;, std::allocator&lang;char&rang;&rang;::basic_string(const std::allocator&lang;char&rang;&)
</UL>
<BR>[Address Reference Count : 1]<UL><LI> locale.o(i._ZN4__rw15__rw_locale_impC1EPKcjj)
</UL>
<P><STRONG><a name="[121]"></a>__sti___10_locale_cpp_ff99fc7b</STRONG> (Thumb, 12 bytes, Stack size 0 bytes, D:\Keil5\ARM\ARMCC\Bin\..\lib\cpplib\cpp_ws.l(locale.o)(i.__sti___10_locale_cpp_ff99fc7b))
<BR>[Address Reference Count : 1]<UL><LI> locale.o(.init_array)
</UL>
<P><STRONG><a name="[1d0]"></a>_fp_value</STRONG> (Thumb, 588 bytes, Stack size 96 bytes, D:\Keil5\ARM\ARMCC\Bin\..\lib\armlib\c_w.l(scanf_fp.o)(.text))
<BR><BR>[Stack]<UL><LI>Max Depth = 220<LI>Call Chain = _fp_value &rArr; _btod_etento &rArr; _btod_emul &rArr; _e2e
</UL>
<BR>[Calls]<UL><LI><a href="#[e]">&gt;&gt;</a>&nbsp;&nbsp;&nbsp;__ieee_status
<LI><a href="#[1d1]">&gt;&gt;</a>&nbsp;&nbsp;&nbsp;_btod_emuld
<LI><a href="#[1d2]">&gt;&gt;</a>&nbsp;&nbsp;&nbsp;_btod_edivd
<LI><a href="#[195]">&gt;&gt;</a>&nbsp;&nbsp;&nbsp;_btod_etento
<LI><a href="#[176]">&gt;&gt;</a>&nbsp;&nbsp;&nbsp;__aeabi_errno_addr
</UL>
<BR>[Called By]<UL><LI><a href="#[1d3]">&gt;&gt;</a>&nbsp;&nbsp;&nbsp;_scanf_really_real
</UL>

<P><STRONG><a name="[122]"></a>__sti___10_rwcats_cpp_64e8068e</STRONG> (Thumb, 42 bytes, Stack size 16 bytes, D:\Keil5\ARM\ARMCC\Bin\..\lib\cpplib\cpp_ws.l(rwcats.o)(i.__sti___10_rwcats_cpp_64e8068e))
<BR><BR>[Stack]<UL><LI>Max Depth = 512 + Unknown Stack Size
<LI>Call Chain = __sti___10_rwcats_cpp_64e8068e &rArr; operator new[] (unsigned) &rArr; error &rArr; exit &rArr; mbed_die &rArr; gpio_init_out &rArr; gpio_init_out_ex &rArr; _gpio_init_out &rArr; gpio_mode &rArr; pin_mode &rArr; mbed_assert_internal &rArr;  mbed_die (Cycle)
</UL>
<BR>[Calls]<UL><LI><a href="#[27d]">&gt;&gt;</a>&nbsp;&nbsp;&nbsp;operator new[] (unsigned)
<LI><a href="#[337]">&gt;&gt;</a>&nbsp;&nbsp;&nbsp;__aeabi_atexit
</UL>
<BR>[Address Reference Count : 1]<UL><LI> rwcats.o(.init_array)
</UL>
<P><STRONG><a name="[88]"></a>[local to arm_exceptions_c]::__default_terminate_handler()</STRONG> (Thumb, 6 bytes, Stack size 8 bytes, D:\Keil5\ARM\ARMCC\Bin\..\lib\cpplib\cpprt_w.l(arm_exceptions_globs.o)(.text))
<BR><BR>[Stack]<UL><LI>Max Depth = 56<LI>Call Chain = [local to arm_exceptions_c]::__default_terminate_handler() &rArr; abort &rArr; __rt_SIGABRT &rArr; __rt_SIGABRT_inner &rArr; __default_signal_display &rArr; _ttywrch
</UL>
<BR>[Calls]<UL><LI><a href="#[1c0]">&gt;&gt;</a>&nbsp;&nbsp;&nbsp;abort
</UL>
<BR>[Address Reference Count : 1]<UL><LI> arm_exceptions_globs.o(.text)
</UL>
<P><STRONG><a name="[1e5]"></a>_locale_name</STRONG> (Thumb, 154 bytes, Stack size 16 bytes, D:\Keil5\ARM\ARMCC\Bin\..\lib\armlib\c_w.l(locale_r.o)(.text))
<BR><BR>[Stack]<UL><LI>Max Depth = 16<LI>Call Chain = _locale_name
</UL>
<BR>[Calls]<UL><LI><a href="#[14f]">&gt;&gt;</a>&nbsp;&nbsp;&nbsp;__rt_locale
</UL>
<BR>[Called By]<UL><LI><a href="#[1da]">&gt;&gt;</a>&nbsp;&nbsp;&nbsp;_setlocale_r
<LI><a href="#[1e6]">&gt;&gt;</a>&nbsp;&nbsp;&nbsp;_set_locale_byname
<LI><a href="#[1e7]">&gt;&gt;</a>&nbsp;&nbsp;&nbsp;_set_locale_mixed
</UL>

<P><STRONG><a name="[1e7]"></a>_set_locale_mixed</STRONG> (Thumb, 98 bytes, Stack size 24 bytes, D:\Keil5\ARM\ARMCC\Bin\..\lib\armlib\c_w.l(locale_r.o)(.text), UNUSED)
<BR><BR>[Calls]<UL><LI><a href="#[1e5]">&gt;&gt;</a>&nbsp;&nbsp;&nbsp;_locale_name
<LI><a href="#[14f]">&gt;&gt;</a>&nbsp;&nbsp;&nbsp;__rt_locale
</UL>

<P><STRONG><a name="[1e6]"></a>_set_locale_byname</STRONG> (Thumb, 152 bytes, Stack size 24 bytes, D:\Keil5\ARM\ARMCC\Bin\..\lib\armlib\c_w.l(locale_r.o)(.text))
<BR><BR>[Stack]<UL><LI>Max Depth = 40<LI>Call Chain = _set_locale_byname &rArr; _locale_name
</UL>
<BR>[Calls]<UL><LI><a href="#[87]">&gt;&gt;</a>&nbsp;&nbsp;&nbsp;_get_lc_ctype
<LI><a href="#[1e5]">&gt;&gt;</a>&nbsp;&nbsp;&nbsp;_locale_name
<LI><a href="#[152]">&gt;&gt;</a>&nbsp;&nbsp;&nbsp;_get_lc_numeric
<LI><a href="#[14f]">&gt;&gt;</a>&nbsp;&nbsp;&nbsp;__rt_locale
</UL>
<BR>[Called By]<UL><LI><a href="#[1da]">&gt;&gt;</a>&nbsp;&nbsp;&nbsp;_setlocale_r
</UL>
<P>
<H3>
Undefined Global Symbols
</H3><HR></body></html>
